Archive member included because of file (symbol)

/usr/local/yagarto-4.7.2/bin/../lib/gcc/arm-none-eabi/4.7.2/../../../../arm-none-eabi/lib/libm.a(lib_a-w_exp.o)
                              /var/folders/f8/7rbmd4jd4ngf0xhctv_zqp140000gn/T//ccEJffrr.o (exp)
/usr/local/yagarto-4.7.2/bin/../lib/gcc/arm-none-eabi/4.7.2/../../../../arm-none-eabi/lib/libm.a(lib_a-w_sqrt.o)
                              /var/folders/f8/7rbmd4jd4ngf0xhctv_zqp140000gn/T//ccEJffrr.o (sqrt)
/usr/local/yagarto-4.7.2/bin/../lib/gcc/arm-none-eabi/4.7.2/../../../../arm-none-eabi/lib/libm.a(lib_a-e_exp.o)
                              /usr/local/yagarto-4.7.2/bin/../lib/gcc/arm-none-eabi/4.7.2/../../../../arm-none-eabi/lib/libm.a(lib_a-w_exp.o) (__ieee754_exp)
/usr/local/yagarto-4.7.2/bin/../lib/gcc/arm-none-eabi/4.7.2/../../../../arm-none-eabi/lib/libm.a(lib_a-e_sqrt.o)
                              /usr/local/yagarto-4.7.2/bin/../lib/gcc/arm-none-eabi/4.7.2/../../../../arm-none-eabi/lib/libm.a(lib_a-w_sqrt.o) (__ieee754_sqrt)
/usr/local/yagarto-4.7.2/bin/../lib/gcc/arm-none-eabi/4.7.2/../../../../arm-none-eabi/lib/libm.a(lib_a-s_finite.o)
                              /usr/local/yagarto-4.7.2/bin/../lib/gcc/arm-none-eabi/4.7.2/../../../../arm-none-eabi/lib/libm.a(lib_a-w_exp.o) (finite)
/usr/local/yagarto-4.7.2/bin/../lib/gcc/arm-none-eabi/4.7.2/../../../../arm-none-eabi/lib/libm.a(lib_a-s_fpclassify.o)
                              /usr/local/yagarto-4.7.2/bin/../lib/gcc/arm-none-eabi/4.7.2/../../../../arm-none-eabi/lib/libm.a(lib_a-w_sqrt.o) (__fpclassifyd)
/usr/local/yagarto-4.7.2/bin/../lib/gcc/arm-none-eabi/4.7.2/../../../../arm-none-eabi/lib/libm.a(lib_a-s_lib_ver.o)
                              /usr/local/yagarto-4.7.2/bin/../lib/gcc/arm-none-eabi/4.7.2/../../../../arm-none-eabi/lib/libm.a(lib_a-w_exp.o) (__fdlib_version)
/usr/local/yagarto-4.7.2/bin/../lib/gcc/arm-none-eabi/4.7.2/../../../../arm-none-eabi/lib/libm.a(lib_a-s_matherr.o)
                              /usr/local/yagarto-4.7.2/bin/../lib/gcc/arm-none-eabi/4.7.2/../../../../arm-none-eabi/lib/libm.a(lib_a-w_exp.o) (matherr)
/usr/local/yagarto-4.7.2/bin/../lib/gcc/arm-none-eabi/4.7.2/../../../../arm-none-eabi/lib/libc.a(lib_a-errno.o)
                              /usr/local/yagarto-4.7.2/bin/../lib/gcc/arm-none-eabi/4.7.2/../../../../arm-none-eabi/lib/libm.a(lib_a-w_exp.o) (__errno)
/usr/local/yagarto-4.7.2/bin/../lib/gcc/arm-none-eabi/4.7.2/../../../../arm-none-eabi/lib/libc.a(lib_a-exit.o)
                              /var/folders/f8/7rbmd4jd4ngf0xhctv_zqp140000gn/T//ccEJffrr.o (exit)
/usr/local/yagarto-4.7.2/bin/../lib/gcc/arm-none-eabi/4.7.2/../../../../arm-none-eabi/lib/libc.a(lib_a-fclose.o)
                              /var/folders/f8/7rbmd4jd4ngf0xhctv_zqp140000gn/T//ccEJffrr.o (fclose)
/usr/local/yagarto-4.7.2/bin/../lib/gcc/arm-none-eabi/4.7.2/../../../../arm-none-eabi/lib/libc.a(lib_a-fflush.o)
                              /usr/local/yagarto-4.7.2/bin/../lib/gcc/arm-none-eabi/4.7.2/../../../../arm-none-eabi/lib/libc.a(lib_a-fclose.o) (_fflush_r)
/usr/local/yagarto-4.7.2/bin/../lib/gcc/arm-none-eabi/4.7.2/../../../../arm-none-eabi/lib/libc.a(lib_a-fgetc.o)
                              /var/folders/f8/7rbmd4jd4ngf0xhctv_zqp140000gn/T//ccEJffrr.o (fgetc)
/usr/local/yagarto-4.7.2/bin/../lib/gcc/arm-none-eabi/4.7.2/../../../../arm-none-eabi/lib/libc.a(lib_a-fgets.o)
                              /var/folders/f8/7rbmd4jd4ngf0xhctv_zqp140000gn/T//ccEJffrr.o (fgets)
/usr/local/yagarto-4.7.2/bin/../lib/gcc/arm-none-eabi/4.7.2/../../../../arm-none-eabi/lib/libc.a(lib_a-findfp.o)
                              /usr/local/yagarto-4.7.2/bin/../lib/gcc/arm-none-eabi/4.7.2/../../../../arm-none-eabi/lib/libc.a(lib_a-fclose.o) (__sinit)
/usr/local/yagarto-4.7.2/bin/../lib/gcc/arm-none-eabi/4.7.2/../../../../arm-none-eabi/lib/libc.a(lib_a-fopen.o)
                              /var/folders/f8/7rbmd4jd4ngf0xhctv_zqp140000gn/T//ccEJffrr.o (fopen)
/usr/local/yagarto-4.7.2/bin/../lib/gcc/arm-none-eabi/4.7.2/../../../../arm-none-eabi/lib/libc.a(lib_a-fprintf.o)
                              /var/folders/f8/7rbmd4jd4ngf0xhctv_zqp140000gn/T//ccEJffrr.o (fprintf)
/usr/local/yagarto-4.7.2/bin/../lib/gcc/arm-none-eabi/4.7.2/../../../../arm-none-eabi/lib/libc.a(lib_a-fread.o)
                              /var/folders/f8/7rbmd4jd4ngf0xhctv_zqp140000gn/T//ccEJffrr.o (fread)
/usr/local/yagarto-4.7.2/bin/../lib/gcc/arm-none-eabi/4.7.2/../../../../arm-none-eabi/lib/libc.a(lib_a-freer.o)
                              /usr/local/yagarto-4.7.2/bin/../lib/gcc/arm-none-eabi/4.7.2/../../../../arm-none-eabi/lib/libc.a(lib_a-fclose.o) (_free_r)
/usr/local/yagarto-4.7.2/bin/../lib/gcc/arm-none-eabi/4.7.2/../../../../arm-none-eabi/lib/libc.a(lib_a-fseek.o)
                              /usr/local/yagarto-4.7.2/bin/../lib/gcc/arm-none-eabi/4.7.2/../../../../arm-none-eabi/lib/libc.a(lib_a-fopen.o) (_fseek_r)
[...]
Memory Configuration

Name             Origin             Length             Attributes
external_ram     0x0000000081000000 0x0000000000a00000
*default*        0x0000000000000000 0xffffffffffffffff

Linker script and memory map

LOAD /var/folders/f8/7rbmd4jd4ngf0xhctv_zqp140000gn/T//ccEJffrr.o
LOAD /var/folders/f8/7rbmd4jd4ngf0xhctv_zqp140000gn/T//ccRuVDGP.o
LOAD /usr/local/yagarto-4.7.2/bin/../lib/gcc/arm-none-eabi/4.7.2/../../../../arm-none-eabi/lib/libm.a
LOAD /usr/local/yagarto-4.7.2/bin/../lib/gcc/arm-none-eabi/4.7.2/../../../../arm-none-eabi/lib/libc.a
LOAD /usr/local/yagarto-4.7.2/bin/../lib/gcc/arm-none-eabi/4.7.2/libgcc.a

.text           0x0000000081000000    0x12364
 *(.init)
                0x0000000081000000                . = ALIGN (0x4)
 *(.text)
 .text          0x0000000081000000     0x6520 /var/folders/f8/7rbmd4jd4ngf0xhctv_zqp140000gn/T//ccEJffrr.o
                0x0000000081000000                usage
                0x00000000810000a8                getint
                0x00000000810001ec                get_image
                0x0000000081000310                put_image
                0x00000000810003f8                int_to_uchar
                0x000000008100046c                setup_brightness_lut
                0x0000000081000574                susan_principle
                0x0000000081000ac4                susan_principle_small
                0x0000000081000c70                median
                0x0000000081000d2c                enlarge
                0x0000000081000eb0                susan_smoothing
                0x0000000081001474                edge_draw
                0x0000000081001560                susan_thin
                0x0000000081001f9c                susan_edges
                0x0000000081003640                susan_edges_small
                0x0000000081003df4                corner_draw
                0x0000000081003ea4                susan_corners
                0x0000000081005334                susan_corners_quick
 .text          0x0000000081006520       0xbc /var/folders/f8/7rbmd4jd4ngf0xhctv_zqp140000gn/T//ccRuVDGP.o
                0x0000000081006520                writechar
                0x0000000081006530                _open
                0x0000000081006534                _close
                0x000000008100653c                _writeToFile
                0x0000000081006540                _write
                0x0000000081006588                _read
                0x000000008100658c                _fstat
                0x000000008100659c                _lseek
                0x00000000810065a4                _sbrk
                0x00000000810065d0                _isatty
                0x00000000810065d8                _exit
 *fill*         0x00000000810065dc        0x4 
 .text          0x00000000810065e0      0x190 /usr/local/yagarto-4.7.2/bin/../lib/gcc/arm-none-eabi/4.7.2/../../../../arm-none-eabi/lib/libm.a(lib_a-w_exp.o)
                0x00000000810065e0                exp
 .text          0x0000000081006770      0x128 /usr/local/yagarto-4.7.2/bin/../lib/gcc/arm-none-eabi/4.7.2/../../../../arm-none-eabi/lib/libm.a(lib_a-w_sqrt.o)
                0x0000000081006770                sqrt
 .text          0x0000000081006898      0x438 /usr/local/yagarto-4.7.2/bin/../lib/gcc/arm-none-eabi/4.7.2/../../../../arm-none-eabi/lib/libm.a(lib_a-e_exp.o)
                0x0000000081006898                __ieee754_exp
 .text          0x0000000081006cd0      0x23c /usr/local/yagarto-4.7.2/bin/../lib/gcc/arm-none-eabi/4.7.2/../../../../arm-none-eabi/lib/libm.a(lib_a-e_sqrt.o)
                0x0000000081006cd0                __ieee754_sqrt
 .text          0x0000000081006f0c       0x10 /usr/local/yagarto-4.7.2/bin/../lib/gcc/arm-none-eabi/4.7.2/../../../../arm-none-eabi/lib/libm.a(lib_a-s_finite.o)
                0x0000000081006f0c                finite
 .text          0x0000000081006f1c       0x6c /usr/local/yagarto-4.7.2/bin/../lib/gcc/arm-none-eabi/4.7.2/../../../../arm-none-eabi/lib/libm.a(lib_a-s_fpclassify.o)
                0x0000000081006f1c                __fpclassifyd
 .text          0x0000000081006f88        0x0 /usr/local/yagarto-4.7.2/bin/../lib/gcc/arm-none-eabi/4.7.2/../../../../arm-none-eabi/lib/libm.a(lib_a-s_lib_ver.o)
 .text          0x0000000081006f88        0x8 /usr/local/yagarto-4.7.2/bin/../lib/gcc/arm-none-eabi/4.7.2/../../../../arm-none-eabi/lib/libm.a(lib_a-s_matherr.o)
                0x0000000081006f88                matherr
 .text          0x0000000081006f90       0x10 /usr/local/yagarto-4.7.2/bin/../lib/gcc/arm-none-eabi/4.7.2/../../../../arm-none-eabi/lib/libc.a(lib_a-errno.o)
                0x0000000081006f90                __errno
 .text          0x0000000081006fa0       0x34 /usr/local/yagarto-4.7.2/bin/../lib/gcc/arm-none-eabi/4.7.2/../../../../arm-none-eabi/lib/libc.a(lib_a-exit.o)
                0x0000000081006fa0                exit
 .text          0x0000000081006fd4      0x100 /usr/local/yagarto-4.7.2/bin/../lib/gcc/arm-none-eabi/4.7.2/../../../../arm-none-eabi/lib/libc.a(lib_a-fclose.o)
                0x0000000081006fd4                _fclose_r
                0x00000000810070c0                fclose
 .text          0x00000000810070d4      0x2c4 /usr/local/yagarto-4.7.2/bin/../lib/gcc/arm-none-eabi/4.7.2/../../../../arm-none-eabi/lib/libc.a(lib_a-fflush.o)
                0x00000000810070d4                __sflush_r
                0x0000000081007304                _fflush_r
                0x0000000081007358                fflush
 .text          0x0000000081007398       0xc8 /usr/local/yagarto-4.7.2/bin/../lib/gcc/arm-none-eabi/4.7.2/../../../../arm-none-eabi/lib/libc.a(lib_a-fgetc.o)
                0x0000000081007398                _fgetc_r
                0x00000000810073f4                fgetc
 .text          0x0000000081007460      0x138 /usr/local/yagarto-4.7.2/bin/../lib/gcc/arm-none-eabi/4.7.2/../../../../arm-none-eabi/lib/libc.a(lib_a-fgets.o)
                0x0000000081007460                _fgets_r
                0x000000008100756c                fgets
 .text          0x0000000081007598      0x2c4 /usr/local/yagarto-4.7.2/bin/../lib/gcc/arm-none-eabi/4.7.2/../../../../arm-none-eabi/lib/libc.a(lib_a-findfp.o)
                0x00000000810075a8                _cleanup_r
                0x000000008100763c                __sfmoreglue
                0x0000000081007684                _cleanup
                0x0000000081007694                __sinit
                0x000000008100770c                __sfp
                0x0000000081007804                __sfp_lock_acquire
                0x0000000081007808                __sfp_lock_release
                0x000000008100780c                __sinit_lock_acquire
                0x0000000081007810                __sinit_lock_release
                0x0000000081007814                __fp_lock_all
                0x0000000081007838                __fp_unlock_all
 .text          0x000000008100785c       0xfc /usr/local/yagarto-4.7.2/bin/../lib/gcc/arm-none-eabi/4.7.2/../../../../arm-none-eabi/lib/libc.a(lib_a-fopen.o)
                0x000000008100785c                _fopen_r
                0x000000008100793c                fopen
 .text          0x0000000081007958       0x70 /usr/local/yagarto-4.7.2/bin/../lib/gcc/arm-none-eabi/4.7.2/../../../../arm-none-eabi/lib/libc.a(lib_a-fprintf.o)
                0x0000000081007958                _fprintf_r
                0x0000000081007988                fprintf
 .text          0x00000000810079c8      0x240 /usr/local/yagarto-4.7.2/bin/../lib/gcc/arm-none-eabi/4.7.2/../../../../arm-none-eabi/lib/libc.a(lib_a-fread.o)
                0x00000000810079c8                _fread_r
                0x0000000081007bc4                fread
 .text          0x0000000081007c08      0x368 /usr/local/yagarto-4.7.2/bin/../lib/gcc/arm-none-eabi/4.7.2/../../../../arm-none-eabi/lib/libc.a(lib_a-freer.o)
                0x0000000081007c08                _malloc_trim_r
                0x0000000081007d04                _free_r
 .text          0x0000000081007f70      0x48c /usr/local/yagarto-4.7.2/bin/../lib/gcc/arm-none-eabi/4.7.2/../../../../arm-none-eabi/lib/libc.a(lib_a-fseek.o)
                0x0000000081007f70                _fseek_r
                0x00000000810083d0                fseek
 .text          0x00000000810083fc       0x40 /usr/local/yagarto-4.7.2/bin/../lib/gcc/arm-none-eabi/4.7.2/../../../../arm-none-eabi/lib/libc.a(lib_a-fstatr.o)
                0x00000000810083fc                _fstat_r
 .text          0x000000008100843c      0x110 /usr/local/yagarto-4.7.2/bin/../lib/gcc/arm-none-eabi/4.7.2/../../../../arm-none-eabi/lib/libc.a(lib_a-fwalk.o)
                0x000000008100843c                _fwalk
                0x00000000810084c0                _fwalk_reent
 .text          0x000000008100854c       0xe8 /usr/local/yagarto-4.7.2/bin/../lib/gcc/arm-none-eabi/4.7.2/../../../../arm-none-eabi/lib/libc.a(lib_a-fwrite.o)
                0x000000008100854c                _fwrite_r
                0x00000000810085f0                fwrite
 .text          0x0000000081008634        0x0 /usr/local/yagarto-4.7.2/bin/../lib/gcc/arm-none-eabi/4.7.2/../../../../arm-none-eabi/lib/libc.a(lib_a-impure.o)
 .text          0x0000000081008634      0x15c /usr/local/yagarto-4.7.2/bin/../lib/gcc/arm-none-eabi/4.7.2/../../../../arm-none-eabi/lib/libc.a(lib_a-makebuf.o)
                0x0000000081008634                __smakebuf_r
 .text          0x0000000081008790       0x40 /usr/local/yagarto-4.7.2/bin/../lib/gcc/arm-none-eabi/4.7.2/../../../../arm-none-eabi/lib/libc.a(lib_a-malloc.o)
                0x0000000081008790                malloc
                0x00000000810087b0                free
 .text          0x00000000810087d0      0x71c /usr/local/yagarto-4.7.2/bin/../lib/gcc/arm-none-eabi/4.7.2/../../../../arm-none-eabi/lib/libc.a(lib_a-mallocr.o)
                0x00000000810087d0                _malloc_r
 .text          0x0000000081008eec      0x11c /usr/local/yagarto-4.7.2/bin/../lib/gcc/arm-none-eabi/4.7.2/../../../../arm-none-eabi/lib/libc.a(lib_a-memchr-stub.o)
                0x0000000081008eec                memchr
 .text          0x0000000081009008       0xf4 /usr/local/yagarto-4.7.2/bin/../lib/gcc/arm-none-eabi/4.7.2/../../../../arm-none-eabi/lib/libc.a(lib_a-memcpy-stub.o)
                0x0000000081009008                memcpy
 .text          0x00000000810090fc       0xf8 /usr/local/yagarto-4.7.2/bin/../lib/gcc/arm-none-eabi/4.7.2/../../../../arm-none-eabi/lib/libc.a(lib_a-memset.o)
                0x00000000810090fc                memset
 .text          0x00000000810091f4        0x8 /usr/local/yagarto-4.7.2/bin/../lib/gcc/arm-none-eabi/4.7.2/../../../../arm-none-eabi/lib/libc.a(lib_a-mlock.o)
                0x00000000810091f4                __malloc_lock
                0x00000000810091f8                __malloc_unlock
 .text          0x00000000810091fc       0x44 /usr/local/yagarto-4.7.2/bin/../lib/gcc/arm-none-eabi/4.7.2/../../../../arm-none-eabi/lib/libc.a(lib_a-openr.o)
                0x00000000810091fc                _open_r
 .text          0x0000000081009240       0x74 /usr/local/yagarto-4.7.2/bin/../lib/gcc/arm-none-eabi/4.7.2/../../../../arm-none-eabi/lib/libc.a(lib_a-printf.o)
                0x0000000081009240                _printf_r
                0x0000000081009274                printf
 .text          0x00000000810092b4       0xb8 /usr/local/yagarto-4.7.2/bin/../lib/gcc/arm-none-eabi/4.7.2/../../../../arm-none-eabi/lib/libc.a(lib_a-puts.o)
                0x00000000810092b4                _puts_r
                0x0000000081009358                puts
 .text          0x000000008100936c      0x19c /usr/local/yagarto-4.7.2/bin/../lib/gcc/arm-none-eabi/4.7.2/../../../../arm-none-eabi/lib/libc.a(lib_a-reent.o)
                0x000000008100936c                cleanup_glue
                0x0000000081009398                _reclaim_reent
                0x0000000081009494                _wrapup_reent
 .text          0x0000000081009508      0x1f0 /usr/local/yagarto-4.7.2/bin/../lib/gcc/arm-none-eabi/4.7.2/../../../../arm-none-eabi/lib/libc.a(lib_a-refill.o)
                0x0000000081009530                __srefill_r
 .text          0x00000000810096f8       0x6c /usr/local/yagarto-4.7.2/bin/../lib/gcc/arm-none-eabi/4.7.2/../../../../arm-none-eabi/lib/libc.a(lib_a-rget.o)
                0x00000000810096f8                __srget_r
                0x0000000081009750                __srget
 .text          0x0000000081009764       0x40 /usr/local/yagarto-4.7.2/bin/../lib/gcc/arm-none-eabi/4.7.2/../../../../arm-none-eabi/lib/libc.a(lib_a-sbrkr.o)
                0x0000000081009764                _sbrk_r
 .text          0x00000000810097a4       0xdc /usr/local/yagarto-4.7.2/bin/../lib/gcc/arm-none-eabi/4.7.2/../../../../arm-none-eabi/lib/libc.a(lib_a-stdio.o)
                0x00000000810097a4                __sread
                0x00000000810097d8                __seofread
                0x00000000810097e0                __swrite
                0x0000000081009838                __sseek
                0x000000008100986c                __sclose
 .text          0x0000000081009880       0x60 /usr/local/yagarto-4.7.2/bin/../lib/gcc/arm-none-eabi/4.7.2/../../../../arm-none-eabi/lib/libc.a(lib_a-strlen.o)
                0x0000000081009880                strlen
 .text          0x00000000810098e0     0x1f2c /usr/local/yagarto-4.7.2/bin/../lib/gcc/arm-none-eabi/4.7.2/../../../../arm-none-eabi/lib/libc.a(lib_a-vfprintf.o)
                0x00000000810098e0                _vfprintf_r
                0x000000008100b7e0                vfprintf
 .text          0x000000008100b80c       0x44 /usr/local/yagarto-4.7.2/bin/../lib/gcc/arm-none-eabi/4.7.2/../../../../arm-none-eabi/lib/libc.a(lib_a-writer.o)
                0x000000008100b80c                _write_r
 .text          0x000000008100b850      0x15c /usr/local/yagarto-4.7.2/bin/../lib/gcc/arm-none-eabi/4.7.2/../../../../arm-none-eabi/lib/libc.a(lib_a-wsetup.o)
                0x000000008100b850                __swsetup_r
 .text          0x000000008100b9ac      0x17c /usr/local/yagarto-4.7.2/bin/../lib/gcc/arm-none-eabi/4.7.2/../../../../arm-none-eabi/lib/libc.a(lib_a-__call_atexit.o)
                0x000000008100b9ac                __call_exitprocs
 .text          0x000000008100bb28       0x3c /usr/local/yagarto-4.7.2/bin/../lib/gcc/arm-none-eabi/4.7.2/../../../../arm-none-eabi/lib/libc.a(lib_a-closer.o)
                0x000000008100bb28                _close_r
 *fill*         0x000000008100bb64        0x4 
 .text          0x000000008100bb68     0x1878 /usr/local/yagarto-4.7.2/bin/../lib/gcc/arm-none-eabi/4.7.2/../../../../arm-none-eabi/lib/libc.a(lib_a-dtoa.o)
                0x000000008100bd48                _dtoa_r
 .text          0x000000008100d3e0       0xc0 /usr/local/yagarto-4.7.2/bin/../lib/gcc/arm-none-eabi/4.7.2/../../../../arm-none-eabi/lib/libc.a(lib_a-flags.o)
                0x000000008100d3e0                __sflags
 .text          0x000000008100d4a0      0x4c0 /usr/local/yagarto-4.7.2/bin/../lib/gcc/arm-none-eabi/4.7.2/../../../../arm-none-eabi/lib/libc.a(lib_a-fvwrite.o)
                0x000000008100d4a0                __sfvwrite_r
 .text          0x000000008100d960       0x3c /usr/local/yagarto-4.7.2/bin/../lib/gcc/arm-none-eabi/4.7.2/../../../../arm-none-eabi/lib/libc.a(lib_a-isattyr.o)
                0x000000008100d960                _isatty_r
 .text          0x000000008100d99c       0xd0 /usr/local/yagarto-4.7.2/bin/../lib/gcc/arm-none-eabi/4.7.2/../../../../arm-none-eabi/lib/libc.a(lib_a-locale.o)
                0x000000008100d99c                _setlocale_r
                0x000000008100da08                __locale_charset
                0x000000008100da14                __locale_mb_cur_max
                0x000000008100da24                __locale_msgcharset
                0x000000008100da30                __locale_cjk_lang
                0x000000008100da38                _localeconv_r
                0x000000008100da44                setlocale
                0x000000008100da60                localeconv
 .text          0x000000008100da6c       0x44 /usr/local/yagarto-4.7.2/bin/../lib/gcc/arm-none-eabi/4.7.2/../../../../arm-none-eabi/lib/libc.a(lib_a-lseekr.o)
                0x000000008100da6c                _lseek_r
 .text          0x000000008100dab0      0x134 /usr/local/yagarto-4.7.2/bin/../lib/gcc/arm-none-eabi/4.7.2/../../../../arm-none-eabi/lib/libc.a(lib_a-memmove.o)
                0x000000008100dab0                memmove
 .text          0x000000008100dbe4      0xd20 /usr/local/yagarto-4.7.2/bin/../lib/gcc/arm-none-eabi/4.7.2/../../../../arm-none-eabi/lib/libc.a(lib_a-mprec.o)
                0x000000008100dbe4                _Balloc
                0x000000008100dc70                _Bfree
                0x000000008100dc8c                __multadd
                0x000000008100dd68                __s2b
                0x000000008100de58                __hi0bits
                0x000000008100dea8                __lo0bits
                0x000000008100df3c                __i2b
                0x000000008100df60                __multiply
                0x000000008100e144                __pow5mult
                0x000000008100e238                __lshift
                0x000000008100e33c                __mcmp
                0x000000008100e3a0                __mdiff
                0x000000008100e4ec                __ulp
                0x000000008100e550                __b2d
                0x000000008100e61c                __d2b
                0x000000008100e724                __ratio
                0x000000008100e7b4                _mprec_log10
                0x000000008100e808                __copybits
                0x000000008100e87c                __any_on
 .text          0x000000008100e904       0x44 /usr/local/yagarto-4.7.2/bin/../lib/gcc/arm-none-eabi/4.7.2/../../../../arm-none-eabi/lib/libc.a(lib_a-readr.o)
                0x000000008100e904                _read_r
 .text          0x000000008100e948      0x574 /usr/local/yagarto-4.7.2/bin/../lib/gcc/arm-none-eabi/4.7.2/../../../../arm-none-eabi/lib/libc.a(lib_a-reallocr.o)
                0x000000008100e948                _realloc_r
 .text          0x000000008100eebc      0x230 /usr/local/yagarto-4.7.2/bin/../lib/gcc/arm-none-eabi/4.7.2/../../../../arm-none-eabi/lib/libc.a(lib_a-strcmp.o)
                0x000000008100eebc                strcmp
 .text          0x000000008100f0ec     0x1174 /usr/local/yagarto-4.7.2/bin/../lib/gcc/arm-none-eabi/4.7.2/../../../../arm-none-eabi/lib/libc.a(lib_a-vfiprintf.o)
                0x000000008100f0ec                __sprint_r
                0x000000008100f1ac                _vfiprintf_r
                0x0000000081010234                vfiprintf
 .text          0x0000000081010260       0x94 /usr/local/yagarto-4.7.2/bin/../lib/gcc/arm-none-eabi/4.7.2/../../../../arm-none-eabi/lib/libc.a(lib_a-callocr.o)
                0x0000000081010260                _calloc_r
 .text          0x00000000810102f4      0x19c /usr/local/yagarto-4.7.2/bin/../lib/gcc/arm-none-eabi/4.7.2/../../../../arm-none-eabi/lib/libc.a(lib_a-fputwc.o)
                0x00000000810102f4                _fputwc_r
                0x0000000081010444                fputwc
 .text          0x0000000081010490      0x134 /usr/local/yagarto-4.7.2/bin/../lib/gcc/arm-none-eabi/4.7.2/../../../../arm-none-eabi/lib/libc.a(lib_a-wbuf.o)
                0x0000000081010490                __swbuf_r
                0x00000000810105a8                __swbuf
 .text          0x00000000810105c4      0x134 /usr/local/yagarto-4.7.2/bin/../lib/gcc/arm-none-eabi/4.7.2/../../../../arm-none-eabi/lib/libc.a(lib_a-wcrtomb.o)
                0x00000000810105c4                _wcrtomb_r
                0x0000000081010654                wcrtomb
 .text          0x00000000810106f8       0x7c /usr/local/yagarto-4.7.2/bin/../lib/gcc/arm-none-eabi/4.7.2/../../../../arm-none-eabi/lib/libc.a(lib_a-wctomb_r.o)
                0x00000000810106f8                __ascii_wctomb
                0x0000000081010724                _wctomb_r
 .text          0x0000000081010774      0x114 /usr/local/yagarto-4.7.2/bin/../lib/gcc/arm-none-eabi/4.7.2/libgcc.a(_udivsi3.o)
                0x0000000081010774                __udivsi3
                0x0000000081010774                __aeabi_uidiv
                0x0000000081010868                __aeabi_uidivmod
 .text          0x0000000081010888      0x148 /usr/local/yagarto-4.7.2/bin/../lib/gcc/arm-none-eabi/4.7.2/libgcc.a(_divsi3.o)
                0x0000000081010888                __aeabi_idiv
                0x0000000081010888                __divsi3
                0x00000000810109b0                __aeabi_idivmod
 .text          0x00000000810109d0        0x4 /usr/local/yagarto-4.7.2/bin/../lib/gcc/arm-none-eabi/4.7.2/libgcc.a(_dvmd_tls.o)
                0x00000000810109d0                __aeabi_ldiv0
                0x00000000810109d0                __aeabi_idiv0
 .text          0x00000000810109d4      0x41c /usr/local/yagarto-4.7.2/bin/../lib/gcc/arm-none-eabi/4.7.2/libgcc.a(_arm_addsubdf3.o)
                0x00000000810109d4                __aeabi_drsub
                0x00000000810109dc                __subdf3
                0x00000000810109dc                __aeabi_dsub
                0x00000000810109e0                __aeabi_dadd
                0x00000000810109e0                __adddf3
                0x0000000081010cf0                __aeabi_ui2d
                0x0000000081010cf0                __floatunsidf
                0x0000000081010d14                __floatsidf
                0x0000000081010d14                __aeabi_i2d
                0x0000000081010d3c                __extendsfdf2
                0x0000000081010d3c                __aeabi_f2d
                0x0000000081010d7c                __aeabi_ul2d
                0x0000000081010d7c                __floatundidf
                0x0000000081010d90                __aeabi_l2d
                0x0000000081010d90                __floatdidf
 .text          0x0000000081010df0      0x49c /usr/local/yagarto-4.7.2/bin/../lib/gcc/arm-none-eabi/4.7.2/libgcc.a(_arm_muldivdf3.o)
                0x0000000081010df0                __aeabi_dmul
                0x0000000081010df0                __muldf3
                0x0000000081011080                __aeabi_ddiv
                0x0000000081011080                __divdf3
 .text          0x000000008101128c      0x144 /usr/local/yagarto-4.7.2/bin/../lib/gcc/arm-none-eabi/4.7.2/libgcc.a(_arm_cmpdf2.o)
                0x000000008101128c                __gtdf2
                0x000000008101128c                __gedf2
                0x0000000081011294                __ltdf2
                0x0000000081011294                __ledf2
                0x000000008101129c                __eqdf2
                0x000000008101129c                __nedf2
                0x000000008101129c                __cmpdf2
                0x0000000081011324                __aeabi_cdrcmple
                0x0000000081011340                __aeabi_cdcmple
                0x0000000081011340                __aeabi_cdcmpeq
                0x0000000081011358                __aeabi_dcmpeq
                0x0000000081011370                __aeabi_dcmplt
                0x0000000081011388                __aeabi_dcmple
                0x00000000810113a0                __aeabi_dcmpge
                0x00000000810113b8                __aeabi_dcmpgt
 .text          0x00000000810113d0       0x5c /usr/local/yagarto-4.7.2/bin/../lib/gcc/arm-none-eabi/4.7.2/libgcc.a(_arm_fixdfsi.o)
                0x00000000810113d0                __fixdfsi
                0x00000000810113d0                __aeabi_d2iz
 .text          0x000000008101142c       0xa0 /usr/local/yagarto-4.7.2/bin/../lib/gcc/arm-none-eabi/4.7.2/libgcc.a(_arm_truncdfsf2.o)
                0x000000008101142c                __aeabi_d2f
                0x000000008101142c                __truncdfsf2
 .text          0x00000000810114cc      0x2ac /usr/local/yagarto-4.7.2/bin/../lib/gcc/arm-none-eabi/4.7.2/libgcc.a(_arm_addsubsf3.o)
                0x00000000810114cc                __aeabi_frsub
                0x00000000810114d4                __aeabi_fsub
                0x00000000810114d4                __subsf3
                0x00000000810114d8                __aeabi_fadd
                0x00000000810114d8                __addsf3
                0x0000000081011694                __aeabi_ui2f
                0x0000000081011694                __floatunsisf
                0x000000008101169c                __floatsisf
                0x000000008101169c                __aeabi_i2f
                0x00000000810116bc                __aeabi_ul2f
                0x00000000810116bc                __floatundisf
                0x00000000810116cc                __aeabi_l2f
                0x00000000810116cc                __floatdisf
 .text          0x0000000081011778      0x2f8 /usr/local/yagarto-4.7.2/bin/../lib/gcc/arm-none-eabi/4.7.2/libgcc.a(_arm_muldivsf3.o)
                0x0000000081011778                __mulsf3
                0x0000000081011778                __aeabi_fmul
                0x0000000081011910                __divsf3
                0x0000000081011910                __aeabi_fdiv
 .text          0x0000000081011a70      0x114 /usr/local/yagarto-4.7.2/bin/../lib/gcc/arm-none-eabi/4.7.2/libgcc.a(_arm_cmpsf2.o)
                0x0000000081011a70                __gesf2
                0x0000000081011a70                __gtsf2
                0x0000000081011a78                __ltsf2
                0x0000000081011a78                __lesf2
                0x0000000081011a80                __nesf2
                0x0000000081011a80                __eqsf2
                0x0000000081011a80                __cmpsf2
                0x0000000081011ae4                __aeabi_cfrcmple
                0x0000000081011af4                __aeabi_cfcmpeq
                0x0000000081011af4                __aeabi_cfcmple
                0x0000000081011b0c                __aeabi_fcmpeq
                0x0000000081011b24                __aeabi_fcmplt
                0x0000000081011b3c                __aeabi_fcmple
                0x0000000081011b54                __aeabi_fcmpge
                0x0000000081011b6c                __aeabi_fcmpgt
 .text          0x0000000081011b84       0x54 /usr/local/yagarto-4.7.2/bin/../lib/gcc/arm-none-eabi/4.7.2/libgcc.a(_arm_fixunssfsi.o)
                0x0000000081011b84                __aeabi_f2uiz
                0x0000000081011b84                __fixunssfsi
 .text          0x0000000081011bd8       0x38 ./internal/arm/crt0.o
                0x0000000081011bdc                _entryPoint
                0x0000000081011c04                shouldNotHappen
                0x0000000081011c10                . = ALIGN (0x4)
 *(.rodata)
 .rodata        0x0000000081011c10       0x30 /usr/local/yagarto-4.7.2/bin/../lib/gcc/arm-none-eabi/4.7.2/../../../../arm-none-eabi/lib/libm.a(lib_a-e_exp.o)
 .rodata        0x0000000081011c40        0x4 /usr/local/yagarto-4.7.2/bin/../lib/gcc/arm-none-eabi/4.7.2/../../../../arm-none-eabi/lib/libc.a(lib_a-impure.o)
                0x0000000081011c40                _global_impure_ptr
 .rodata        0x0000000081011c44       0x20 /usr/local/yagarto-4.7.2/bin/../lib/gcc/arm-none-eabi/4.7.2/../../../../arm-none-eabi/lib/libc.a(lib_a-vfprintf.o)
 *fill*         0x0000000081011c64        0x4 
 .rodata        0x0000000081011c68      0x128 /usr/local/yagarto-4.7.2/bin/../lib/gcc/arm-none-eabi/4.7.2/../../../../arm-none-eabi/lib/libc.a(lib_a-mprec.o)
                0x0000000081011c78                __mprec_tens
                0x0000000081011d40                __mprec_tinytens
                0x0000000081011d68                __mprec_bigtens
 .rodata        0x0000000081011d90       0x20 /usr/local/yagarto-4.7.2/bin/../lib/gcc/arm-none-eabi/4.7.2/../../../../arm-none-eabi/lib/libc.a(lib_a-vfiprintf.o)
                0x0000000081011db0                . = ALIGN (0x4)
 *(.rodata*)
 .rodata.str1.4
                0x0000000081011db0      0x542 /var/folders/f8/7rbmd4jd4ngf0xhctv_zqp140000gn/T//ccEJffrr.o
                                        0x544 (size before relaxing)
 *fill*         0x00000000810122f2        0x2 
 .rodata.str1.4
                0x00000000810122f4        0x4 /usr/local/yagarto-4.7.2/bin/../lib/gcc/arm-none-eabi/4.7.2/../../../../arm-none-eabi/lib/libm.a(lib_a-w_exp.o)
 .rodata.str1.4
                0x00000000810122f8        0x5 /usr/local/yagarto-4.7.2/bin/../lib/gcc/arm-none-eabi/4.7.2/../../../../arm-none-eabi/lib/libm.a(lib_a-w_sqrt.o)
                                          0x8 (size before relaxing)
 *fill*         0x00000000810122fd        0x3 
 .rodata.str1.4
                0x0000000081012300        0x2 /usr/local/yagarto-4.7.2/bin/../lib/gcc/arm-none-eabi/4.7.2/../../../../arm-none-eabi/lib/libc.a(lib_a-impure.o)
                                          0x4 (size before relaxing)
 .rodata.str1.4
                0x0000000000000000        0x2 /usr/local/yagarto-4.7.2/bin/../lib/gcc/arm-none-eabi/4.7.2/../../../../arm-none-eabi/lib/libc.a(lib_a-puts.o)
                                          0x4 (size before relaxing)
 *fill*         0x0000000081012302        0x2 
 .rodata.str1.4
                0x0000000081012304       0x42 /usr/local/yagarto-4.7.2/bin/../lib/gcc/arm-none-eabi/4.7.2/../../../../arm-none-eabi/lib/libc.a(lib_a-vfprintf.o)
                                         0x44 (size before relaxing)
 *fill*         0x0000000081012346        0x2 
 .rodata.str1.4
                0x0000000081012348       0x10 /usr/local/yagarto-4.7.2/bin/../lib/gcc/arm-none-eabi/4.7.2/../../../../arm-none-eabi/lib/libc.a(lib_a-dtoa.o)
                                         0x14 (size before relaxing)
 .rodata.str1.4
                0x0000000081012358        0xc /usr/local/yagarto-4.7.2/bin/../lib/gcc/arm-none-eabi/4.7.2/../../../../arm-none-eabi/lib/libc.a(lib_a-locale.o)
                                         0x14 (size before relaxing)
 .rodata.str1.4
                0x0000000000000000       0x30 /usr/local/yagarto-4.7.2/bin/../lib/gcc/arm-none-eabi/4.7.2/../../../../arm-none-eabi/lib/libc.a(lib_a-vfiprintf.o)
                0x0000000081012364                . = ALIGN (0x4)
 *(.glue_7t)
 .glue_7t       0x0000000000000000        0x0 linker stubs
                0x0000000081012364                . = ALIGN (0x4)
 *(.glue_7)
 .glue_7        0x0000000000000000        0x0 linker stubs
                0x0000000081012364                . = ALIGN (0x4)
                0x0000000081012364                etext = .

.vfp11_veneer   0x0000000081012364        0x0
 .vfp11_veneer  0x0000000000000000        0x0 linker stubs

.v4_bx          0x0000000081012364        0x0
 .v4_bx         0x0000000000000000        0x0 linker stubs

.text.startup   0x0000000081012364      0x6ec
 .text.startup  0x0000000081012364      0x6ec /var/folders/f8/7rbmd4jd4ngf0xhctv_zqp140000gn/T//ccEJffrr.o
                0x0000000081012364                main

.iplt           0x0000000081012a50        0x0
 .iplt          0x0000000000000000        0x0 /var/folders/f8/7rbmd4jd4ngf0xhctv_zqp140000gn/T//ccEJffrr.o

.rel.dyn        0x0000000081012a50        0x0
 .rel.iplt      0x0000000000000000        0x0 /var/folders/f8/7rbmd4jd4ngf0xhctv_zqp140000gn/T//ccEJffrr.o

.fini

.eh_frame

.ARM.exidx

.init_array

.fini_array

.jcr

.data           0x0000000081012a50      0x8c8
                0x0000000081012a50                __data_start = .
 *(.data)
 .data          0x0000000081012a50        0x0 /var/folders/f8/7rbmd4jd4ngf0xhctv_zqp140000gn/T//ccEJffrr.o
 .data          0x0000000081012a50        0x0 /var/folders/f8/7rbmd4jd4ngf0xhctv_zqp140000gn/T//ccRuVDGP.o
 .data          0x0000000081012a50        0x0 /usr/local/yagarto-4.7.2/bin/../lib/gcc/arm-none-eabi/4.7.2/../../../../arm-none-eabi/lib/libm.a(lib_a-w_exp.o)
 .data          0x0000000081012a50        0x0 /usr/local/yagarto-4.7.2/bin/../lib/gcc/arm-none-eabi/4.7.2/../../../../arm-none-eabi/lib/libm.a(lib_a-w_sqrt.o)
 .data          0x0000000081012a50        0x0 /usr/local/yagarto-4.7.2/bin/../lib/gcc/arm-none-eabi/4.7.2/../../../../arm-none-eabi/lib/libm.a(lib_a-e_exp.o)
 .data          0x0000000081012a50        0x0 /usr/local/yagarto-4.7.2/bin/../lib/gcc/arm-none-eabi/4.7.2/../../../../arm-none-eabi/lib/libm.a(lib_a-e_sqrt.o)
 .data          0x0000000081012a50        0x0 /usr/local/yagarto-4.7.2/bin/../lib/gcc/arm-none-eabi/4.7.2/../../../../arm-none-eabi/lib/libm.a(lib_a-s_finite.o)
 .data          0x0000000081012a50        0x0 /usr/local/yagarto-4.7.2/bin/../lib/gcc/arm-none-eabi/4.7.2/../../../../arm-none-eabi/lib/libm.a(lib_a-s_fpclassify.o)
 .data          0x0000000081012a50        0x1 /usr/local/yagarto-4.7.2/bin/../lib/gcc/arm-none-eabi/4.7.2/../../../../arm-none-eabi/lib/libm.a(lib_a-s_lib_ver.o)
                0x0000000081012a50                __fdlib_version
 .data          0x0000000081012a51        0x0 /usr/local/yagarto-4.7.2/bin/../lib/gcc/arm-none-eabi/4.7.2/../../../../arm-none-eabi/lib/libm.a(lib_a-s_matherr.o)
 .data          0x0000000081012a51        0x0 /usr/local/yagarto-4.7.2/bin/../lib/gcc/arm-none-eabi/4.7.2/../../../../arm-none-eabi/lib/libc.a(lib_a-errno.o)
 .data          0x0000000081012a51        0x0 /usr/local/yagarto-4.7.2/bin/../lib/gcc/arm-none-eabi/4.7.2/../../../../arm-none-eabi/lib/libc.a(lib_a-exit.o)
 .data          0x0000000081012a51        0x0 /usr/local/yagarto-4.7.2/bin/../lib/gcc/arm-none-eabi/4.7.2/../../../../arm-none-eabi/lib/libc.a(lib_a-fclose.o)
 .data          0x0000000081012a51        0x0 /usr/local/yagarto-4.7.2/bin/../lib/gcc/arm-none-eabi/4.7.2/../../../../arm-none-eabi/lib/libc.a(lib_a-fflush.o)
 .data          0x0000000081012a51        0x0 /usr/local/yagarto-4.7.2/bin/../lib/gcc/arm-none-eabi/4.7.2/../../../../arm-none-eabi/lib/libc.a(lib_a-fgetc.o)
 .data          0x0000000081012a51        0x0 /usr/local/yagarto-4.7.2/bin/../lib/gcc/arm-none-eabi/4.7.2/../../../../arm-none-eabi/lib/libc.a(lib_a-fgets.o)
 .data          0x0000000081012a51        0x0 /usr/local/yagarto-4.7.2/bin/../lib/gcc/arm-none-eabi/4.7.2/../../../../arm-none-eabi/lib/libc.a(lib_a-findfp.o)
 .data          0x0000000081012a51        0x0 /usr/local/yagarto-4.7.2/bin/../lib/gcc/arm-none-eabi/4.7.2/../../../../arm-none-eabi/lib/libc.a(lib_a-fopen.o)
 .data          0x0000000081012a51        0x0 /usr/local/yagarto-4.7.2/bin/../lib/gcc/arm-none-eabi/4.7.2/../../../../arm-none-eabi/lib/libc.a(lib_a-fprintf.o)
 .data          0x0000000081012a51        0x0 /usr/local/yagarto-4.7.2/bin/../lib/gcc/arm-none-eabi/4.7.2/../../../../arm-none-eabi/lib/libc.a(lib_a-fread.o)
 .data          0x0000000081012a51        0x0 /usr/local/yagarto-4.7.2/bin/../lib/gcc/arm-none-eabi/4.7.2/../../../../arm-none-eabi/lib/libc.a(lib_a-freer.o)
 .data          0x0000000081012a51        0x0 /usr/local/yagarto-4.7.2/bin/../lib/gcc/arm-none-eabi/4.7.2/../../../../arm-none-eabi/lib/libc.a(lib_a-fseek.o)
 .data          0x0000000081012a51        0x0 /usr/local/yagarto-4.7.2/bin/../lib/gcc/arm-none-eabi/4.7.2/../../../../arm-none-eabi/lib/libc.a(lib_a-fstatr.o)
 .data          0x0000000081012a51        0x0 /usr/local/yagarto-4.7.2/bin/../lib/gcc/arm-none-eabi/4.7.2/../../../../arm-none-eabi/lib/libc.a(lib_a-fwalk.o)
 .data          0x0000000081012a51        0x0 /usr/local/yagarto-4.7.2/bin/../lib/gcc/arm-none-eabi/4.7.2/../../../../arm-none-eabi/lib/libc.a(lib_a-fwrite.o)
 *fill*         0x0000000081012a51        0x7 
 .data          0x0000000081012a58      0x430 /usr/local/yagarto-4.7.2/bin/../lib/gcc/arm-none-eabi/4.7.2/../../../../arm-none-eabi/lib/libc.a(lib_a-impure.o)
                0x0000000081012a58                _impure_ptr
 .data          0x0000000081012e88        0x0 /usr/local/yagarto-4.7.2/bin/../lib/gcc/arm-none-eabi/4.7.2/../../../../arm-none-eabi/lib/libc.a(lib_a-makebuf.o)
 .data          0x0000000081012e88        0x0 /usr/local/yagarto-4.7.2/bin/../lib/gcc/arm-none-eabi/4.7.2/../../../../arm-none-eabi/lib/libc.a(lib_a-malloc.o)
 .data          0x0000000081012e88      0x410 /usr/local/yagarto-4.7.2/bin/../lib/gcc/arm-none-eabi/4.7.2/../../../../arm-none-eabi/lib/libc.a(lib_a-mallocr.o)
                0x0000000081012e88                __malloc_av_
                0x0000000081013290                __malloc_sbrk_base
                0x0000000081013294                __malloc_trim_threshold
 .data          0x0000000081013298        0x0 /usr/local/yagarto-4.7.2/bin/../lib/gcc/arm-none-eabi/4.7.2/../../../../arm-none-eabi/lib/libc.a(lib_a-memchr-stub.o)
 .data          0x0000000081013298        0x0 /usr/local/yagarto-4.7.2/bin/../lib/gcc/arm-none-eabi/4.7.2/../../../../arm-none-eabi/lib/libc.a(lib_a-memcpy-stub.o)
 .data          0x0000000081013298        0x0 /usr/local/yagarto-4.7.2/bin/../lib/gcc/arm-none-eabi/4.7.2/../../../../arm-none-eabi/lib/libc.a(lib_a-memset.o)
 .data          0x0000000081013298        0x0 /usr/local/yagarto-4.7.2/bin/../lib/gcc/arm-none-eabi/4.7.2/../../../../arm-none-eabi/lib/libc.a(lib_a-mlock.o)
 .data          0x0000000081013298        0x0 /usr/local/yagarto-4.7.2/bin/../lib/gcc/arm-none-eabi/4.7.2/../../../../arm-none-eabi/lib/libc.a(lib_a-openr.o)
 .data          0x0000000081013298        0x0 /usr/local/yagarto-4.7.2/bin/../lib/gcc/arm-none-eabi/4.7.2/../../../../arm-none-eabi/lib/libc.a(lib_a-printf.o)
 .data          0x0000000081013298        0x0 /usr/local/yagarto-4.7.2/bin/../lib/gcc/arm-none-eabi/4.7.2/../../../../arm-none-eabi/lib/libc.a(lib_a-puts.o)
 .data          0x0000000081013298        0x0 /usr/local/yagarto-4.7.2/bin/../lib/gcc/arm-none-eabi/4.7.2/../../../../arm-none-eabi/lib/libc.a(lib_a-reent.o)
 .data          0x0000000081013298        0x0 /usr/local/yagarto-4.7.2/bin/../lib/gcc/arm-none-eabi/4.7.2/../../../../arm-none-eabi/lib/libc.a(lib_a-refill.o)
 .data          0x0000000081013298        0x0 /usr/local/yagarto-4.7.2/bin/../lib/gcc/arm-none-eabi/4.7.2/../../../../arm-none-eabi/lib/libc.a(lib_a-rget.o)
 .data          0x0000000081013298        0x0 /usr/local/yagarto-4.7.2/bin/../lib/gcc/arm-none-eabi/4.7.2/../../../../arm-none-eabi/lib/libc.a(lib_a-sbrkr.o)
 .data          0x0000000081013298        0x0 /usr/local/yagarto-4.7.2/bin/../lib/gcc/arm-none-eabi/4.7.2/../../../../arm-none-eabi/lib/libc.a(lib_a-stdio.o)
 .data          0x0000000081013298        0x0 /usr/local/yagarto-4.7.2/bin/../lib/gcc/arm-none-eabi/4.7.2/../../../../arm-none-eabi/lib/libc.a(lib_a-strlen.o)
 .data          0x0000000081013298        0x0 /usr/local/yagarto-4.7.2/bin/../lib/gcc/arm-none-eabi/4.7.2/../../../../arm-none-eabi/lib/libc.a(lib_a-vfprintf.o)
 .data          0x0000000081013298        0x0 /usr/local/yagarto-4.7.2/bin/../lib/gcc/arm-none-eabi/4.7.2/../../../../arm-none-eabi/lib/libc.a(lib_a-writer.o)
 .data          0x0000000081013298        0x0 /usr/local/yagarto-4.7.2/bin/../lib/gcc/arm-none-eabi/4.7.2/../../../../arm-none-eabi/lib/libc.a(lib_a-wsetup.o)
 .data          0x0000000081013298        0x0 /usr/local/yagarto-4.7.2/bin/../lib/gcc/arm-none-eabi/4.7.2/../../../../arm-none-eabi/lib/libc.a(lib_a-__call_atexit.o)
 .data          0x0000000081013298        0x0 /usr/local/yagarto-4.7.2/bin/../lib/gcc/arm-none-eabi/4.7.2/../../../../arm-none-eabi/lib/libc.a(lib_a-closer.o)
 .data          0x0000000081013298        0x0 /usr/local/yagarto-4.7.2/bin/../lib/gcc/arm-none-eabi/4.7.2/../../../../arm-none-eabi/lib/libc.a(lib_a-dtoa.o)
 .data          0x0000000081013298        0x0 /usr/local/yagarto-4.7.2/bin/../lib/gcc/arm-none-eabi/4.7.2/../../../../arm-none-eabi/lib/libc.a(lib_a-flags.o)
 .data          0x0000000081013298        0x0 /usr/local/yagarto-4.7.2/bin/../lib/gcc/arm-none-eabi/4.7.2/../../../../arm-none-eabi/lib/libc.a(lib_a-fvwrite.o)
 .data          0x0000000081013298        0x0 /usr/local/yagarto-4.7.2/bin/../lib/gcc/arm-none-eabi/4.7.2/../../../../arm-none-eabi/lib/libc.a(lib_a-isattyr.o)
 .data          0x0000000081013298       0x7c /usr/local/yagarto-4.7.2/bin/../lib/gcc/arm-none-eabi/4.7.2/../../../../arm-none-eabi/lib/libc.a(lib_a-locale.o)
                0x00000000810132b8                __mb_cur_max
 .data          0x0000000081013314        0x0 /usr/local/yagarto-4.7.2/bin/../lib/gcc/arm-none-eabi/4.7.2/../../../../arm-none-eabi/lib/libc.a(lib_a-lseekr.o)
 .data          0x0000000081013314        0x0 /usr/local/yagarto-4.7.2/bin/../lib/gcc/arm-none-eabi/4.7.2/../../../../arm-none-eabi/lib/libc.a(lib_a-memmove.o)
 .data          0x0000000081013314        0x0 /usr/local/yagarto-4.7.2/bin/../lib/gcc/arm-none-eabi/4.7.2/../../../../arm-none-eabi/lib/libc.a(lib_a-mprec.o)
 .data          0x0000000081013314        0x0 /usr/local/yagarto-4.7.2/bin/../lib/gcc/arm-none-eabi/4.7.2/../../../../arm-none-eabi/lib/libc.a(lib_a-readr.o)
 .data          0x0000000081013314        0x0 /usr/local/yagarto-4.7.2/bin/../lib/gcc/arm-none-eabi/4.7.2/../../../../arm-none-eabi/lib/libc.a(lib_a-reallocr.o)
 .data          0x0000000081013314        0x0 /usr/local/yagarto-4.7.2/bin/../lib/gcc/arm-none-eabi/4.7.2/../../../../arm-none-eabi/lib/libc.a(lib_a-strcmp.o)
 .data          0x0000000081013314        0x0 /usr/local/yagarto-4.7.2/bin/../lib/gcc/arm-none-eabi/4.7.2/../../../../arm-none-eabi/lib/libc.a(lib_a-vfiprintf.o)
 .data          0x0000000081013314        0x0 /usr/local/yagarto-4.7.2/bin/../lib/gcc/arm-none-eabi/4.7.2/../../../../arm-none-eabi/lib/libc.a(lib_a-callocr.o)
 .data          0x0000000081013314        0x0 /usr/local/yagarto-4.7.2/bin/../lib/gcc/arm-none-eabi/4.7.2/../../../../arm-none-eabi/lib/libc.a(lib_a-fputwc.o)
 .data          0x0000000081013314        0x0 /usr/local/yagarto-4.7.2/bin/../lib/gcc/arm-none-eabi/4.7.2/../../../../arm-none-eabi/lib/libc.a(lib_a-wbuf.o)
 .data          0x0000000081013314        0x0 /usr/local/yagarto-4.7.2/bin/../lib/gcc/arm-none-eabi/4.7.2/../../../../arm-none-eabi/lib/libc.a(lib_a-wcrtomb.o)
 .data          0x0000000081013314        0x4 /usr/local/yagarto-4.7.2/bin/../lib/gcc/arm-none-eabi/4.7.2/../../../../arm-none-eabi/lib/libc.a(lib_a-wctomb_r.o)
                0x0000000081013314                __wctomb
 .data          0x0000000081013318        0x0 /usr/local/yagarto-4.7.2/bin/../lib/gcc/arm-none-eabi/4.7.2/libgcc.a(_udivsi3.o)
 .data          0x0000000081013318        0x0 /usr/local/yagarto-4.7.2/bin/../lib/gcc/arm-none-eabi/4.7.2/libgcc.a(_divsi3.o)
 .data          0x0000000081013318        0x0 /usr/local/yagarto-4.7.2/bin/../lib/gcc/arm-none-eabi/4.7.2/libgcc.a(_dvmd_tls.o)
 .data          0x0000000081013318        0x0 /usr/local/yagarto-4.7.2/bin/../lib/gcc/arm-none-eabi/4.7.2/libgcc.a(_arm_addsubdf3.o)
 .data          0x0000000081013318        0x0 /usr/local/yagarto-4.7.2/bin/../lib/gcc/arm-none-eabi/4.7.2/libgcc.a(_arm_muldivdf3.o)
 .data          0x0000000081013318        0x0 /usr/local/yagarto-4.7.2/bin/../lib/gcc/arm-none-eabi/4.7.2/libgcc.a(_arm_cmpdf2.o)
 .data          0x0000000081013318        0x0 /usr/local/yagarto-4.7.2/bin/../lib/gcc/arm-none-eabi/4.7.2/libgcc.a(_arm_fixdfsi.o)
 .data          0x0000000081013318        0x0 /usr/local/yagarto-4.7.2/bin/../lib/gcc/arm-none-eabi/4.7.2/libgcc.a(_arm_truncdfsf2.o)
 .data          0x0000000081013318        0x0 /usr/local/yagarto-4.7.2/bin/../lib/gcc/arm-none-eabi/4.7.2/libgcc.a(_arm_addsubsf3.o)
 .data          0x0000000081013318        0x0 /usr/local/yagarto-4.7.2/bin/../lib/gcc/arm-none-eabi/4.7.2/libgcc.a(_arm_muldivsf3.o)
 .data          0x0000000081013318        0x0 /usr/local/yagarto-4.7.2/bin/../lib/gcc/arm-none-eabi/4.7.2/libgcc.a(_arm_cmpsf2.o)
 .data          0x0000000081013318        0x0 /usr/local/yagarto-4.7.2/bin/../lib/gcc/arm-none-eabi/4.7.2/libgcc.a(_arm_fixunssfsi.o)
 .data          0x0000000081013318        0x0 ./internal/arm/crt0.o
                0x0000000081013318                . = ALIGN (0x4)
                0x0000000081013318                edata = .
                0x0000000081013318                _edata = .
                0x0000000081013318                __data_end = .

.igot.plt       0x0000000081013318        0x0
 .igot.plt      0x0000000000000000        0x0 /var/folders/f8/7rbmd4jd4ngf0xhctv_zqp140000gn/T//ccEJffrr.o

.bss            0x0000000081013318       0x48
                0x0000000081013318                __bss_start__ = .
 *(.bss)
 .bss           0x0000000081013318        0x0 /var/folders/f8/7rbmd4jd4ngf0xhctv_zqp140000gn/T//ccEJffrr.o
 .bss           0x0000000081013318        0x4 /var/folders/f8/7rbmd4jd4ngf0xhctv_zqp140000gn/T//ccRuVDGP.o
 .bss           0x000000008101331c        0x0 /usr/local/yagarto-4.7.2/bin/../lib/gcc/arm-none-eabi/4.7.2/../../../../arm-none-eabi/lib/libm.a(lib_a-w_exp.o)
 .bss           0x000000008101331c        0x0 /usr/local/yagarto-4.7.2/bin/../lib/gcc/arm-none-eabi/4.7.2/../../../../arm-none-eabi/lib/libm.a(lib_a-w_sqrt.o)
 .bss           0x000000008101331c        0x0 /usr/local/yagarto-4.7.2/bin/../lib/gcc/arm-none-eabi/4.7.2/../../../../arm-none-eabi/lib/libm.a(lib_a-e_exp.o)
 .bss           0x000000008101331c        0x0 /usr/local/yagarto-4.7.2/bin/../lib/gcc/arm-none-eabi/4.7.2/../../../../arm-none-eabi/lib/libm.a(lib_a-e_sqrt.o)
 .bss           0x000000008101331c        0x0 /usr/local/yagarto-4.7.2/bin/../lib/gcc/arm-none-eabi/4.7.2/../../../../arm-none-eabi/lib/libm.a(lib_a-s_finite.o)
 .bss           0x000000008101331c        0x0 /usr/local/yagarto-4.7.2/bin/../lib/gcc/arm-none-eabi/4.7.2/../../../../arm-none-eabi/lib/libm.a(lib_a-s_fpclassify.o)
 .bss           0x000000008101331c        0x0 /usr/local/yagarto-4.7.2/bin/../lib/gcc/arm-none-eabi/4.7.2/../../../../arm-none-eabi/lib/libm.a(lib_a-s_lib_ver.o)
 .bss           0x000000008101331c        0x0 /usr/local/yagarto-4.7.2/bin/../lib/gcc/arm-none-eabi/4.7.2/../../../../arm-none-eabi/lib/libm.a(lib_a-s_matherr.o)
 .bss           0x000000008101331c        0x0 /usr/local/yagarto-4.7.2/bin/../lib/gcc/arm-none-eabi/4.7.2/../../../../arm-none-eabi/lib/libc.a(lib_a-errno.o)
 .bss           0x000000008101331c        0x0 /usr/local/yagarto-4.7.2/bin/../lib/gcc/arm-none-eabi/4.7.2/../../../../arm-none-eabi/lib/libc.a(lib_a-exit.o)
 .bss           0x000000008101331c        0x0 /usr/local/yagarto-4.7.2/bin/../lib/gcc/arm-none-eabi/4.7.2/../../../../arm-none-eabi/lib/libc.a(lib_a-fclose.o)
 .bss           0x000000008101331c        0x0 /usr/local/yagarto-4.7.2/bin/../lib/gcc/arm-none-eabi/4.7.2/../../../../arm-none-eabi/lib/libc.a(lib_a-fflush.o)
 .bss           0x000000008101331c        0x0 /usr/local/yagarto-4.7.2/bin/../lib/gcc/arm-none-eabi/4.7.2/../../../../arm-none-eabi/lib/libc.a(lib_a-fgetc.o)
 .bss           0x000000008101331c        0x0 /usr/local/yagarto-4.7.2/bin/../lib/gcc/arm-none-eabi/4.7.2/../../../../arm-none-eabi/lib/libc.a(lib_a-fgets.o)
 .bss           0x000000008101331c        0x0 /usr/local/yagarto-4.7.2/bin/../lib/gcc/arm-none-eabi/4.7.2/../../../../arm-none-eabi/lib/libc.a(lib_a-findfp.o)
 .bss           0x000000008101331c        0x0 /usr/local/yagarto-4.7.2/bin/../lib/gcc/arm-none-eabi/4.7.2/../../../../arm-none-eabi/lib/libc.a(lib_a-fopen.o)
 .bss           0x000000008101331c        0x0 /usr/local/yagarto-4.7.2/bin/../lib/gcc/arm-none-eabi/4.7.2/../../../../arm-none-eabi/lib/libc.a(lib_a-fprintf.o)
 .bss           0x000000008101331c        0x0 /usr/local/yagarto-4.7.2/bin/../lib/gcc/arm-none-eabi/4.7.2/../../../../arm-none-eabi/lib/libc.a(lib_a-fread.o)
 .bss           0x000000008101331c        0x0 /usr/local/yagarto-4.7.2/bin/../lib/gcc/arm-none-eabi/4.7.2/../../../../arm-none-eabi/lib/libc.a(lib_a-freer.o)
 .bss           0x000000008101331c        0x0 /usr/local/yagarto-4.7.2/bin/../lib/gcc/arm-none-eabi/4.7.2/../../../../arm-none-eabi/lib/libc.a(lib_a-fseek.o)
 .bss           0x000000008101331c        0x0 /usr/local/yagarto-4.7.2/bin/../lib/gcc/arm-none-eabi/4.7.2/../../../../arm-none-eabi/lib/libc.a(lib_a-fstatr.o)
 .bss           0x000000008101331c        0x0 /usr/local/yagarto-4.7.2/bin/../lib/gcc/arm-none-eabi/4.7.2/../../../../arm-none-eabi/lib/libc.a(lib_a-fwalk.o)
 .bss           0x000000008101331c        0x0 /usr/local/yagarto-4.7.2/bin/../lib/gcc/arm-none-eabi/4.7.2/../../../../arm-none-eabi/lib/libc.a(lib_a-fwrite.o)
 .bss           0x000000008101331c        0x0 /usr/local/yagarto-4.7.2/bin/../lib/gcc/arm-none-eabi/4.7.2/../../../../arm-none-eabi/lib/libc.a(lib_a-impure.o)
 .bss           0x000000008101331c        0x0 /usr/local/yagarto-4.7.2/bin/../lib/gcc/arm-none-eabi/4.7.2/../../../../arm-none-eabi/lib/libc.a(lib_a-makebuf.o)
 .bss           0x000000008101331c        0x0 /usr/local/yagarto-4.7.2/bin/../lib/gcc/arm-none-eabi/4.7.2/../../../../arm-none-eabi/lib/libc.a(lib_a-malloc.o)
 .bss           0x000000008101331c       0x34 /usr/local/yagarto-4.7.2/bin/../lib/gcc/arm-none-eabi/4.7.2/../../../../arm-none-eabi/lib/libc.a(lib_a-mallocr.o)
                0x000000008101331c                __malloc_top_pad
                0x0000000081013320                __malloc_current_mallinfo
                0x0000000081013348                __malloc_max_sbrked_mem
                0x000000008101334c                __malloc_max_total_mem
 .bss           0x0000000081013350        0x0 /usr/local/yagarto-4.7.2/bin/../lib/gcc/arm-none-eabi/4.7.2/../../../../arm-none-eabi/lib/libc.a(lib_a-memchr-stub.o)
 .bss           0x0000000081013350        0x0 /usr/local/yagarto-4.7.2/bin/../lib/gcc/arm-none-eabi/4.7.2/../../../../arm-none-eabi/lib/libc.a(lib_a-memcpy-stub.o)
 .bss           0x0000000081013350        0x0 /usr/local/yagarto-4.7.2/bin/../lib/gcc/arm-none-eabi/4.7.2/../../../../arm-none-eabi/lib/libc.a(lib_a-memset.o)
 .bss           0x0000000081013350        0x0 /usr/local/yagarto-4.7.2/bin/../lib/gcc/arm-none-eabi/4.7.2/../../../../arm-none-eabi/lib/libc.a(lib_a-mlock.o)
 .bss           0x0000000081013350        0x0 /usr/local/yagarto-4.7.2/bin/../lib/gcc/arm-none-eabi/4.7.2/../../../../arm-none-eabi/lib/libc.a(lib_a-openr.o)
 .bss           0x0000000081013350        0x0 /usr/local/yagarto-4.7.2/bin/../lib/gcc/arm-none-eabi/4.7.2/../../../../arm-none-eabi/lib/libc.a(lib_a-printf.o)
 .bss           0x0000000081013350        0x0 /usr/local/yagarto-4.7.2/bin/../lib/gcc/arm-none-eabi/4.7.2/../../../../arm-none-eabi/lib/libc.a(lib_a-puts.o)
 .bss           0x0000000081013350        0x0 /usr/local/yagarto-4.7.2/bin/../lib/gcc/arm-none-eabi/4.7.2/../../../../arm-none-eabi/lib/libc.a(lib_a-reent.o)
 .bss           0x0000000081013350        0x0 /usr/local/yagarto-4.7.2/bin/../lib/gcc/arm-none-eabi/4.7.2/../../../../arm-none-eabi/lib/libc.a(lib_a-refill.o)
 .bss           0x0000000081013350        0x0 /usr/local/yagarto-4.7.2/bin/../lib/gcc/arm-none-eabi/4.7.2/../../../../arm-none-eabi/lib/libc.a(lib_a-rget.o)
 .bss           0x0000000081013350        0x0 /usr/local/yagarto-4.7.2/bin/../lib/gcc/arm-none-eabi/4.7.2/../../../../arm-none-eabi/lib/libc.a(lib_a-sbrkr.o)
 .bss           0x0000000081013350        0x0 /usr/local/yagarto-4.7.2/bin/../lib/gcc/arm-none-eabi/4.7.2/../../../../arm-none-eabi/lib/libc.a(lib_a-stdio.o)
 .bss           0x0000000081013350        0x0 /usr/local/yagarto-4.7.2/bin/../lib/gcc/arm-none-eabi/4.7.2/../../../../arm-none-eabi/lib/libc.a(lib_a-strlen.o)
 .bss           0x0000000081013350        0x0 /usr/local/yagarto-4.7.2/bin/../lib/gcc/arm-none-eabi/4.7.2/../../../../arm-none-eabi/lib/libc.a(lib_a-vfprintf.o)
 .bss           0x0000000081013350        0x0 /usr/local/yagarto-4.7.2/bin/../lib/gcc/arm-none-eabi/4.7.2/../../../../arm-none-eabi/lib/libc.a(lib_a-writer.o)
 .bss           0x0000000081013350        0x0 /usr/local/yagarto-4.7.2/bin/../lib/gcc/arm-none-eabi/4.7.2/../../../../arm-none-eabi/lib/libc.a(lib_a-wsetup.o)
 .bss           0x0000000081013350        0x0 /usr/local/yagarto-4.7.2/bin/../lib/gcc/arm-none-eabi/4.7.2/../../../../arm-none-eabi/lib/libc.a(lib_a-__call_atexit.o)
 .bss           0x0000000081013350        0x0 /usr/local/yagarto-4.7.2/bin/../lib/gcc/arm-none-eabi/4.7.2/../../../../arm-none-eabi/lib/libc.a(lib_a-closer.o)
 .bss           0x0000000081013350        0x0 /usr/local/yagarto-4.7.2/bin/../lib/gcc/arm-none-eabi/4.7.2/../../../../arm-none-eabi/lib/libc.a(lib_a-dtoa.o)
 .bss           0x0000000081013350        0x0 /usr/local/yagarto-4.7.2/bin/../lib/gcc/arm-none-eabi/4.7.2/../../../../arm-none-eabi/lib/libc.a(lib_a-flags.o)
 .bss           0x0000000081013350        0x0 /usr/local/yagarto-4.7.2/bin/../lib/gcc/arm-none-eabi/4.7.2/../../../../arm-none-eabi/lib/libc.a(lib_a-fvwrite.o)
 .bss           0x0000000081013350        0x0 /usr/local/yagarto-4.7.2/bin/../lib/gcc/arm-none-eabi/4.7.2/../../../../arm-none-eabi/lib/libc.a(lib_a-isattyr.o)
 .bss           0x0000000081013350        0xc /usr/local/yagarto-4.7.2/bin/../lib/gcc/arm-none-eabi/4.7.2/../../../../arm-none-eabi/lib/libc.a(lib_a-locale.o)
                0x0000000081013350                _PathLocale
                0x0000000081013354                __mlocale_changed
                0x0000000081013358                __nlocale_changed
 .bss           0x000000008101335c        0x0 /usr/local/yagarto-4.7.2/bin/../lib/gcc/arm-none-eabi/4.7.2/../../../../arm-none-eabi/lib/libc.a(lib_a-lseekr.o)
 .bss           0x000000008101335c        0x0 /usr/local/yagarto-4.7.2/bin/../lib/gcc/arm-none-eabi/4.7.2/../../../../arm-none-eabi/lib/libc.a(lib_a-memmove.o)
 .bss           0x000000008101335c        0x0 /usr/local/yagarto-4.7.2/bin/../lib/gcc/arm-none-eabi/4.7.2/../../../../arm-none-eabi/lib/libc.a(lib_a-mprec.o)
 .bss           0x000000008101335c        0x0 /usr/local/yagarto-4.7.2/bin/../lib/gcc/arm-none-eabi/4.7.2/../../../../arm-none-eabi/lib/libc.a(lib_a-readr.o)
 .bss           0x000000008101335c        0x0 /usr/local/yagarto-4.7.2/bin/../lib/gcc/arm-none-eabi/4.7.2/../../../../arm-none-eabi/lib/libc.a(lib_a-reallocr.o)
 .bss           0x000000008101335c        0x0 /usr/local/yagarto-4.7.2/bin/../lib/gcc/arm-none-eabi/4.7.2/../../../../arm-none-eabi/lib/libc.a(lib_a-strcmp.o)
 .bss           0x000000008101335c        0x0 /usr/local/yagarto-4.7.2/bin/../lib/gcc/arm-none-eabi/4.7.2/../../../../arm-none-eabi/lib/libc.a(lib_a-vfiprintf.o)
 .bss           0x000000008101335c        0x0 /usr/local/yagarto-4.7.2/bin/../lib/gcc/arm-none-eabi/4.7.2/../../../../arm-none-eabi/lib/libc.a(lib_a-callocr.o)
 .bss           0x000000008101335c        0x0 /usr/local/yagarto-4.7.2/bin/../lib/gcc/arm-none-eabi/4.7.2/../../../../arm-none-eabi/lib/libc.a(lib_a-fputwc.o)
 .bss           0x000000008101335c        0x0 /usr/local/yagarto-4.7.2/bin/../lib/gcc/arm-none-eabi/4.7.2/../../../../arm-none-eabi/lib/libc.a(lib_a-wbuf.o)
 .bss           0x000000008101335c        0x0 /usr/local/yagarto-4.7.2/bin/../lib/gcc/arm-none-eabi/4.7.2/../../../../arm-none-eabi/lib/libc.a(lib_a-wcrtomb.o)
 .bss           0x000000008101335c        0x0 /usr/local/yagarto-4.7.2/bin/../lib/gcc/arm-none-eabi/4.7.2/../../../../arm-none-eabi/lib/libc.a(lib_a-wctomb_r.o)
 .bss           0x000000008101335c        0x0 /usr/local/yagarto-4.7.2/bin/../lib/gcc/arm-none-eabi/4.7.2/libgcc.a(_udivsi3.o)
 .bss           0x000000008101335c        0x0 /usr/local/yagarto-4.7.2/bin/../lib/gcc/arm-none-eabi/4.7.2/libgcc.a(_divsi3.o)
 .bss           0x000000008101335c        0x0 /usr/local/yagarto-4.7.2/bin/../lib/gcc/arm-none-eabi/4.7.2/libgcc.a(_dvmd_tls.o)
 .bss           0x000000008101335c        0x0 /usr/local/yagarto-4.7.2/bin/../lib/gcc/arm-none-eabi/4.7.2/libgcc.a(_arm_addsubdf3.o)
 .bss           0x000000008101335c        0x0 /usr/local/yagarto-4.7.2/bin/../lib/gcc/arm-none-eabi/4.7.2/libgcc.a(_arm_muldivdf3.o)
 .bss           0x000000008101335c        0x0 /usr/local/yagarto-4.7.2/bin/../lib/gcc/arm-none-eabi/4.7.2/libgcc.a(_arm_cmpdf2.o)
 .bss           0x000000008101335c        0x0 /usr/local/yagarto-4.7.2/bin/../lib/gcc/arm-none-eabi/4.7.2/libgcc.a(_arm_fixdfsi.o)
 .bss           0x000000008101335c        0x0 /usr/local/yagarto-4.7.2/bin/../lib/gcc/arm-none-eabi/4.7.2/libgcc.a(_arm_truncdfsf2.o)
 .bss           0x000000008101335c        0x0 /usr/local/yagarto-4.7.2/bin/../lib/gcc/arm-none-eabi/4.7.2/libgcc.a(_arm_addsubsf3.o)
 .bss           0x000000008101335c        0x0 /usr/local/yagarto-4.7.2/bin/../lib/gcc/arm-none-eabi/4.7.2/libgcc.a(_arm_muldivsf3.o)
 .bss           0x000000008101335c        0x0 /usr/local/yagarto-4.7.2/bin/../lib/gcc/arm-none-eabi/4.7.2/libgcc.a(_arm_cmpsf2.o)
 .bss           0x000000008101335c        0x0 /usr/local/yagarto-4.7.2/bin/../lib/gcc/arm-none-eabi/4.7.2/libgcc.a(_arm_fixunssfsi.o)
 .bss           0x000000008101335c        0x0 ./internal/arm/crt0.o
 *(COMMON)
 COMMON         0x000000008101335c        0x4 /usr/local/yagarto-4.7.2/bin/../lib/gcc/arm-none-eabi/4.7.2/../../../../arm-none-eabi/lib/libc.a(lib_a-reent.o)
                0x000000008101335c                errno
                0x0000000081013360                . = ALIGN (0x4)
                0x0000000081013360                __bss_end__ = .
                0x0000000081013360                end = .
                0x00000000819ffffc                _init_sp = 0x819ffffc
LOAD ./internal/arm/crt0.o
OUTPUT(internal/arm/bin/susanSmall.elf elf32-littlearm)

.debug_info     0x0000000000000000    0x28634
 .debug_info    0x0000000000000000     0x26eb /var/folders/f8/7rbmd4jd4ngf0xhctv_zqp140000gn/T//ccEJffrr.o
 .debug_info    0x00000000000026eb      0x558 /var/folders/f8/7rbmd4jd4ngf0xhctv_zqp140000gn/T//ccRuVDGP.o
 .debug_info    0x0000000000002c43      0x253 /usr/local/yagarto-4.7.2/bin/../lib/gcc/arm-none-eabi/4.7.2/../../../../arm-none-eabi/lib/libm.a(lib_a-w_exp.o)
 .debug_info    0x0000000000002e96      0x227 /usr/local/yagarto-4.7.2/bin/../lib/gcc/arm-none-eabi/4.7.2/../../../../arm-none-eabi/lib/libm.a(lib_a-w_sqrt.o)
 .debug_info    0x00000000000030bd      0x32c /usr/local/yagarto-4.7.2/bin/../lib/gcc/arm-none-eabi/4.7.2/../../../../arm-none-eabi/lib/libm.a(lib_a-e_exp.o)
 .debug_info    0x00000000000033e9      0x23a /usr/local/yagarto-4.7.2/bin/../lib/gcc/arm-none-eabi/4.7.2/../../../../arm-none-eabi/lib/libm.a(lib_a-e_sqrt.o)
 .debug_info    0x0000000000003623       0xda /usr/local/yagarto-4.7.2/bin/../lib/gcc/arm-none-eabi/4.7.2/../../../../arm-none-eabi/lib/libm.a(lib_a-s_finite.o)
 .debug_info    0x00000000000036fd       0xdf /usr/local/yagarto-4.7.2/bin/../lib/gcc/arm-none-eabi/4.7.2/../../../../arm-none-eabi/lib/libm.a(lib_a-s_fpclassify.o)
 .debug_info    0x00000000000037dc       0xc0 /usr/local/yagarto-4.7.2/bin/../lib/gcc/arm-none-eabi/4.7.2/../../../../arm-none-eabi/lib/libm.a(lib_a-s_lib_ver.o)
 .debug_info    0x000000000000389c      0x139 /usr/local/yagarto-4.7.2/bin/../lib/gcc/arm-none-eabi/4.7.2/../../../../arm-none-eabi/lib/libm.a(lib_a-s_matherr.o)
 .debug_info    0x00000000000039d5      0x95e /usr/local/yagarto-4.7.2/bin/../lib/gcc/arm-none-eabi/4.7.2/../../../../arm-none-eabi/lib/libc.a(lib_a-errno.o)
 .debug_info    0x0000000000004333      0x9c0 /usr/local/yagarto-4.7.2/bin/../lib/gcc/arm-none-eabi/4.7.2/../../../../arm-none-eabi/lib/libc.a(lib_a-exit.o)
 .debug_info    0x0000000000004cf3      0xab0 /usr/local/yagarto-4.7.2/bin/../lib/gcc/arm-none-eabi/4.7.2/../../../../arm-none-eabi/lib/libc.a(lib_a-fclose.o)
 .debug_info    0x00000000000057a3      0xb80 /usr/local/yagarto-4.7.2/bin/../lib/gcc/arm-none-eabi/4.7.2/../../../../arm-none-eabi/lib/libc.a(lib_a-fflush.o)
 .debug_info    0x0000000000006323      0xa3e /usr/local/yagarto-4.7.2/bin/../lib/gcc/arm-none-eabi/4.7.2/../../../../arm-none-eabi/lib/libc.a(lib_a-fgetc.o)
 .debug_info    0x0000000000006d61      0xb3c /usr/local/yagarto-4.7.2/bin/../lib/gcc/arm-none-eabi/4.7.2/../../../../arm-none-eabi/lib/libc.a(lib_a-fgets.o)
 .debug_info    0x000000000000789d      0xdbe /usr/local/yagarto-4.7.2/bin/../lib/gcc/arm-none-eabi/4.7.2/../../../../arm-none-eabi/lib/libc.a(lib_a-findfp.o)
 .debug_info    0x000000000000865b      0xb5a /usr/local/yagarto-4.7.2/bin/../lib/gcc/arm-none-eabi/4.7.2/../../../../arm-none-eabi/lib/libc.a(lib_a-fopen.o)
 .debug_info    0x00000000000091b5      0xaa3 /usr/local/yagarto-4.7.2/bin/../lib/gcc/arm-none-eabi/4.7.2/../../../../arm-none-eabi/lib/libc.a(lib_a-fprintf.o)
 .debug_info    0x0000000000009c58      0xbe0 /usr/local/yagarto-4.7.2/bin/../lib/gcc/arm-none-eabi/4.7.2/../../../../arm-none-eabi/lib/libc.a(lib_a-fread.o)
 .debug_info    0x000000000000a838      0xd0e /usr/local/yagarto-4.7.2/bin/../lib/gcc/arm-none-eabi/4.7.2/../../../../arm-none-eabi/lib/libc.a(lib_a-freer.o)
 .debug_info    0x000000000000b546      0xe94 /usr/local/yagarto-4.7.2/bin/../lib/gcc/arm-none-eabi/4.7.2/../../../../arm-none-eabi/lib/libc.a(lib_a-fseek.o)
 .debug_info    0x000000000000c3da      0xb65 /usr/local/yagarto-4.7.2/bin/../lib/gcc/arm-none-eabi/4.7.2/../../../../arm-none-eabi/lib/libc.a(lib_a-fstatr.o)
 .debug_info    0x000000000000cf3f      0xa77 /usr/local/yagarto-4.7.2/bin/../lib/gcc/arm-none-eabi/4.7.2/../../../../arm-none-eabi/lib/libc.a(lib_a-fwalk.o)
 .debug_info    0x000000000000d9b6      0xb3f /usr/local/yagarto-4.7.2/bin/../lib/gcc/arm-none-eabi/4.7.2/../../../../arm-none-eabi/lib/libc.a(lib_a-fwrite.o)
 .debug_info    0x000000000000e4f5      0x965 /usr/local/yagarto-4.7.2/bin/../lib/gcc/arm-none-eabi/4.7.2/../../../../arm-none-eabi/lib/libc.a(lib_a-impure.o)
 .debug_info    0x000000000000ee5a      0xbf0 /usr/local/yagarto-4.7.2/bin/../lib/gcc/arm-none-eabi/4.7.2/../../../../arm-none-eabi/lib/libc.a(lib_a-makebuf.o)
 .debug_info    0x000000000000fa4a      0x9f6 /usr/local/yagarto-4.7.2/bin/../lib/gcc/arm-none-eabi/4.7.2/../../../../arm-none-eabi/lib/libc.a(lib_a-malloc.o)
 .debug_info    0x0000000000010440      0xe85 /usr/local/yagarto-4.7.2/bin/../lib/gcc/arm-none-eabi/4.7.2/../../../../arm-none-eabi/lib/libc.a(lib_a-mallocr.o)
 .debug_info    0x00000000000112c5      0x12e /usr/local/yagarto-4.7.2/bin/../lib/gcc/arm-none-eabi/4.7.2/../../../../arm-none-eabi/lib/libc.a(lib_a-memchr-stub.o)
 .debug_info    0x00000000000113f3      0x136 /usr/local/yagarto-4.7.2/bin/../lib/gcc/arm-none-eabi/4.7.2/../../../../arm-none-eabi/lib/libc.a(lib_a-memcpy-stub.o)
 .debug_info    0x0000000000011529      0x11c /usr/local/yagarto-4.7.2/bin/../lib/gcc/arm-none-eabi/4.7.2/../../../../arm-none-eabi/lib/libc.a(lib_a-memset.o)
 .debug_info    0x0000000000011645      0x989 /usr/local/yagarto-4.7.2/bin/../lib/gcc/arm-none-eabi/4.7.2/../../../../arm-none-eabi/lib/libc.a(lib_a-mlock.o)
 .debug_info    0x0000000000011fce      0x9e7 /usr/local/yagarto-4.7.2/bin/../lib/gcc/arm-none-eabi/4.7.2/../../../../arm-none-eabi/lib/libc.a(lib_a-openr.o)
 .debug_info    0x00000000000129b5      0xa8c /usr/local/yagarto-4.7.2/bin/../lib/gcc/arm-none-eabi/4.7.2/../../../../arm-none-eabi/lib/libc.a(lib_a-printf.o)
 .debug_info    0x0000000000013441      0xae4 /usr/local/yagarto-4.7.2/bin/../lib/gcc/arm-none-eabi/4.7.2/../../../../arm-none-eabi/lib/libc.a(lib_a-puts.o)
 .debug_info    0x0000000000013f25      0xb2a /usr/local/yagarto-4.7.2/bin/../lib/gcc/arm-none-eabi/4.7.2/../../../../arm-none-eabi/lib/libc.a(lib_a-reent.o)
 .debug_info    0x0000000000014a4f      0xb35 /usr/local/yagarto-4.7.2/bin/../lib/gcc/arm-none-eabi/4.7.2/../../../../arm-none-eabi/lib/libc.a(lib_a-refill.o)
 .debug_info    0x0000000000015584      0xa1b /usr/local/yagarto-4.7.2/bin/../lib/gcc/arm-none-eabi/4.7.2/../../../../arm-none-eabi/lib/libc.a(lib_a-rget.o)
 .debug_info    0x0000000000015f9f      0x9d0 /usr/local/yagarto-4.7.2/bin/../lib/gcc/arm-none-eabi/4.7.2/../../../../arm-none-eabi/lib/libc.a(lib_a-sbrkr.o)
 .debug_info    0x000000000001696f      0xc7c /usr/local/yagarto-4.7.2/bin/../lib/gcc/arm-none-eabi/4.7.2/../../../../arm-none-eabi/lib/libc.a(lib_a-stdio.o)
 .debug_info    0x00000000000175eb       0xb9 /usr/local/yagarto-4.7.2/bin/../lib/gcc/arm-none-eabi/4.7.2/../../../../arm-none-eabi/lib/libc.a(lib_a-strlen.o)
 .debug_info    0x00000000000176a4     0x19c8 /usr/local/yagarto-4.7.2/bin/../lib/gcc/arm-none-eabi/4.7.2/../../../../arm-none-eabi/lib/libc.a(lib_a-vfprintf.o)
 .debug_info    0x000000000001906c      0xa03 /usr/local/yagarto-4.7.2/bin/../lib/gcc/arm-none-eabi/4.7.2/../../../../arm-none-eabi/lib/libc.a(lib_a-writer.o)
 .debug_info    0x0000000000019a6f      0xa01 /usr/local/yagarto-4.7.2/bin/../lib/gcc/arm-none-eabi/4.7.2/../../../../arm-none-eabi/lib/libc.a(lib_a-wsetup.o)
 .debug_info    0x000000000001a470      0xa27 /usr/local/yagarto-4.7.2/bin/../lib/gcc/arm-none-eabi/4.7.2/../../../../arm-none-eabi/lib/libc.a(lib_a-__call_atexit.o)
 .debug_info    0x000000000001ae97      0x9ba /usr/local/yagarto-4.7.2/bin/../lib/gcc/arm-none-eabi/4.7.2/../../../../arm-none-eabi/lib/libc.a(lib_a-closer.o)
 .debug_info    0x000000000001b851     0x1442 /usr/local/yagarto-4.7.2/bin/../lib/gcc/arm-none-eabi/4.7.2/../../../../arm-none-eabi/lib/libc.a(lib_a-dtoa.o)
 .debug_info    0x000000000001cc93      0x9a8 /usr/local/yagarto-4.7.2/bin/../lib/gcc/arm-none-eabi/4.7.2/../../../../arm-none-eabi/lib/libc.a(lib_a-flags.o)
 .debug_info    0x000000000001d63b      0xd69 /usr/local/yagarto-4.7.2/bin/../lib/gcc/arm-none-eabi/4.7.2/../../../../arm-none-eabi/lib/libc.a(lib_a-fvwrite.o)
 .debug_info    0x000000000001e3a4      0x9ba /usr/local/yagarto-4.7.2/bin/../lib/gcc/arm-none-eabi/4.7.2/../../../../arm-none-eabi/lib/libc.a(lib_a-isattyr.o)
 .debug_info    0x000000000001ed5e      0xd0f /usr/local/yagarto-4.7.2/bin/../lib/gcc/arm-none-eabi/4.7.2/../../../../arm-none-eabi/lib/libc.a(lib_a-locale.o)
 .debug_info    0x000000000001fa6d      0x9f1 /usr/local/yagarto-4.7.2/bin/../lib/gcc/arm-none-eabi/4.7.2/../../../../arm-none-eabi/lib/libc.a(lib_a-lseekr.o)
 .debug_info    0x000000000002045e      0x136 /usr/local/yagarto-4.7.2/bin/../lib/gcc/arm-none-eabi/4.7.2/../../../../arm-none-eabi/lib/libc.a(lib_a-memmove.o)
 .debug_info    0x0000000000020594     0x1763 /usr/local/yagarto-4.7.2/bin/../lib/gcc/arm-none-eabi/4.7.2/../../../../arm-none-eabi/lib/libc.a(lib_a-mprec.o)
 .debug_info    0x0000000000021cf7      0x9fc /usr/local/yagarto-4.7.2/bin/../lib/gcc/arm-none-eabi/4.7.2/../../../../arm-none-eabi/lib/libc.a(lib_a-readr.o)
 .debug_info    0x00000000000226f3      0xdb4 /usr/local/yagarto-4.7.2/bin/../lib/gcc/arm-none-eabi/4.7.2/../../../../arm-none-eabi/lib/libc.a(lib_a-reallocr.o)
 .debug_info    0x00000000000234a7       0xf0 /usr/local/yagarto-4.7.2/bin/../lib/gcc/arm-none-eabi/4.7.2/../../../../arm-none-eabi/lib/libc.a(lib_a-strcmp.o)
 .debug_info    0x0000000000023597     0x12b7 /usr/local/yagarto-4.7.2/bin/../lib/gcc/arm-none-eabi/4.7.2/../../../../arm-none-eabi/lib/libc.a(lib_a-vfiprintf.o)
 .debug_info    0x000000000002484e      0xac2 /usr/local/yagarto-4.7.2/bin/../lib/gcc/arm-none-eabi/4.7.2/../../../../arm-none-eabi/lib/libc.a(lib_a-callocr.o)
 .debug_info    0x0000000000025310      0xb79 /usr/local/yagarto-4.7.2/bin/../lib/gcc/arm-none-eabi/4.7.2/../../../../arm-none-eabi/lib/libc.a(lib_a-fputwc.o)
 .debug_info    0x0000000000025e89      0xa9b /usr/local/yagarto-4.7.2/bin/../lib/gcc/arm-none-eabi/4.7.2/../../../../arm-none-eabi/lib/libc.a(lib_a-wbuf.o)
 .debug_info    0x0000000000026924      0xb49 /usr/local/yagarto-4.7.2/bin/../lib/gcc/arm-none-eabi/4.7.2/../../../../arm-none-eabi/lib/libc.a(lib_a-wcrtomb.o)
 .debug_info    0x000000000002746d      0xa92 /usr/local/yagarto-4.7.2/bin/../lib/gcc/arm-none-eabi/4.7.2/../../../../arm-none-eabi/lib/libc.a(lib_a-wctomb_r.o)
 .debug_info    0x0000000000027eff       0x99 /usr/local/yagarto-4.7.2/bin/../lib/gcc/arm-none-eabi/4.7.2/libgcc.a(_udivsi3.o)
 .debug_info    0x0000000000027f98       0x99 /usr/local/yagarto-4.7.2/bin/../lib/gcc/arm-none-eabi/4.7.2/libgcc.a(_divsi3.o)
 .debug_info    0x0000000000028031       0x99 /usr/local/yagarto-4.7.2/bin/../lib/gcc/arm-none-eabi/4.7.2/libgcc.a(_dvmd_tls.o)
 .debug_info    0x00000000000280ca       0x9a /usr/local/yagarto-4.7.2/bin/../lib/gcc/arm-none-eabi/4.7.2/libgcc.a(_arm_addsubdf3.o)
 .debug_info    0x0000000000028164       0x9a /usr/local/yagarto-4.7.2/bin/../lib/gcc/arm-none-eabi/4.7.2/libgcc.a(_arm_muldivdf3.o)
 .debug_info    0x00000000000281fe       0x9a /usr/local/yagarto-4.7.2/bin/../lib/gcc/arm-none-eabi/4.7.2/libgcc.a(_arm_cmpdf2.o)
 .debug_info    0x0000000000028298       0x9a /usr/local/yagarto-4.7.2/bin/../lib/gcc/arm-none-eabi/4.7.2/libgcc.a(_arm_fixdfsi.o)
 .debug_info    0x0000000000028332       0x9a /usr/local/yagarto-4.7.2/bin/../lib/gcc/arm-none-eabi/4.7.2/libgcc.a(_arm_truncdfsf2.o)
 .debug_info    0x00000000000283cc       0x9a /usr/local/yagarto-4.7.2/bin/../lib/gcc/arm-none-eabi/4.7.2/libgcc.a(_arm_addsubsf3.o)
 .debug_info    0x0000000000028466       0x9a /usr/local/yagarto-4.7.2/bin/../lib/gcc/arm-none-eabi/4.7.2/libgcc.a(_arm_muldivsf3.o)
 .debug_info    0x0000000000028500       0x9a /usr/local/yagarto-4.7.2/bin/../lib/gcc/arm-none-eabi/4.7.2/libgcc.a(_arm_cmpsf2.o)
 .debug_info    0x000000000002859a       0x9a /usr/local/yagarto-4.7.2/bin/../lib/gcc/arm-none-eabi/4.7.2/libgcc.a(_arm_fixunssfsi.o)

.debug_abbrev   0x0000000000000000     0x78b2
 .debug_abbrev  0x0000000000000000      0x3fc /var/folders/f8/7rbmd4jd4ngf0xhctv_zqp140000gn/T//ccEJffrr.o
 .debug_abbrev  0x00000000000003fc      0x1d6 /var/folders/f8/7rbmd4jd4ngf0xhctv_zqp140000gn/T//ccRuVDGP.o
 .debug_abbrev  0x00000000000005d2      0x150 /usr/local/yagarto-4.7.2/bin/../lib/gcc/arm-none-eabi/4.7.2/../../../../arm-none-eabi/lib/libm.a(lib_a-w_exp.o)
 .debug_abbrev  0x0000000000000722      0x13a /usr/local/yagarto-4.7.2/bin/../lib/gcc/arm-none-eabi/4.7.2/../../../../arm-none-eabi/lib/libm.a(lib_a-w_sqrt.o)
 .debug_abbrev  0x000000000000085c      0x131 /usr/local/yagarto-4.7.2/bin/../lib/gcc/arm-none-eabi/4.7.2/../../../../arm-none-eabi/lib/libm.a(lib_a-e_exp.o)
 .debug_abbrev  0x000000000000098d      0x118 /usr/local/yagarto-4.7.2/bin/../lib/gcc/arm-none-eabi/4.7.2/../../../../arm-none-eabi/lib/libm.a(lib_a-e_sqrt.o)
 .debug_abbrev  0x0000000000000aa5       0x6f /usr/local/yagarto-4.7.2/bin/../lib/gcc/arm-none-eabi/4.7.2/../../../../arm-none-eabi/lib/libm.a(lib_a-s_finite.o)
 .debug_abbrev  0x0000000000000b14       0x6f /usr/local/yagarto-4.7.2/bin/../lib/gcc/arm-none-eabi/4.7.2/../../../../arm-none-eabi/lib/libm.a(lib_a-s_fpclassify.o)
 .debug_abbrev  0x0000000000000b83       0x4f /usr/local/yagarto-4.7.2/bin/../lib/gcc/arm-none-eabi/4.7.2/../../../../arm-none-eabi/lib/libm.a(lib_a-s_lib_ver.o)
 .debug_abbrev  0x0000000000000bd2       0x9a /usr/local/yagarto-4.7.2/bin/../lib/gcc/arm-none-eabi/4.7.2/../../../../arm-none-eabi/lib/libm.a(lib_a-s_matherr.o)
 .debug_abbrev  0x0000000000000c6c      0x171 /usr/local/yagarto-4.7.2/bin/../lib/gcc/arm-none-eabi/4.7.2/../../../../arm-none-eabi/lib/libc.a(lib_a-errno.o)
 .debug_abbrev  0x0000000000000ddd      0x1c8 /usr/local/yagarto-4.7.2/bin/../lib/gcc/arm-none-eabi/4.7.2/../../../../arm-none-eabi/lib/libc.a(lib_a-exit.o)
 .debug_abbrev  0x0000000000000fa5      0x24e /usr/local/yagarto-4.7.2/bin/../lib/gcc/arm-none-eabi/4.7.2/../../../../arm-none-eabi/lib/libc.a(lib_a-fclose.o)
 .debug_abbrev  0x00000000000011f3      0x261 /usr/local/yagarto-4.7.2/bin/../lib/gcc/arm-none-eabi/4.7.2/../../../../arm-none-eabi/lib/libc.a(lib_a-fflush.o)
 .debug_abbrev  0x0000000000001454      0x1f5 /usr/local/yagarto-4.7.2/bin/../lib/gcc/arm-none-eabi/4.7.2/../../../../arm-none-eabi/lib/libc.a(lib_a-fgetc.o)
 .debug_abbrev  0x0000000000001649      0x215 /usr/local/yagarto-4.7.2/bin/../lib/gcc/arm-none-eabi/4.7.2/../../../../arm-none-eabi/lib/libc.a(lib_a-fgets.o)
 .debug_abbrev  0x000000000000185e      0x308 /usr/local/yagarto-4.7.2/bin/../lib/gcc/arm-none-eabi/4.7.2/../../../../arm-none-eabi/lib/libc.a(lib_a-findfp.o)
 .debug_abbrev  0x0000000000001b66      0x238 /usr/local/yagarto-4.7.2/bin/../lib/gcc/arm-none-eabi/4.7.2/../../../../arm-none-eabi/lib/libc.a(lib_a-fopen.o)
 .debug_abbrev  0x0000000000001d9e      0x1f8 /usr/local/yagarto-4.7.2/bin/../lib/gcc/arm-none-eabi/4.7.2/../../../../arm-none-eabi/lib/libc.a(lib_a-fprintf.o)
 .debug_abbrev  0x0000000000001f96      0x25b /usr/local/yagarto-4.7.2/bin/../lib/gcc/arm-none-eabi/4.7.2/../../../../arm-none-eabi/lib/libc.a(lib_a-fread.o)
 .debug_abbrev  0x00000000000021f1      0x24d /usr/local/yagarto-4.7.2/bin/../lib/gcc/arm-none-eabi/4.7.2/../../../../arm-none-eabi/lib/libc.a(lib_a-freer.o)
 .debug_abbrev  0x000000000000243e      0x2be /usr/local/yagarto-4.7.2/bin/../lib/gcc/arm-none-eabi/4.7.2/../../../../arm-none-eabi/lib/libc.a(lib_a-fseek.o)
 .debug_abbrev  0x00000000000026fc      0x1e0 /usr/local/yagarto-4.7.2/bin/../lib/gcc/arm-none-eabi/4.7.2/../../../../arm-none-eabi/lib/libc.a(lib_a-fstatr.o)
 .debug_abbrev  0x00000000000028dc      0x1b3 /usr/local/yagarto-4.7.2/bin/../lib/gcc/arm-none-eabi/4.7.2/../../../../arm-none-eabi/lib/libc.a(lib_a-fwalk.o)
 .debug_abbrev  0x0000000000002a8f      0x225 /usr/local/yagarto-4.7.2/bin/../lib/gcc/arm-none-eabi/4.7.2/../../../../arm-none-eabi/lib/libc.a(lib_a-fwrite.o)
 .debug_abbrev  0x0000000000002cb4      0x162 /usr/local/yagarto-4.7.2/bin/../lib/gcc/arm-none-eabi/4.7.2/../../../../arm-none-eabi/lib/libc.a(lib_a-impure.o)
 .debug_abbrev  0x0000000000002e16      0x1e8 /usr/local/yagarto-4.7.2/bin/../lib/gcc/arm-none-eabi/4.7.2/../../../../arm-none-eabi/lib/libc.a(lib_a-makebuf.o)
 .debug_abbrev  0x0000000000002ffe      0x1d9 /usr/local/yagarto-4.7.2/bin/../lib/gcc/arm-none-eabi/4.7.2/../../../../arm-none-eabi/lib/libc.a(lib_a-malloc.o)
 .debug_abbrev  0x00000000000031d7      0x284 /usr/local/yagarto-4.7.2/bin/../lib/gcc/arm-none-eabi/4.7.2/../../../../arm-none-eabi/lib/libc.a(lib_a-mallocr.o)
 .debug_abbrev  0x000000000000345b       0xba /usr/local/yagarto-4.7.2/bin/../lib/gcc/arm-none-eabi/4.7.2/../../../../arm-none-eabi/lib/libc.a(lib_a-memchr-stub.o)
 .debug_abbrev  0x0000000000003515       0xab /usr/local/yagarto-4.7.2/bin/../lib/gcc/arm-none-eabi/4.7.2/../../../../arm-none-eabi/lib/libc.a(lib_a-memcpy-stub.o)
 .debug_abbrev  0x00000000000035c0       0x9f /usr/local/yagarto-4.7.2/bin/../lib/gcc/arm-none-eabi/4.7.2/../../../../arm-none-eabi/lib/libc.a(lib_a-memset.o)
 .debug_abbrev  0x000000000000365f      0x17c /usr/local/yagarto-4.7.2/bin/../lib/gcc/arm-none-eabi/4.7.2/../../../../arm-none-eabi/lib/libc.a(lib_a-mlock.o)
 .debug_abbrev  0x00000000000037db      0x1e0 /usr/local/yagarto-4.7.2/bin/../lib/gcc/arm-none-eabi/4.7.2/../../../../arm-none-eabi/lib/libc.a(lib_a-openr.o)
 .debug_abbrev  0x00000000000039bb      0x209 /usr/local/yagarto-4.7.2/bin/../lib/gcc/arm-none-eabi/4.7.2/../../../../arm-none-eabi/lib/libc.a(lib_a-printf.o)
 .debug_abbrev  0x0000000000003bc4      0x208 /usr/local/yagarto-4.7.2/bin/../lib/gcc/arm-none-eabi/4.7.2/../../../../arm-none-eabi/lib/libc.a(lib_a-puts.o)
 .debug_abbrev  0x0000000000003dcc      0x263 /usr/local/yagarto-4.7.2/bin/../lib/gcc/arm-none-eabi/4.7.2/../../../../arm-none-eabi/lib/libc.a(lib_a-reent.o)
 .debug_abbrev  0x000000000000402f      0x23e /usr/local/yagarto-4.7.2/bin/../lib/gcc/arm-none-eabi/4.7.2/../../../../arm-none-eabi/lib/libc.a(lib_a-refill.o)
 .debug_abbrev  0x000000000000426d      0x1f6 /usr/local/yagarto-4.7.2/bin/../lib/gcc/arm-none-eabi/4.7.2/../../../../arm-none-eabi/lib/libc.a(lib_a-rget.o)
 .debug_abbrev  0x0000000000004463      0x1df /usr/local/yagarto-4.7.2/bin/../lib/gcc/arm-none-eabi/4.7.2/../../../../arm-none-eabi/lib/libc.a(lib_a-sbrkr.o)
 .debug_abbrev  0x0000000000004642      0x229 /usr/local/yagarto-4.7.2/bin/../lib/gcc/arm-none-eabi/4.7.2/../../../../arm-none-eabi/lib/libc.a(lib_a-stdio.o)
 .debug_abbrev  0x000000000000486b       0x70 /usr/local/yagarto-4.7.2/bin/../lib/gcc/arm-none-eabi/4.7.2/../../../../arm-none-eabi/lib/libc.a(lib_a-strlen.o)
 .debug_abbrev  0x00000000000048db      0x3b9 /usr/local/yagarto-4.7.2/bin/../lib/gcc/arm-none-eabi/4.7.2/../../../../arm-none-eabi/lib/libc.a(lib_a-vfprintf.o)
 .debug_abbrev  0x0000000000004c94      0x1d6 /usr/local/yagarto-4.7.2/bin/../lib/gcc/arm-none-eabi/4.7.2/../../../../arm-none-eabi/lib/libc.a(lib_a-writer.o)
 .debug_abbrev  0x0000000000004e6a      0x1d5 /usr/local/yagarto-4.7.2/bin/../lib/gcc/arm-none-eabi/4.7.2/../../../../arm-none-eabi/lib/libc.a(lib_a-wsetup.o)
 .debug_abbrev  0x000000000000503f      0x1f2 /usr/local/yagarto-4.7.2/bin/../lib/gcc/arm-none-eabi/4.7.2/../../../../arm-none-eabi/lib/libc.a(lib_a-__call_atexit.o)
 .debug_abbrev  0x0000000000005231      0x1d1 /usr/local/yagarto-4.7.2/bin/../lib/gcc/arm-none-eabi/4.7.2/../../../../arm-none-eabi/lib/libc.a(lib_a-closer.o)
 .debug_abbrev  0x0000000000005402      0x2af /usr/local/yagarto-4.7.2/bin/../lib/gcc/arm-none-eabi/4.7.2/../../../../arm-none-eabi/lib/libc.a(lib_a-dtoa.o)
 .debug_abbrev  0x00000000000056b1      0x18f /usr/local/yagarto-4.7.2/bin/../lib/gcc/arm-none-eabi/4.7.2/../../../../arm-none-eabi/lib/libc.a(lib_a-flags.o)
 .debug_abbrev  0x0000000000005840      0x234 /usr/local/yagarto-4.7.2/bin/../lib/gcc/arm-none-eabi/4.7.2/../../../../arm-none-eabi/lib/libc.a(lib_a-fvwrite.o)
 .debug_abbrev  0x0000000000005a74      0x1d1 /usr/local/yagarto-4.7.2/bin/../lib/gcc/arm-none-eabi/4.7.2/../../../../arm-none-eabi/lib/libc.a(lib_a-isattyr.o)
 .debug_abbrev  0x0000000000005c45      0x2a1 /usr/local/yagarto-4.7.2/bin/../lib/gcc/arm-none-eabi/4.7.2/../../../../arm-none-eabi/lib/libc.a(lib_a-locale.o)
 .debug_abbrev  0x0000000000005ee6      0x1e0 /usr/local/yagarto-4.7.2/bin/../lib/gcc/arm-none-eabi/4.7.2/../../../../arm-none-eabi/lib/libc.a(lib_a-lseekr.o)
 .debug_abbrev  0x00000000000060c6       0xab /usr/local/yagarto-4.7.2/bin/../lib/gcc/arm-none-eabi/4.7.2/../../../../arm-none-eabi/lib/libc.a(lib_a-memmove.o)
 .debug_abbrev  0x0000000000006171      0x378 /usr/local/yagarto-4.7.2/bin/../lib/gcc/arm-none-eabi/4.7.2/../../../../arm-none-eabi/lib/libc.a(lib_a-mprec.o)
 .debug_abbrev  0x00000000000064e9      0x1d1 /usr/local/yagarto-4.7.2/bin/../lib/gcc/arm-none-eabi/4.7.2/../../../../arm-none-eabi/lib/libc.a(lib_a-readr.o)
 .debug_abbrev  0x00000000000066ba      0x23d /usr/local/yagarto-4.7.2/bin/../lib/gcc/arm-none-eabi/4.7.2/../../../../arm-none-eabi/lib/libc.a(lib_a-reallocr.o)
 .debug_abbrev  0x00000000000068f7       0x8c /usr/local/yagarto-4.7.2/bin/../lib/gcc/arm-none-eabi/4.7.2/../../../../arm-none-eabi/lib/libc.a(lib_a-strcmp.o)
 .debug_abbrev  0x0000000000006983      0x3a8 /usr/local/yagarto-4.7.2/bin/../lib/gcc/arm-none-eabi/4.7.2/../../../../arm-none-eabi/lib/libc.a(lib_a-vfiprintf.o)
 .debug_abbrev  0x0000000000006d2b      0x1f5 /usr/local/yagarto-4.7.2/bin/../lib/gcc/arm-none-eabi/4.7.2/../../../../arm-none-eabi/lib/libc.a(lib_a-callocr.o)
 .debug_abbrev  0x0000000000006f20      0x283 /usr/local/yagarto-4.7.2/bin/../lib/gcc/arm-none-eabi/4.7.2/../../../../arm-none-eabi/lib/libc.a(lib_a-fputwc.o)
 .debug_abbrev  0x00000000000071a3      0x21a /usr/local/yagarto-4.7.2/bin/../lib/gcc/arm-none-eabi/4.7.2/../../../../arm-none-eabi/lib/libc.a(lib_a-wbuf.o)
 .debug_abbrev  0x00000000000073bd      0x1f5 /usr/local/yagarto-4.7.2/bin/../lib/gcc/arm-none-eabi/4.7.2/../../../../arm-none-eabi/lib/libc.a(lib_a-wcrtomb.o)
 .debug_abbrev  0x00000000000075b2      0x210 /usr/local/yagarto-4.7.2/bin/../lib/gcc/arm-none-eabi/4.7.2/../../../../arm-none-eabi/lib/libc.a(lib_a-wctomb_r.o)
 .debug_abbrev  0x00000000000077c2       0x14 /usr/local/yagarto-4.7.2/bin/../lib/gcc/arm-none-eabi/4.7.2/libgcc.a(_udivsi3.o)
 .debug_abbrev  0x00000000000077d6       0x14 /usr/local/yagarto-4.7.2/bin/../lib/gcc/arm-none-eabi/4.7.2/libgcc.a(_divsi3.o)
 .debug_abbrev  0x00000000000077ea       0x14 /usr/local/yagarto-4.7.2/bin/../lib/gcc/arm-none-eabi/4.7.2/libgcc.a(_dvmd_tls.o)
 .debug_abbrev  0x00000000000077fe       0x14 /usr/local/yagarto-4.7.2/bin/../lib/gcc/arm-none-eabi/4.7.2/libgcc.a(_arm_addsubdf3.o)
 .debug_abbrev  0x0000000000007812       0x14 /usr/local/yagarto-4.7.2/bin/../lib/gcc/arm-none-eabi/4.7.2/libgcc.a(_arm_muldivdf3.o)
 .debug_abbrev  0x0000000000007826       0x14 /usr/local/yagarto-4.7.2/bin/../lib/gcc/arm-none-eabi/4.7.2/libgcc.a(_arm_cmpdf2.o)
 .debug_abbrev  0x000000000000783a       0x14 /usr/local/yagarto-4.7.2/bin/../lib/gcc/arm-none-eabi/4.7.2/libgcc.a(_arm_fixdfsi.o)
 .debug_abbrev  0x000000000000784e       0x14 /usr/local/yagarto-4.7.2/bin/../lib/gcc/arm-none-eabi/4.7.2/libgcc.a(_arm_truncdfsf2.o)
 .debug_abbrev  0x0000000000007862       0x14 /usr/local/yagarto-4.7.2/bin/../lib/gcc/arm-none-eabi/4.7.2/libgcc.a(_arm_addsubsf3.o)
 .debug_abbrev  0x0000000000007876       0x14 /usr/local/yagarto-4.7.2/bin/../lib/gcc/arm-none-eabi/4.7.2/libgcc.a(_arm_muldivsf3.o)
 .debug_abbrev  0x000000000000788a       0x14 /usr/local/yagarto-4.7.2/bin/../lib/gcc/arm-none-eabi/4.7.2/libgcc.a(_arm_cmpsf2.o)
 .debug_abbrev  0x000000000000789e       0x14 /usr/local/yagarto-4.7.2/bin/../lib/gcc/arm-none-eabi/4.7.2/libgcc.a(_arm_fixunssfsi.o)

.debug_loc      0x0000000000000000    0x15062
 .debug_loc     0x0000000000000000     0x6922 /var/folders/f8/7rbmd4jd4ngf0xhctv_zqp140000gn/T//ccEJffrr.o
 .debug_loc     0x0000000000006922      0x1a9 /var/folders/f8/7rbmd4jd4ngf0xhctv_zqp140000gn/T//ccRuVDGP.o
 .debug_loc     0x0000000000006acb       0x7d /usr/local/yagarto-4.7.2/bin/../lib/gcc/arm-none-eabi/4.7.2/../../../../arm-none-eabi/lib/libm.a(lib_a-w_exp.o)
 .debug_loc     0x0000000000006b48       0x7d /usr/local/yagarto-4.7.2/bin/../lib/gcc/arm-none-eabi/4.7.2/../../../../arm-none-eabi/lib/libm.a(lib_a-w_sqrt.o)
 .debug_loc     0x0000000000006bc5      0x33b /usr/local/yagarto-4.7.2/bin/../lib/gcc/arm-none-eabi/4.7.2/../../../../arm-none-eabi/lib/libm.a(lib_a-e_exp.o)
 .debug_loc     0x0000000000006f00      0x48b /usr/local/yagarto-4.7.2/bin/../lib/gcc/arm-none-eabi/4.7.2/../../../../arm-none-eabi/lib/libm.a(lib_a-e_sqrt.o)
 .debug_loc     0x000000000000738b       0x3b /usr/local/yagarto-4.7.2/bin/../lib/gcc/arm-none-eabi/4.7.2/../../../../arm-none-eabi/lib/libm.a(lib_a-s_finite.o)
 .debug_loc     0x00000000000073c6       0x79 /usr/local/yagarto-4.7.2/bin/../lib/gcc/arm-none-eabi/4.7.2/../../../../arm-none-eabi/lib/libm.a(lib_a-s_fpclassify.o)
 .debug_loc     0x000000000000743f       0x21 /usr/local/yagarto-4.7.2/bin/../lib/gcc/arm-none-eabi/4.7.2/../../../../arm-none-eabi/lib/libm.a(lib_a-s_matherr.o)
 .debug_loc     0x0000000000007460       0x3e /usr/local/yagarto-4.7.2/bin/../lib/gcc/arm-none-eabi/4.7.2/../../../../arm-none-eabi/lib/libc.a(lib_a-exit.o)
 .debug_loc     0x000000000000749e       0xdd /usr/local/yagarto-4.7.2/bin/../lib/gcc/arm-none-eabi/4.7.2/../../../../arm-none-eabi/lib/libc.a(lib_a-fclose.o)
 .debug_loc     0x000000000000757b      0x2cb /usr/local/yagarto-4.7.2/bin/../lib/gcc/arm-none-eabi/4.7.2/../../../../arm-none-eabi/lib/libc.a(lib_a-fflush.o)
 .debug_loc     0x0000000000007846      0x102 /usr/local/yagarto-4.7.2/bin/../lib/gcc/arm-none-eabi/4.7.2/../../../../arm-none-eabi/lib/libc.a(lib_a-fgetc.o)
 .debug_loc     0x0000000000007948      0x288 /usr/local/yagarto-4.7.2/bin/../lib/gcc/arm-none-eabi/4.7.2/../../../../arm-none-eabi/lib/libc.a(lib_a-fgets.o)
 .debug_loc     0x0000000000007bd0      0x2f2 /usr/local/yagarto-4.7.2/bin/../lib/gcc/arm-none-eabi/4.7.2/../../../../arm-none-eabi/lib/libc.a(lib_a-findfp.o)
 .debug_loc     0x0000000000007ec2      0x1a3 /usr/local/yagarto-4.7.2/bin/../lib/gcc/arm-none-eabi/4.7.2/../../../../arm-none-eabi/lib/libc.a(lib_a-fopen.o)
 .debug_loc     0x0000000000008065       0xde /usr/local/yagarto-4.7.2/bin/../lib/gcc/arm-none-eabi/4.7.2/../../../../arm-none-eabi/lib/libc.a(lib_a-fprintf.o)
 .debug_loc     0x0000000000008143      0x335 /usr/local/yagarto-4.7.2/bin/../lib/gcc/arm-none-eabi/4.7.2/../../../../arm-none-eabi/lib/libc.a(lib_a-fread.o)
 .debug_loc     0x0000000000008478      0x468 /usr/local/yagarto-4.7.2/bin/../lib/gcc/arm-none-eabi/4.7.2/../../../../arm-none-eabi/lib/libc.a(lib_a-freer.o)
 .debug_loc     0x00000000000088e0      0x37e /usr/local/yagarto-4.7.2/bin/../lib/gcc/arm-none-eabi/4.7.2/../../../../arm-none-eabi/lib/libc.a(lib_a-fseek.o)
 .debug_loc     0x0000000000008c5e       0x8b /usr/local/yagarto-4.7.2/bin/../lib/gcc/arm-none-eabi/4.7.2/../../../../arm-none-eabi/lib/libc.a(lib_a-fstatr.o)
 .debug_loc     0x0000000000008ce9      0x1e0 /usr/local/yagarto-4.7.2/bin/../lib/gcc/arm-none-eabi/4.7.2/../../../../arm-none-eabi/lib/libc.a(lib_a-fwalk.o)
 .debug_loc     0x0000000000008ec9      0x1d4 /usr/local/yagarto-4.7.2/bin/../lib/gcc/arm-none-eabi/4.7.2/../../../../arm-none-eabi/lib/libc.a(lib_a-fwrite.o)
 .debug_loc     0x000000000000909d      0x139 /usr/local/yagarto-4.7.2/bin/../lib/gcc/arm-none-eabi/4.7.2/../../../../arm-none-eabi/lib/libc.a(lib_a-makebuf.o)
 .debug_loc     0x00000000000091d6       0x98 /usr/local/yagarto-4.7.2/bin/../lib/gcc/arm-none-eabi/4.7.2/../../../../arm-none-eabi/lib/libc.a(lib_a-malloc.o)
 .debug_loc     0x000000000000926e      0xc89 /usr/local/yagarto-4.7.2/bin/../lib/gcc/arm-none-eabi/4.7.2/../../../../arm-none-eabi/lib/libc.a(lib_a-mallocr.o)
 .debug_loc     0x0000000000009ef7      0x188 /usr/local/yagarto-4.7.2/bin/../lib/gcc/arm-none-eabi/4.7.2/../../../../arm-none-eabi/lib/libc.a(lib_a-memchr-stub.o)
 .debug_loc     0x000000000000a07f      0x231 /usr/local/yagarto-4.7.2/bin/../lib/gcc/arm-none-eabi/4.7.2/../../../../arm-none-eabi/lib/libc.a(lib_a-memcpy-stub.o)
 .debug_loc     0x000000000000a2b0      0x1f4 /usr/local/yagarto-4.7.2/bin/../lib/gcc/arm-none-eabi/4.7.2/../../../../arm-none-eabi/lib/libc.a(lib_a-memset.o)
 .debug_loc     0x000000000000a4a4       0xc2 /usr/local/yagarto-4.7.2/bin/../lib/gcc/arm-none-eabi/4.7.2/../../../../arm-none-eabi/lib/libc.a(lib_a-openr.o)
 .debug_loc     0x000000000000a566       0xa4 /usr/local/yagarto-4.7.2/bin/../lib/gcc/arm-none-eabi/4.7.2/../../../../arm-none-eabi/lib/libc.a(lib_a-printf.o)
 .debug_loc     0x000000000000a60a       0xb3 /usr/local/yagarto-4.7.2/bin/../lib/gcc/arm-none-eabi/4.7.2/../../../../arm-none-eabi/lib/libc.a(lib_a-puts.o)
 .debug_loc     0x000000000000a6bd      0x185 /usr/local/yagarto-4.7.2/bin/../lib/gcc/arm-none-eabi/4.7.2/../../../../arm-none-eabi/lib/libc.a(lib_a-reent.o)
 .debug_loc     0x000000000000a842       0xdc /usr/local/yagarto-4.7.2/bin/../lib/gcc/arm-none-eabi/4.7.2/../../../../arm-none-eabi/lib/libc.a(lib_a-refill.o)
 .debug_loc     0x000000000000a91e       0xb4 /usr/local/yagarto-4.7.2/bin/../lib/gcc/arm-none-eabi/4.7.2/../../../../arm-none-eabi/lib/libc.a(lib_a-rget.o)
 .debug_loc     0x000000000000a9d2       0x5f /usr/local/yagarto-4.7.2/bin/../lib/gcc/arm-none-eabi/4.7.2/../../../../arm-none-eabi/lib/libc.a(lib_a-sbrkr.o)
 .debug_loc     0x000000000000aa31      0x2b7 /usr/local/yagarto-4.7.2/bin/../lib/gcc/arm-none-eabi/4.7.2/../../../../arm-none-eabi/lib/libc.a(lib_a-stdio.o)
 .debug_loc     0x000000000000ace8       0x21 /usr/local/yagarto-4.7.2/bin/../lib/gcc/arm-none-eabi/4.7.2/../../../../arm-none-eabi/lib/libc.a(lib_a-strlen.o)
 .debug_loc     0x000000000000ad09     0x249d /usr/local/yagarto-4.7.2/bin/../lib/gcc/arm-none-eabi/4.7.2/../../../../arm-none-eabi/lib/libc.a(lib_a-vfprintf.o)
 .debug_loc     0x000000000000d1a6       0xc2 /usr/local/yagarto-4.7.2/bin/../lib/gcc/arm-none-eabi/4.7.2/../../../../arm-none-eabi/lib/libc.a(lib_a-writer.o)
 .debug_loc     0x000000000000d268       0x88 /usr/local/yagarto-4.7.2/bin/../lib/gcc/arm-none-eabi/4.7.2/../../../../arm-none-eabi/lib/libc.a(lib_a-wsetup.o)
 .debug_loc     0x000000000000d2f0      0x1d9 /usr/local/yagarto-4.7.2/bin/../lib/gcc/arm-none-eabi/4.7.2/../../../../arm-none-eabi/lib/libc.a(lib_a-__call_atexit.o)
 .debug_loc     0x000000000000d4c9       0x5f /usr/local/yagarto-4.7.2/bin/../lib/gcc/arm-none-eabi/4.7.2/../../../../arm-none-eabi/lib/libc.a(lib_a-closer.o)
 .debug_loc     0x000000000000d528     0x22e6 /usr/local/yagarto-4.7.2/bin/../lib/gcc/arm-none-eabi/4.7.2/../../../../arm-none-eabi/lib/libc.a(lib_a-dtoa.o)
 .debug_loc     0x000000000000f80e       0xef /usr/local/yagarto-4.7.2/bin/../lib/gcc/arm-none-eabi/4.7.2/../../../../arm-none-eabi/lib/libc.a(lib_a-flags.o)
 .debug_loc     0x000000000000f8fd      0x5b6 /usr/local/yagarto-4.7.2/bin/../lib/gcc/arm-none-eabi/4.7.2/../../../../arm-none-eabi/lib/libc.a(lib_a-fvwrite.o)
 .debug_loc     0x000000000000feb3       0x5f /usr/local/yagarto-4.7.2/bin/../lib/gcc/arm-none-eabi/4.7.2/../../../../arm-none-eabi/lib/libc.a(lib_a-isattyr.o)
 .debug_loc     0x000000000000ff12       0xf9 /usr/local/yagarto-4.7.2/bin/../lib/gcc/arm-none-eabi/4.7.2/../../../../arm-none-eabi/lib/libc.a(lib_a-locale.o)
 .debug_loc     0x000000000001000b       0xc2 /usr/local/yagarto-4.7.2/bin/../lib/gcc/arm-none-eabi/4.7.2/../../../../arm-none-eabi/lib/libc.a(lib_a-lseekr.o)
 .debug_loc     0x00000000000100cd      0x2a4 /usr/local/yagarto-4.7.2/bin/../lib/gcc/arm-none-eabi/4.7.2/../../../../arm-none-eabi/lib/libc.a(lib_a-memmove.o)
 .debug_loc     0x0000000000010371     0x21e5 /usr/local/yagarto-4.7.2/bin/../lib/gcc/arm-none-eabi/4.7.2/../../../../arm-none-eabi/lib/libc.a(lib_a-mprec.o)
 .debug_loc     0x0000000000012556       0xc2 /usr/local/yagarto-4.7.2/bin/../lib/gcc/arm-none-eabi/4.7.2/../../../../arm-none-eabi/lib/libc.a(lib_a-readr.o)
 .debug_loc     0x0000000000012618      0xe06 /usr/local/yagarto-4.7.2/bin/../lib/gcc/arm-none-eabi/4.7.2/../../../../arm-none-eabi/lib/libc.a(lib_a-reallocr.o)
 .debug_loc     0x000000000001341e       0x42 /usr/local/yagarto-4.7.2/bin/../lib/gcc/arm-none-eabi/4.7.2/../../../../arm-none-eabi/lib/libc.a(lib_a-strcmp.o)
 .debug_loc     0x0000000000013460     0x13a0 /usr/local/yagarto-4.7.2/bin/../lib/gcc/arm-none-eabi/4.7.2/../../../../arm-none-eabi/lib/libc.a(lib_a-vfiprintf.o)
 .debug_loc     0x0000000000014800      0x22a /usr/local/yagarto-4.7.2/bin/../lib/gcc/arm-none-eabi/4.7.2/../../../../arm-none-eabi/lib/libc.a(lib_a-callocr.o)
 .debug_loc     0x0000000000014a2a      0x19f /usr/local/yagarto-4.7.2/bin/../lib/gcc/arm-none-eabi/4.7.2/../../../../arm-none-eabi/lib/libc.a(lib_a-fputwc.o)
 .debug_loc     0x0000000000014bc9      0x153 /usr/local/yagarto-4.7.2/bin/../lib/gcc/arm-none-eabi/4.7.2/../../../../arm-none-eabi/lib/libc.a(lib_a-wbuf.o)
 .debug_loc     0x0000000000014d1c      0x23c /usr/local/yagarto-4.7.2/bin/../lib/gcc/arm-none-eabi/4.7.2/../../../../arm-none-eabi/lib/libc.a(lib_a-wcrtomb.o)
 .debug_loc     0x0000000000014f58      0x10a /usr/local/yagarto-4.7.2/bin/../lib/gcc/arm-none-eabi/4.7.2/../../../../arm-none-eabi/lib/libc.a(lib_a-wctomb_r.o)

.debug_aranges  0x0000000000000000      0x978
 .debug_aranges
                0x0000000000000000       0x28 /var/folders/f8/7rbmd4jd4ngf0xhctv_zqp140000gn/T//ccEJffrr.o
 .debug_aranges
                0x0000000000000028       0x20 /var/folders/f8/7rbmd4jd4ngf0xhctv_zqp140000gn/T//ccRuVDGP.o
 .debug_aranges
                0x0000000000000048       0x20 /usr/local/yagarto-4.7.2/bin/../lib/gcc/arm-none-eabi/4.7.2/../../../../arm-none-eabi/lib/libm.a(lib_a-w_exp.o)
 .debug_aranges
                0x0000000000000068       0x20 /usr/local/yagarto-4.7.2/bin/../lib/gcc/arm-none-eabi/4.7.2/../../../../arm-none-eabi/lib/libm.a(lib_a-w_sqrt.o)
 .debug_aranges
                0x0000000000000088       0x20 /usr/local/yagarto-4.7.2/bin/../lib/gcc/arm-none-eabi/4.7.2/../../../../arm-none-eabi/lib/libm.a(lib_a-e_exp.o)
 .debug_aranges
                0x00000000000000a8       0x20 /usr/local/yagarto-4.7.2/bin/../lib/gcc/arm-none-eabi/4.7.2/../../../../arm-none-eabi/lib/libm.a(lib_a-e_sqrt.o)
 .debug_aranges
                0x00000000000000c8       0x20 /usr/local/yagarto-4.7.2/bin/../lib/gcc/arm-none-eabi/4.7.2/../../../../arm-none-eabi/lib/libm.a(lib_a-s_finite.o)
 .debug_aranges
                0x00000000000000e8       0x20 /usr/local/yagarto-4.7.2/bin/../lib/gcc/arm-none-eabi/4.7.2/../../../../arm-none-eabi/lib/libm.a(lib_a-s_fpclassify.o)
 .debug_aranges
                0x0000000000000108       0x18 /usr/local/yagarto-4.7.2/bin/../lib/gcc/arm-none-eabi/4.7.2/../../../../arm-none-eabi/lib/libm.a(lib_a-s_lib_ver.o)
 .debug_aranges
                0x0000000000000120       0x20 /usr/local/yagarto-4.7.2/bin/../lib/gcc/arm-none-eabi/4.7.2/../../../../arm-none-eabi/lib/libm.a(lib_a-s_matherr.o)
 .debug_aranges
                0x0000000000000140       0x20 /usr/local/yagarto-4.7.2/bin/../lib/gcc/arm-none-eabi/4.7.2/../../../../arm-none-eabi/lib/libc.a(lib_a-errno.o)
 .debug_aranges
                0x0000000000000160       0x20 /usr/local/yagarto-4.7.2/bin/../lib/gcc/arm-none-eabi/4.7.2/../../../../arm-none-eabi/lib/libc.a(lib_a-exit.o)
 .debug_aranges
                0x0000000000000180       0x20 /usr/local/yagarto-4.7.2/bin/../lib/gcc/arm-none-eabi/4.7.2/../../../../arm-none-eabi/lib/libc.a(lib_a-fclose.o)
 .debug_aranges
                0x00000000000001a0       0x20 /usr/local/yagarto-4.7.2/bin/../lib/gcc/arm-none-eabi/4.7.2/../../../../arm-none-eabi/lib/libc.a(lib_a-fflush.o)
 .debug_aranges
                0x00000000000001c0       0x20 /usr/local/yagarto-4.7.2/bin/../lib/gcc/arm-none-eabi/4.7.2/../../../../arm-none-eabi/lib/libc.a(lib_a-fgetc.o)
 .debug_aranges
                0x00000000000001e0       0x20 /usr/local/yagarto-4.7.2/bin/../lib/gcc/arm-none-eabi/4.7.2/../../../../arm-none-eabi/lib/libc.a(lib_a-fgets.o)
 .debug_aranges
                0x0000000000000200       0x20 /usr/local/yagarto-4.7.2/bin/../lib/gcc/arm-none-eabi/4.7.2/../../../../arm-none-eabi/lib/libc.a(lib_a-findfp.o)
 .debug_aranges
                0x0000000000000220       0x20 /usr/local/yagarto-4.7.2/bin/../lib/gcc/arm-none-eabi/4.7.2/../../../../arm-none-eabi/lib/libc.a(lib_a-fopen.o)
 .debug_aranges
                0x0000000000000240       0x20 /usr/local/yagarto-4.7.2/bin/../lib/gcc/arm-none-eabi/4.7.2/../../../../arm-none-eabi/lib/libc.a(lib_a-fprintf.o)
 .debug_aranges
                0x0000000000000260       0x20 /usr/local/yagarto-4.7.2/bin/../lib/gcc/arm-none-eabi/4.7.2/../../../../arm-none-eabi/lib/libc.a(lib_a-fread.o)
 .debug_aranges
                0x0000000000000280       0x20 /usr/local/yagarto-4.7.2/bin/../lib/gcc/arm-none-eabi/4.7.2/../../../../arm-none-eabi/lib/libc.a(lib_a-freer.o)
 .debug_aranges
                0x00000000000002a0       0x20 /usr/local/yagarto-4.7.2/bin/../lib/gcc/arm-none-eabi/4.7.2/../../../../arm-none-eabi/lib/libc.a(lib_a-fseek.o)
 .debug_aranges
                0x00000000000002c0       0x20 /usr/local/yagarto-4.7.2/bin/../lib/gcc/arm-none-eabi/4.7.2/../../../../arm-none-eabi/lib/libc.a(lib_a-fstatr.o)
 .debug_aranges
                0x00000000000002e0       0x20 /usr/local/yagarto-4.7.2/bin/../lib/gcc/arm-none-eabi/4.7.2/../../../../arm-none-eabi/lib/libc.a(lib_a-fwalk.o)
 .debug_aranges
                0x0000000000000300       0x20 /usr/local/yagarto-4.7.2/bin/../lib/gcc/arm-none-eabi/4.7.2/../../../../arm-none-eabi/lib/libc.a(lib_a-fwrite.o)
 .debug_aranges
                0x0000000000000320       0x18 /usr/local/yagarto-4.7.2/bin/../lib/gcc/arm-none-eabi/4.7.2/../../../../arm-none-eabi/lib/libc.a(lib_a-impure.o)
 .debug_aranges
                0x0000000000000338       0x20 /usr/local/yagarto-4.7.2/bin/../lib/gcc/arm-none-eabi/4.7.2/../../../../arm-none-eabi/lib/libc.a(lib_a-makebuf.o)
 .debug_aranges