Archive member included because of file (symbol)

/usr/local/yagarto-4.6.2/bin/../lib/gcc/arm-none-eabi/4.6.2/../../../../arm-none-eabi/lib/libg.a(lib_a-atexit.o)
                              /usr/local/yagarto-4.6.2/bin/../lib/gcc/arm-none-eabi/4.6.2/../../../../arm-none-eabi/lib/crt0.o (atexit)
/usr/local/yagarto-4.6.2/bin/../lib/gcc/arm-none-eabi/4.6.2/../../../../arm-none-eabi/lib/libg.a(lib_a-exit.o)
                              /usr/local/yagarto-4.6.2/bin/../lib/gcc/arm-none-eabi/4.6.2/../../../../arm-none-eabi/lib/crt0.o (exit)
/usr/local/yagarto-4.6.2/bin/../lib/gcc/arm-none-eabi/4.6.2/../../../../arm-none-eabi/lib/libg.a(lib_a-fini.o)
                              /usr/local/yagarto-4.6.2/bin/../lib/gcc/arm-none-eabi/4.6.2/../../../../arm-none-eabi/lib/crt0.o (__libc_fini_array)
/usr/local/yagarto-4.6.2/bin/../lib/gcc/arm-none-eabi/4.6.2/../../../../arm-none-eabi/lib/libg.a(lib_a-fopen.o)
                              /var/folders/7u/7uIO55joFSqde8Z+DePT-U+++TI/-Tmp-//ccIASabt.o (fopen)
/usr/local/yagarto-4.6.2/bin/../lib/gcc/arm-none-eabi/4.6.2/../../../../arm-none-eabi/lib/libg.a(lib_a-fscanf.o)
                              /var/folders/7u/7uIO55joFSqde8Z+DePT-U+++TI/-Tmp-//ccIASabt.o (fscanf)
/usr/local/yagarto-4.6.2/bin/../lib/gcc/arm-none-eabi/4.6.2/../../../../arm-none-eabi/lib/libg.a(lib_a-fseek.o)
                              /usr/local/yagarto-4.6.2/bin/../lib/gcc/arm-none-eabi/4.6.2/../../../../arm-none-eabi/lib/libg.a(lib_a-fopen.o) (_fseek_r)
/usr/local/yagarto-4.6.2/bin/../lib/gcc/arm-none-eabi/4.6.2/../../../../arm-none-eabi/lib/libg.a(lib_a-fstatr.o)
                              /usr/local/yagarto-4.6.2/bin/../lib/gcc/arm-none-eabi/4.6.2/../../../../arm-none-eabi/lib/libg.a(lib_a-fseek.o) (_fstat_r)
/usr/local/yagarto-4.6.2/bin/../lib/gcc/arm-none-eabi/4.6.2/../../../../arm-none-eabi/lib/libg.a(lib_a-impure.o)
                              /usr/local/yagarto-4.6.2/bin/../lib/gcc/arm-none-eabi/4.6.2/../../../../arm-none-eabi/lib/libg.a(lib_a-exit.o) (_global_impure_ptr)
/usr/local/yagarto-4.6.2/bin/../lib/gcc/arm-none-eabi/4.6.2/../../../../arm-none-eabi/lib/libg.a(lib_a-init.o)
                              /usr/local/yagarto-4.6.2/bin/../lib/gcc/arm-none-eabi/4.6.2/../../../../arm-none-eabi/lib/crt0.o (__libc_init_array)
/usr/local/yagarto-4.6.2/bin/../lib/gcc/arm-none-eabi/4.6.2/../../../../arm-none-eabi/lib/libg.a(lib_a-makebuf.o)
                              /usr/local/yagarto-4.6.2/bin/../lib/gcc/arm-none-eabi/4.6.2/../../../../arm-none-eabi/lib/libg.a(lib_a-fseek.o) (__smakebuf_r)
/usr/local/yagarto-4.6.2/bin/../lib/gcc/arm-none-eabi/4.6.2/../../../../arm-none-eabi/lib/libg.a(lib_a-mallocr.o)
                              /usr/local/yagarto-4.6.2/bin/../lib/gcc/arm-none-eabi/4.6.2/../../../../arm-none-eabi/lib/libg.a(lib_a-makebuf.o) (_malloc_r)
/usr/local/yagarto-4.6.2/bin/../lib/gcc/arm-none-eabi/4.6.2/../../../../arm-none-eabi/lib/libg.a(lib_a-memset.o)
                              /usr/local/yagarto-4.6.2/bin/../lib/gcc/arm-none-eabi/4.6.2/../../../../arm-none-eabi/lib/crt0.o (memset)
/usr/local/yagarto-4.6.2/bin/../lib/gcc/arm-none-eabi/4.6.2/../../../../arm-none-eabi/lib/libg.a(lib_a-mlock.o)
                              /usr/local/yagarto-4.6.2/bin/../lib/gcc/arm-none-eabi/4.6.2/../../../../arm-none-eabi/lib/libg.a(lib_a-mallocr.o) (__malloc_lock)
/usr/local/yagarto-4.6.2/bin/../lib/gcc/arm-none-eabi/4.6.2/../../../../arm-none-eabi/lib/libg.a(lib_a-openr.o)
                              /usr/local/yagarto-4.6.2/bin/../lib/gcc/arm-none-eabi/4.6.2/../../../../arm-none-eabi/lib/libg.a(lib_a-fopen.o) (_open_r)
/usr/local/yagarto-4.6.2/bin/../lib/gcc/arm-none-eabi/4.6.2/../../../../arm-none-eabi/lib/libg.a(lib_a-printf.o)
                              /var/folders/7u/7uIO55joFSqde8Z+DePT-U+++TI/-Tmp-//ccIASabt.o (printf)
/usr/local/yagarto-4.6.2/bin/../lib/gcc/arm-none-eabi/4.6.2/../../../../arm-none-eabi/lib/libg.a(lib_a-puts.o)
                              /var/folders/7u/7uIO55joFSqde8Z+DePT-U+++TI/-Tmp-//ccIASabt.o (puts)
/usr/local/yagarto-4.6.2/bin/../lib/gcc/arm-none-eabi/4.6.2/../../../../arm-none-eabi/lib/libg.a(lib_a-qsort.o)
                              /var/folders/7u/7uIO55joFSqde8Z+DePT-U+++TI/-Tmp-//ccIASabt.o (qsort)
/usr/local/yagarto-4.6.2/bin/../lib/gcc/arm-none-eabi/4.6.2/../../../../arm-none-eabi/lib/libg.a(lib_a-reent.o)
                              /usr/local/yagarto-4.6.2/bin/../lib/gcc/arm-none-eabi/4.6.2/../../../../arm-none-eabi/lib/libg.a(lib_a-fstatr.o) (errno)
/usr/local/yagarto-4.6.2/bin/../lib/gcc/arm-none-eabi/4.6.2/../../../../arm-none-eabi/lib/libg.a(lib_a-refill.o)
                              /usr/local/yagarto-4.6.2/bin/../lib/gcc/arm-none-eabi/4.6.2/../../../../arm-none-eabi/lib/libg.a(lib_a-fseek.o) (__srefill_r)
/usr/local/yagarto-4.6.2/bin/../lib/gcc/arm-none-eabi/4.6.2/../../../../arm-none-eabi/lib/libg.a(lib_a-sbrkr.o)
[...]
Memory Configuration

Name             Origin             Length             Attributes
external_ram     0x81000000         0x00a00000
*default*        0x00000000         0xffffffff

Linker script and memory map

LOAD /usr/local/yagarto-4.6.2/bin/../lib/gcc/arm-none-eabi/4.6.2/crti.o
LOAD /usr/local/yagarto-4.6.2/bin/../lib/gcc/arm-none-eabi/4.6.2/crtbegin.o
LOAD /usr/local/yagarto-4.6.2/bin/../lib/gcc/arm-none-eabi/4.6.2/../../../../arm-none-eabi/lib/crt0.o
LOAD /var/folders/7u/7uIO55joFSqde8Z+DePT-U+++TI/-Tmp-//ccIASabt.o
LOAD /var/folders/7u/7uIO55joFSqde8Z+DePT-U+++TI/-Tmp-//ccTXx834.o
LOAD /usr/local/yagarto-4.6.2/bin/../lib/gcc/arm-none-eabi/4.6.2/../../../../arm-none-eabi/lib/libm.a

.text           0x81000000    0x1236c
 *(.init)
 .init          0x81000000        0xc /usr/local/yagarto-4.6.2/bin/../lib/gcc/arm-none-eabi/4.6.2/crti.o
                0x81000000                _init
 .init          0x8100000c        0xc /usr/local/yagarto-4.6.2/bin/../lib/gcc/arm-none-eabi/4.6.2/crtn.o
                0x81000018                . = ALIGN (0x4)
 *(.text)
 .text          0x81000018        0x0 /usr/local/yagarto-4.6.2/bin/../lib/gcc/arm-none-eabi/4.6.2/crti.o
 .text          0x81000018       0x94 /usr/local/yagarto-4.6.2/bin/../lib/gcc/arm-none-eabi/4.6.2/crtbegin.o
 .text          0x810000ac      0x104 /usr/local/yagarto-4.6.2/bin/../lib/gcc/arm-none-eabi/4.6.2/../../../../arm-none-eabi/lib/crt0.o
                0x810000ac                _mainCRTStartup
                0x810000ac                _start
                0x810000ac                start
 .text          0x810001b0       0x20 /var/folders/7u/7uIO55joFSqde8Z+DePT-U+++TI/-Tmp-//ccIASabt.o
                0x810001b0                compare
 .text          0x810001d0       0xbc /var/folders/7u/7uIO55joFSqde8Z+DePT-U+++TI/-Tmp-//ccTXx834.o
                0x810001d0                writechar
                0x810001e0                _open
                0x810001e4                _close
                0x810001ec                _writeToFile
                0x810001f0                _write
                0x81000238                _read
                0x8100023c                _fstat
                0x8100024c                _lseek
                0x81000254                _sbrk
                0x81000280                _isatty
                0x81000288                _exit
 .text          0x8100028c       0x38 ../internal/crt0.o
                0x81000290                _entryPoint
                0x810002b8                shouldNotHappen
 .text          0x810002c4       0x20 /usr/local/yagarto-4.6.2/bin/../lib/gcc/arm-none-eabi/4.6.2/../../../../arm-none-eabi/lib/libg.a(lib_a-atexit.o)
                0x810002c4                atexit
 .text          0x810002e4       0x34 /usr/local/yagarto-4.6.2/bin/../lib/gcc/arm-none-eabi/4.6.2/../../../../arm-none-eabi/lib/libg.a(lib_a-exit.o)
                0x810002e4                exit
 .text          0x81000318       0x44 /usr/local/yagarto-4.6.2/bin/../lib/gcc/arm-none-eabi/4.6.2/../../../../arm-none-eabi/lib/libg.a(lib_a-fini.o)
                0x81000318                __libc_fini_array
 .text          0x8100035c      0x100 /usr/local/yagarto-4.6.2/bin/../lib/gcc/arm-none-eabi/4.6.2/../../../../arm-none-eabi/lib/libg.a(lib_a-fopen.o)
                0x8100035c                _fopen_r
                0x81000440                fopen
 .text          0x8100045c       0x70 /usr/local/yagarto-4.6.2/bin/../lib/gcc/arm-none-eabi/4.6.2/../../../../arm-none-eabi/lib/libg.a(lib_a-fscanf.o)
                0x8100045c                fscanf
                0x8100049c                _fscanf_r
 .text          0x810004cc      0x4cc /usr/local/yagarto-4.6.2/bin/../lib/gcc/arm-none-eabi/4.6.2/../../../../arm-none-eabi/lib/libg.a(lib_a-fseek.o)
                0x810004cc                _fseek_r
                0x8100096c                fseek
 .text          0x81000998       0x40 /usr/local/yagarto-4.6.2/bin/../lib/gcc/arm-none-eabi/4.6.2/../../../../arm-none-eabi/lib/libg.a(lib_a-fstatr.o)
                0x81000998                _fstat_r
 .text          0x810009d8        0x0 /usr/local/yagarto-4.6.2/bin/../lib/gcc/arm-none-eabi/4.6.2/../../../../arm-none-eabi/lib/libg.a(lib_a-impure.o)
 .text          0x810009d8       0x80 /usr/local/yagarto-4.6.2/bin/../lib/gcc/arm-none-eabi/4.6.2/../../../../arm-none-eabi/lib/libg.a(lib_a-init.o)
                0x810009d8                __libc_init_array
 .text          0x81000a58      0x160 /usr/local/yagarto-4.6.2/bin/../lib/gcc/arm-none-eabi/4.6.2/../../../../arm-none-eabi/lib/libg.a(lib_a-makebuf.o)
                0x81000a58                __smakebuf_r
 .text          0x81000bb8      0x714 /usr/local/yagarto-4.6.2/bin/../lib/gcc/arm-none-eabi/4.6.2/../../../../arm-none-eabi/lib/libg.a(lib_a-mallocr.o)
                0x81000bb8                _malloc_r
 .text          0x810012cc       0xf0 /usr/local/yagarto-4.6.2/bin/../lib/gcc/arm-none-eabi/4.6.2/../../../../arm-none-eabi/lib/libg.a(lib_a-memset.o)
                0x810012cc                memset
 .text          0x810013bc        0x8 /usr/local/yagarto-4.6.2/bin/../lib/gcc/arm-none-eabi/4.6.2/../../../../arm-none-eabi/lib/libg.a(lib_a-mlock.o)
                0x810013bc                __malloc_lock
                0x810013c0                __malloc_unlock
 .text          0x810013c4       0x44 /usr/local/yagarto-4.6.2/bin/../lib/gcc/arm-none-eabi/4.6.2/../../../../arm-none-eabi/lib/libg.a(lib_a-openr.o)
                0x810013c4                _open_r
 .text          0x81001408       0x74 /usr/local/yagarto-4.6.2/bin/../lib/gcc/arm-none-eabi/4.6.2/../../../../arm-none-eabi/lib/libg.a(lib_a-printf.o)
                0x81001408                _printf_r
                0x8100143c                printf
 .text          0x8100147c       0xb4 /usr/local/yagarto-4.6.2/bin/../lib/gcc/arm-none-eabi/4.6.2/../../../../arm-none-eabi/lib/libg.a(lib_a-puts.o)
                0x8100147c                _puts_r
                0x8100151c                puts
 .text          0x81001530      0x8dc /usr/local/yagarto-4.6.2/bin/../lib/gcc/arm-none-eabi/4.6.2/../../../../arm-none-eabi/lib/libg.a(lib_a-qsort.o)
                0x81001530                qsort
 .text          0x81001e0c      0x1a8 /usr/local/yagarto-4.6.2/bin/../lib/gcc/arm-none-eabi/4.6.2/../../../../arm-none-eabi/lib/libg.a(lib_a-reent.o)
                0x81001e0c                cleanup_glue
                0x81001e38                _reclaim_reent
                0x81001f40                _wrapup_reent
 .text          0x81001fb4      0x1c8 /usr/local/yagarto-4.6.2/bin/../lib/gcc/arm-none-eabi/4.6.2/../../../../arm-none-eabi/lib/libg.a(lib_a-refill.o)
                0x81001fdc                __srefill_r
 .text          0x8100217c       0x40 /usr/local/yagarto-4.6.2/bin/../lib/gcc/arm-none-eabi/4.6.2/../../../../arm-none-eabi/lib/libg.a(lib_a-sbrkr.o)
                0x8100217c                _sbrk_r
 .text          0x810021bc       0xdc /usr/local/yagarto-4.6.2/bin/../lib/gcc/arm-none-eabi/4.6.2/../../../../arm-none-eabi/lib/libg.a(lib_a-stdio.o)
                0x810021bc                __sread
                0x810021f0                __seofread
                0x810021f8                __swrite
                0x81002250                __sseek
                0x81002284                __sclose
 .text          0x81002298      0x230 /usr/local/yagarto-4.6.2/bin/../lib/gcc/arm-none-eabi/4.6.2/../../../../arm-none-eabi/lib/libg.a(lib_a-strcmp.o)
                0x81002298                strcmp
 .text          0x810024c8       0x60 /usr/local/yagarto-4.6.2/bin/../lib/gcc/arm-none-eabi/4.6.2/../../../../arm-none-eabi/lib/libg.a(lib_a-strlen.o)
                0x810024c8                strlen
 .text          0x81002528     0x2064 /usr/local/yagarto-4.6.2/bin/../lib/gcc/arm-none-eabi/4.6.2/../../../../arm-none-eabi/lib/libg.a(lib_a-vfprintf.o)
                0x81002528                _vfprintf_r
                0x81004560                vfprintf
 .text          0x8100458c     0x1560 /usr/local/yagarto-4.6.2/bin/../lib/gcc/arm-none-eabi/4.6.2/../../../../arm-none-eabi/lib/libg.a(lib_a-vfscanf.o)
                0x8100458c                __svfscanf_r
                0x81005a24                _vfscanf_r
                0x81005a6c                __svfscanf
                0x81005a98                vfscanf
 .text          0x81005aec       0x44 /usr/local/yagarto-4.6.2/bin/../lib/gcc/arm-none-eabi/4.6.2/../../../../arm-none-eabi/lib/libg.a(lib_a-writer.o)
                0x81005aec                _write_r
 .text          0x81005b30      0x12c /usr/local/yagarto-4.6.2/bin/../lib/gcc/arm-none-eabi/4.6.2/../../../../arm-none-eabi/lib/libg.a(lib_a-wsetup.o)
                0x81005b30                __swsetup_r
 .text          0x81005c5c       0xf0 /usr/local/yagarto-4.6.2/bin/../lib/gcc/arm-none-eabi/4.6.2/../../../../arm-none-eabi/lib/libg.a(lib_a-__atexit.o)
                0x81005c5c                __register_exitproc
 .text          0x81005d4c      0x174 /usr/local/yagarto-4.6.2/bin/../lib/gcc/arm-none-eabi/4.6.2/../../../../arm-none-eabi/lib/libg.a(lib_a-__call_atexit.o)
                0x81005d4c                __call_exitprocs
 .text          0x81005ec0       0x3c /usr/local/yagarto-4.6.2/bin/../lib/gcc/arm-none-eabi/4.6.2/../../../../arm-none-eabi/lib/libg.a(lib_a-closer.o)
                0x81005ec0                _close_r
 .text          0x81005efc        0x0 /usr/local/yagarto-4.6.2/bin/../lib/gcc/arm-none-eabi/4.6.2/../../../../arm-none-eabi/lib/libg.a(lib_a-ctype_.o)
 *fill*         0x81005efc        0x4 00
 .text          0x81005f00     0x18a8 /usr/local/yagarto-4.6.2/bin/../lib/gcc/arm-none-eabi/4.6.2/../../../../arm-none-eabi/lib/libg.a(lib_a-dtoa.o)
                0x810060f8                _dtoa_r
 .text          0x810077a8      0x298 /usr/local/yagarto-4.6.2/bin/../lib/gcc/arm-none-eabi/4.6.2/../../../../arm-none-eabi/lib/libg.a(lib_a-fflush.o)
                0x810077a8                _fflush_r
                0x81007a00                fflush
 .text          0x81007a40      0x2e8 /usr/local/yagarto-4.6.2/bin/../lib/gcc/arm-none-eabi/4.6.2/../../../../arm-none-eabi/lib/libg.a(lib_a-findfp.o)
                0x81007a50                _cleanup_r
                0x81007ae4                __sfmoreglue
                0x81007b2c                _cleanup
                0x81007b3c                __sinit
                0x81007bb4                __sfp
                0x81007cd0                __sfp_lock_acquire
                0x81007cd4                __sfp_lock_release
                0x81007cd8                __sinit_lock_acquire
                0x81007cdc                __sinit_lock_release
                0x81007ce0                __fp_lock_all
                0x81007d04                __fp_unlock_all
 .text          0x81007d28       0xc8 /usr/local/yagarto-4.6.2/bin/../lib/gcc/arm-none-eabi/4.6.2/../../../../arm-none-eabi/lib/libg.a(lib_a-flags.o)
                0x81007d28                __sflags
 .text          0x81007df0      0x268 /usr/local/yagarto-4.6.2/bin/../lib/gcc/arm-none-eabi/4.6.2/../../../../arm-none-eabi/lib/libg.a(lib_a-fread.o)
                0x81007df0                _fread_r
                0x81008014                fread
 .text          0x81008058      0x360 /usr/local/yagarto-4.6.2/bin/../lib/gcc/arm-none-eabi/4.6.2/../../../../arm-none-eabi/lib/libg.a(lib_a-freer.o)
                0x81008058                _malloc_trim_r
                0x81008154                _free_r
 .text          0x810083b8      0x4ac /usr/local/yagarto-4.6.2/bin/../lib/gcc/arm-none-eabi/4.6.2/../../../../arm-none-eabi/lib/libg.a(lib_a-fvwrite.o)
                0x810083b8                __sfvwrite_r
 .text          0x81008864      0x10c /usr/local/yagarto-4.6.2/bin/../lib/gcc/arm-none-eabi/4.6.2/../../../../arm-none-eabi/lib/libg.a(lib_a-fwalk.o)
                0x81008864                _fwalk
                0x810088e8                _fwalk_reent
 .text          0x81008970       0x3c /usr/local/yagarto-4.6.2/bin/../lib/gcc/arm-none-eabi/4.6.2/../../../../arm-none-eabi/lib/libg.a(lib_a-isattyr.o)
                0x81008970                _isatty_r
 .text          0x810089ac       0x24 /usr/local/yagarto-4.6.2/bin/../lib/gcc/arm-none-eabi/4.6.2/../../../../arm-none-eabi/lib/libg.a(lib_a-iswspace.o)
                0x810089ac                iswspace
 .text          0x810089d0       0xd0 /usr/local/yagarto-4.6.2/bin/../lib/gcc/arm-none-eabi/4.6.2/../../../../arm-none-eabi/lib/libg.a(lib_a-locale.o)
                0x810089d0                _setlocale_r
                0x81008a3c                __locale_charset
                0x81008a48                __locale_mb_cur_max
                0x81008a58                __locale_msgcharset
                0x81008a64                __locale_cjk_lang
                0x81008a6c                _localeconv_r
                0x81008a78                setlocale
                0x81008a94                localeconv
 .text          0x81008aa0       0x44 /usr/local/yagarto-4.6.2/bin/../lib/gcc/arm-none-eabi/4.6.2/../../../../arm-none-eabi/lib/libg.a(lib_a-lseekr.o)
                0x81008aa0                _lseek_r
 .text          0x81008ae4      0x138 /usr/local/yagarto-4.6.2/bin/../lib/gcc/arm-none-eabi/4.6.2/../../../../arm-none-eabi/lib/libg.a(lib_a-mbrtowc.o)
                0x81008ae4                _mbrtowc_r
                0x81008b78                mbrtowc
 .text          0x81008c1c       0x94 /usr/local/yagarto-4.6.2/bin/../lib/gcc/arm-none-eabi/4.6.2/../../../../arm-none-eabi/lib/libg.a(lib_a-mbtowc_r.o)
                0x81008c1c                __ascii_mbtowc
                0x81008c5c                _mbtowc_r
 .text          0x81008cb0      0x100 /usr/local/yagarto-4.6.2/bin/../lib/gcc/arm-none-eabi/4.6.2/../../../../arm-none-eabi/lib/libg.a(lib_a-memchr.o)
                0x81008cb0                memchr
 .text          0x81008db0       0xd8 /usr/local/yagarto-4.6.2/bin/../lib/gcc/arm-none-eabi/4.6.2/../../../../arm-none-eabi/lib/libg.a(lib_a-memcpy.o)
                0x81008db0                memcpy
 .text          0x81008e88      0x134 /usr/local/yagarto-4.6.2/bin/../lib/gcc/arm-none-eabi/4.6.2/../../../../arm-none-eabi/lib/libg.a(lib_a-memmove.o)
                0x81008e88                memmove
 .text          0x81008fbc      0xd2c /usr/local/yagarto-4.6.2/bin/../lib/gcc/arm-none-eabi/4.6.2/../../../../arm-none-eabi/lib/libg.a(lib_a-mprec.o)
                0x81008fbc                _Balloc
                0x81009048                _Bfree
                0x81009064                __multadd
                0x81009140                __s2b
                0x81009228                __hi0bits
                0x81009278                __lo0bits
                0x81009308                __i2b
                0x8100932c                __multiply
                0x81009528                __pow5mult
                0x8100961c                __lshift
                0x81009718                __mcmp
                0x8100977c                __mdiff
                0x810098cc                __ulp
                0x81009928                __b2d
                0x810099f0                __d2b
                0x81009afc                __ratio
                0x81009b8c                _mprec_log10
                0x81009be0                __copybits
                0x81009c54                __any_on
 .text          0x81009ce8       0x44 /usr/local/yagarto-4.6.2/bin/../lib/gcc/arm-none-eabi/4.6.2/../../../../arm-none-eabi/lib/libg.a(lib_a-readr.o)
                0x81009ce8                _read_r
 .text          0x81009d2c      0x55c /usr/local/yagarto-4.6.2/bin/../lib/gcc/arm-none-eabi/4.6.2/../../../../arm-none-eabi/lib/libg.a(lib_a-reallocr.o)
                0x81009d2c                _realloc_r
 .text          0x8100a288       0x84 /usr/local/yagarto-4.6.2/bin/../lib/gcc/arm-none-eabi/4.6.2/../../../../arm-none-eabi/lib/libg.a(lib_a-s_fpclassify.o)
                0x8100a288                __fpclassifyd
 .text          0x8100a30c       0xc4 /usr/local/yagarto-4.6.2/bin/../lib/gcc/arm-none-eabi/4.6.2/../../../../arm-none-eabi/lib/libg.a(lib_a-sccl.o)
                0x8100a30c                __sccl
 .text          0x8100a3d0        0xc /usr/local/yagarto-4.6.2/bin/../lib/gcc/arm-none-eabi/4.6.2/../../../../arm-none-eabi/lib/libg.a(lib_a-sf_nan.o)
                0x8100a3d0                nanf
 .text          0x8100a3dc       0xdc /usr/local/yagarto-4.6.2/bin/../lib/gcc/arm-none-eabi/4.6.2/../../../../arm-none-eabi/lib/libg.a(lib_a-sprintf.o)
                0x8100a3dc                _sprintf_r
                0x8100a444                sprintf
 .text          0x8100a4b8     0x1690 /usr/local/yagarto-4.6.2/bin/../lib/gcc/arm-none-eabi/4.6.2/../../../../arm-none-eabi/lib/libg.a(lib_a-strtod.o)
                0x8100a504                _strtod_r
                0x8100bad8                strtod
                0x8100baf4                strtof
 .text          0x8100bb48      0x204 /usr/local/yagarto-4.6.2/bin/../lib/gcc/arm-none-eabi/4.6.2/../../../../arm-none-eabi/lib/libg.a(lib_a-strtol.o)
                0x8100bb48                _strtol_r
                0x8100bd20                strtol
 .text          0x8100bd4c      0x1f8 /usr/local/yagarto-4.6.2/bin/../lib/gcc/arm-none-eabi/4.6.2/../../../../arm-none-eabi/lib/libg.a(lib_a-strtoul.o)
                0x8100bd4c                _strtoul_r
                0x8100bf18                strtoul
 .text          0x8100bf44     0x1d98 /usr/local/yagarto-4.6.2/bin/../lib/gcc/arm-none-eabi/4.6.2/../../../../arm-none-eabi/lib/libg.a(lib_a-svfprintf.o)
                0x8100bf44                _svfprintf_r
 .text          0x8100dcdc      0x23c /usr/local/yagarto-4.6.2/bin/../lib/gcc/arm-none-eabi/4.6.2/../../../../arm-none-eabi/lib/libg.a(lib_a-ungetc.o)
                0x8100dcdc                __submore
                0x8100dd88                _ungetc_r
                0x8100defc                ungetc
 .text          0x8100df18     0x10d4 /usr/local/yagarto-4.6.2/bin/../lib/gcc/arm-none-eabi/4.6.2/../../../../arm-none-eabi/lib/libg.a(lib_a-vfiprintf.o)
                0x8100df18                __sprint_r
                0x8100dfd8                _vfiprintf_r
                0x8100efc0                vfiprintf
 .text          0x8100efec       0x90 /usr/local/yagarto-4.6.2/bin/../lib/gcc/arm-none-eabi/4.6.2/../../../../arm-none-eabi/lib/libg.a(lib_a-callocr.o)
                0x8100efec                _calloc_r
 .text          0x8100f07c      0x10c /usr/local/yagarto-4.6.2/bin/../lib/gcc/arm-none-eabi/4.6.2/../../../../arm-none-eabi/lib/libg.a(lib_a-fclose.o)
                0x8100f07c                _fclose_r
                0x8100f174                fclose
 .text          0x8100f188      0x1a8 /usr/local/yagarto-4.6.2/bin/../lib/gcc/arm-none-eabi/4.6.2/../../../../arm-none-eabi/lib/libg.a(lib_a-fputwc.o)
                0x8100f188                _fputwc_r
                0x8100f2e4                fputwc
 .text          0x8100f330      0x9a8 /usr/local/yagarto-4.6.2/bin/../lib/gcc/arm-none-eabi/4.6.2/../../../../arm-none-eabi/lib/libg.a(lib_a-gdtoa-gethex.o)
                0x8100f434                __hexdig_init
                0x8100f4b8                __gethex
 .text          0x8100fcd8      0x2b0 /usr/local/yagarto-4.6.2/bin/../lib/gcc/arm-none-eabi/4.6.2/../../../../arm-none-eabi/lib/libg.a(lib_a-gdtoa-hexnan.o)
                0x8100fcd8                __hexnan
 .text          0x8100ff88      0x140 /usr/local/yagarto-4.6.2/bin/../lib/gcc/arm-none-eabi/4.6.2/../../../../arm-none-eabi/lib/libg.a(lib_a-strncmp.o)
                0x8100ff88                strncmp
 .text          0x810100c8      0xf6c /usr/local/yagarto-4.6.2/bin/../lib/gcc/arm-none-eabi/4.6.2/../../../../arm-none-eabi/lib/libg.a(lib_a-svfiprintf.o)
                0x810100c8                __ssprint_r
                0x81010250                _svfiprintf_r
 .text          0x81011034      0x158 /usr/local/yagarto-4.6.2/bin/../lib/gcc/arm-none-eabi/4.6.2/../../../../arm-none-eabi/lib/libg.a(lib_a-wbuf.o)
                0x81011034                __swbuf_r
                0x81011170                __swbuf
 .text          0x8101118c      0x130 /usr/local/yagarto-4.6.2/bin/../lib/gcc/arm-none-eabi/4.6.2/../../../../arm-none-eabi/lib/libg.a(lib_a-wcrtomb.o)
                0x8101118c                _wcrtomb_r
                0x81011218                wcrtomb
 .text          0x810112bc       0x7c /usr/local/yagarto-4.6.2/bin/../lib/gcc/arm-none-eabi/4.6.2/../../../../arm-none-eabi/lib/libg.a(lib_a-wctomb_r.o)
                0x810112bc                __ascii_wctomb
                0x810112e8                _wctomb_r
 .text          0x81011338      0x114 /usr/local/yagarto-4.6.2/bin/../lib/gcc/arm-none-eabi/4.6.2/libgcc.a(_udivsi3.o)
                0x81011338                __udivsi3
                0x81011338                __aeabi_uidiv
                0x8101142c                __aeabi_uidivmod
 .text          0x8101144c        0x4 /usr/local/yagarto-4.6.2/bin/../lib/gcc/arm-none-eabi/4.6.2/libgcc.a(_dvmd_tls.o)
                0x8101144c                __aeabi_ldiv0
                0x8101144c                __aeabi_idiv0
 .text          0x81011450      0x41c /usr/local/yagarto-4.6.2/bin/../lib/gcc/arm-none-eabi/4.6.2/libgcc.a(_arm_addsubdf3.o)
                0x81011450                __aeabi_drsub
                0x81011458                __subdf3
                0x81011458                __aeabi_dsub
                0x8101145c                __aeabi_dadd
                0x8101145c                __adddf3
                0x8101176c                __aeabi_ui2d
                0x8101176c                __floatunsidf
                0x81011790                __floatsidf
                0x81011790                __aeabi_i2d
                0x810117b8                __extendsfdf2
                0x810117b8                __aeabi_f2d
                0x810117f8                __aeabi_ul2d
                0x810117f8                __floatundidf
                0x8101180c                __aeabi_l2d
                0x8101180c                __floatdidf
 .text          0x8101186c      0x49c /usr/local/yagarto-4.6.2/bin/../lib/gcc/arm-none-eabi/4.6.2/libgcc.a(_arm_muldivdf3.o)
                0x8101186c                __aeabi_dmul
                0x8101186c                __muldf3
                0x81011afc                __aeabi_ddiv
                0x81011afc                __divdf3
 .text          0x81011d08      0x144 /usr/local/yagarto-4.6.2/bin/../lib/gcc/arm-none-eabi/4.6.2/libgcc.a(_arm_cmpdf2.o)
                0x81011d08                __gtdf2
                0x81011d08                __gedf2
                0x81011d10                __ltdf2
                0x81011d10                __ledf2
                0x81011d18                __eqdf2
                0x81011d18                __nedf2
                0x81011d18                __cmpdf2
                0x81011da0                __aeabi_cdrcmple
                0x81011dbc                __aeabi_cdcmple
                0x81011dbc                __aeabi_cdcmpeq
                0x81011dd4                __aeabi_dcmpeq
                0x81011dec                __aeabi_dcmplt
                0x81011e04                __aeabi_dcmple
                0x81011e1c                __aeabi_dcmpge
                0x81011e34                __aeabi_dcmpgt
 .text          0x81011e4c       0x5c /usr/local/yagarto-4.6.2/bin/../lib/gcc/arm-none-eabi/4.6.2/libgcc.a(_arm_fixdfsi.o)
                0x81011e4c                __fixdfsi
                0x81011e4c                __aeabi_d2iz
 .text          0x81011ea8       0x54 /usr/local/yagarto-4.6.2/bin/../lib/gcc/arm-none-eabi/4.6.2/libgcc.a(_arm_fixunsdfsi.o)
                0x81011ea8                __fixunsdfsi
                0x81011ea8                __aeabi_d2uiz
 .text          0x81011efc       0xa0 /usr/local/yagarto-4.6.2/bin/../lib/gcc/arm-none-eabi/4.6.2/libgcc.a(_arm_truncdfsf2.o)
                0x81011efc                __aeabi_d2f
                0x81011efc                __truncdfsf2
 .text          0x81011f9c        0x0 /usr/local/yagarto-4.6.2/bin/../lib/gcc/arm-none-eabi/4.6.2/crtend.o
 .text          0x81011f9c        0x0 /usr/local/yagarto-4.6.2/bin/../lib/gcc/arm-none-eabi/4.6.2/crtn.o
                0x81011f9c                . = ALIGN (0x4)
 *(.rodata)
 .rodata        0x81011f9c        0x4 /usr/local/yagarto-4.6.2/bin/../lib/gcc/arm-none-eabi/4.6.2/../../../../arm-none-eabi/lib/libg.a(lib_a-impure.o)
                0x81011f9c                _global_impure_ptr
 .rodata        0x81011fa0       0x20 /usr/local/yagarto-4.6.2/bin/../lib/gcc/arm-none-eabi/4.6.2/../../../../arm-none-eabi/lib/libg.a(lib_a-vfprintf.o)
 .rodata        0x81011fc0       0x24 /usr/local/yagarto-4.6.2/bin/../lib/gcc/arm-none-eabi/4.6.2/../../../../arm-none-eabi/lib/libg.a(lib_a-vfscanf.o)
 .rodata        0x81011fe4      0x104 /usr/local/yagarto-4.6.2/bin/../lib/gcc/arm-none-eabi/4.6.2/../../../../arm-none-eabi/lib/libg.a(lib_a-ctype_.o)
                0x81011fe4                _ctype_
 .rodata        0x810120e8      0x128 /usr/local/yagarto-4.6.2/bin/../lib/gcc/arm-none-eabi/4.6.2/../../../../arm-none-eabi/lib/libg.a(lib_a-mprec.o)
                0x810120f8                __mprec_tens
                0x810121c0                __mprec_tinytens
                0x810121e8                __mprec_bigtens
 .rodata        0x81012210       0x28 /usr/local/yagarto-4.6.2/bin/../lib/gcc/arm-none-eabi/4.6.2/../../../../arm-none-eabi/lib/libg.a(lib_a-strtod.o)
 .rodata        0x81012238       0x20 /usr/local/yagarto-4.6.2/bin/../lib/gcc/arm-none-eabi/4.6.2/../../../../arm-none-eabi/lib/libg.a(lib_a-svfprintf.o)
 .rodata        0x81012258       0x20 /usr/local/yagarto-4.6.2/bin/../lib/gcc/arm-none-eabi/4.6.2/../../../../arm-none-eabi/lib/libg.a(lib_a-vfiprintf.o)
 .rodata        0x81012278       0x20 /usr/local/yagarto-4.6.2/bin/../lib/gcc/arm-none-eabi/4.6.2/../../../../arm-none-eabi/lib/libg.a(lib_a-svfiprintf.o)
                0x81012298                . = ALIGN (0x4)
 *(.rodata*)
 .rodata.str1.4
                0x81012298       0x38 /var/folders/7u/7uIO55joFSqde8Z+DePT-U+++TI/-Tmp-//ccIASabt.o
 .rodata.str1.4
                0x810122d0        0x2 /usr/local/yagarto-4.6.2/bin/../lib/gcc/arm-none-eabi/4.6.2/../../../../arm-none-eabi/lib/libg.a(lib_a-impure.o)
                                  0x4 (size before relaxing)
 *fill*         0x810122d2        0x2 00
 .rodata.str1.4
                0x810122d4        0x2 /usr/local/yagarto-4.6.2/bin/../lib/gcc/arm-none-eabi/4.6.2/../../../../arm-none-eabi/lib/libg.a(lib_a-puts.o)
                                  0x4 (size before relaxing)
 *fill*         0x810122d6        0x2 00
 .rodata.str1.4
                0x810122d8       0x42 /usr/local/yagarto-4.6.2/bin/../lib/gcc/arm-none-eabi/4.6.2/../../../../arm-none-eabi/lib/libg.a(lib_a-vfprintf.o)
                                 0x44 (size before relaxing)
 *fill*         0x8101231a        0x2 00
 .rodata.str1.4
                0x8101231c        0x5 /usr/local/yagarto-4.6.2/bin/../lib/gcc/arm-none-eabi/4.6.2/../../../../arm-none-eabi/lib/libg.a(lib_a-vfscanf.o)
                                  0x8 (size before relaxing)
 *fill*         0x81012321        0x3 00
 .rodata.str1.4
                0x81012324       0x10 /usr/local/yagarto-4.6.2/bin/../lib/gcc/arm-none-eabi/4.6.2/../../../../arm-none-eabi/lib/libg.a(lib_a-dtoa.o)
                                 0x14 (size before relaxing)
 .rodata.str1.4
                0x81012334        0xa /usr/local/yagarto-4.6.2/bin/../lib/gcc/arm-none-eabi/4.6.2/../../../../arm-none-eabi/lib/libg.a(lib_a-locale.o)
                                 0x14 (size before relaxing)
 .rodata.str1.4
                0x00000000        0x4 /usr/local/yagarto-4.6.2/bin/../lib/gcc/arm-none-eabi/4.6.2/../../../../arm-none-eabi/lib/libg.a(lib_a-mbrtowc.o)
 *fill*         0x8101233e        0x2 00
 .rodata.str1.4
                0x81012340        0xf /usr/local/yagarto-4.6.2/bin/../lib/gcc/arm-none-eabi/4.6.2/../../../../arm-none-eabi/lib/libg.a(lib_a-strtod.o)
                                 0x10 (size before relaxing)
 .rodata.str1.4
                0x00000000       0x44 /usr/local/yagarto-4.6.2/bin/../lib/gcc/arm-none-eabi/4.6.2/../../../../arm-none-eabi/lib/libg.a(lib_a-svfprintf.o)
 .rodata.str1.4
                0x00000000       0x30 /usr/local/yagarto-4.6.2/bin/../lib/gcc/arm-none-eabi/4.6.2/../../../../arm-none-eabi/lib/libg.a(lib_a-vfiprintf.o)
 *fill*         0x8101234f        0x1 00
 .rodata.str1.4
                0x81012350       0x1c /usr/local/yagarto-4.6.2/bin/../lib/gcc/arm-none-eabi/4.6.2/../../../../arm-none-eabi/lib/libg.a(lib_a-gdtoa-gethex.o)
 .rodata.str1.4
                0x00000000       0x30 /usr/local/yagarto-4.6.2/bin/../lib/gcc/arm-none-eabi/4.6.2/../../../../arm-none-eabi/lib/libg.a(lib_a-svfiprintf.o)
                0x8101236c                . = ALIGN (0x4)
 *(.glue_7t)
 .glue_7t       0x00000000        0x0 linker stubs
                0x8101236c                . = ALIGN (0x4)
 *(.glue_7)
 .glue_7        0x00000000        0x0 linker stubs
                0x8101236c                . = ALIGN (0x4)
                0x8101236c                etext = .

.vfp11_veneer   0x8101236c        0x0
 .vfp11_veneer  0x00000000        0x0 linker stubs

.v4_bx          0x8101236c        0x0
 .v4_bx         0x00000000        0x0 linker stubs

.text.startup   0x8101236c       0xe8
 .text.startup  0x8101236c       0xe8 /var/folders/7u/7uIO55joFSqde8Z+DePT-U+++TI/-Tmp-//ccIASabt.o
                0x8101236c                main

.fini           0x81012454       0x18
 .fini          0x81012454        0xc /usr/local/yagarto-4.6.2/bin/../lib/gcc/arm-none-eabi/4.6.2/crti.o
                0x81012454                _fini
 .fini          0x81012460        0xc /usr/local/yagarto-4.6.2/bin/../lib/gcc/arm-none-eabi/4.6.2/crtn.o

.eh_frame       0x8101246c        0x4
 .eh_frame      0x8101246c        0x0 /usr/local/yagarto-4.6.2/bin/../lib/gcc/arm-none-eabi/4.6.2/crtbegin.o
 .eh_frame      0x8101246c        0x4 /usr/local/yagarto-4.6.2/bin/../lib/gcc/arm-none-eabi/4.6.2/crtend.o

.ARM.extab      0x81012470        0x0
 .ARM.extab     0x81012470        0x0 /usr/local/yagarto-4.6.2/bin/../lib/gcc/arm-none-eabi/4.6.2/../../../../arm-none-eabi/lib/crt0.o

.ARM.exidx      0x81012470        0x8
 .ARM.exidx     0x81012470        0x8 /usr/local/yagarto-4.6.2/bin/../lib/gcc/arm-none-eabi/4.6.2/../../../../arm-none-eabi/lib/crt0.o

.init_array     0x81012478        0x4
 .init_array    0x81012478        0x4 /usr/local/yagarto-4.6.2/bin/../lib/gcc/arm-none-eabi/4.6.2/crtbegin.o

.fini_array     0x8101247c        0x4
 .fini_array    0x8101247c        0x4 /usr/local/yagarto-4.6.2/bin/../lib/gcc/arm-none-eabi/4.6.2/crtbegin.o

.jcr            0x81012480        0x4
 .jcr           0x81012480        0x0 /usr/local/yagarto-4.6.2/bin/../lib/gcc/arm-none-eabi/4.6.2/crtbegin.o
 .jcr           0x81012480        0x4 /usr/local/yagarto-4.6.2/bin/../lib/gcc/arm-none-eabi/4.6.2/crtend.o

.data           0x81012488      0x8f8
                0x81012488                __data_start = .
 *(.data)
 .data          0x81012488        0x0 /usr/local/yagarto-4.6.2/bin/../lib/gcc/arm-none-eabi/4.6.2/crti.o
 .data          0x81012488        0x4 /usr/local/yagarto-4.6.2/bin/../lib/gcc/arm-none-eabi/4.6.2/crtbegin.o
                0x81012488                __dso_handle
 .data          0x8101248c        0x0 /usr/local/yagarto-4.6.2/bin/../lib/gcc/arm-none-eabi/4.6.2/../../../../arm-none-eabi/lib/crt0.o
 .data          0x8101248c        0x0 /var/folders/7u/7uIO55joFSqde8Z+DePT-U+++TI/-Tmp-//ccIASabt.o
 .data          0x8101248c        0x0 /var/folders/7u/7uIO55joFSqde8Z+DePT-U+++TI/-Tmp-//ccTXx834.o
 .data          0x8101248c        0x0 ../internal/crt0.o
 .data          0x8101248c        0x0 /usr/local/yagarto-4.6.2/bin/../lib/gcc/arm-none-eabi/4.6.2/../../../../arm-none-eabi/lib/libg.a(lib_a-atexit.o)
 .data          0x8101248c        0x0 /usr/local/yagarto-4.6.2/bin/../lib/gcc/arm-none-eabi/4.6.2/../../../../arm-none-eabi/lib/libg.a(lib_a-exit.o)
 .data          0x8101248c        0x0 /usr/local/yagarto-4.6.2/bin/../lib/gcc/arm-none-eabi/4.6.2/../../../../arm-none-eabi/lib/libg.a(lib_a-fini.o)
 .data          0x8101248c        0x0 /usr/local/yagarto-4.6.2/bin/../lib/gcc/arm-none-eabi/4.6.2/../../../../arm-none-eabi/lib/libg.a(lib_a-fopen.o)
 .data          0x8101248c        0x0 /usr/local/yagarto-4.6.2/bin/../lib/gcc/arm-none-eabi/4.6.2/../../../../arm-none-eabi/lib/libg.a(lib_a-fscanf.o)
 .data          0x8101248c        0x0 /usr/local/yagarto-4.6.2/bin/../lib/gcc/arm-none-eabi/4.6.2/../../../../arm-none-eabi/lib/libg.a(lib_a-fseek.o)
 .data          0x8101248c        0x0 /usr/local/yagarto-4.6.2/bin/../lib/gcc/arm-none-eabi/4.6.2/../../../../arm-none-eabi/lib/libg.a(lib_a-fstatr.o)
 *fill*         0x8101248c        0x4 00
 .data          0x81012490      0x430 /usr/local/yagarto-4.6.2/bin/../lib/gcc/arm-none-eabi/4.6.2/../../../../arm-none-eabi/lib/libg.a(lib_a-impure.o)
                0x81012490                _impure_ptr
 .data          0x810128c0        0x0 /usr/local/yagarto-4.6.2/bin/../lib/gcc/arm-none-eabi/4.6.2/../../../../arm-none-eabi/lib/libg.a(lib_a-init.o)
 .data          0x810128c0        0x0 /usr/local/yagarto-4.6.2/bin/../lib/gcc/arm-none-eabi/4.6.2/../../../../arm-none-eabi/lib/libg.a(lib_a-makebuf.o)
 .data          0x810128c0      0x410 /usr/local/yagarto-4.6.2/bin/../lib/gcc/arm-none-eabi/4.6.2/../../../../arm-none-eabi/lib/libg.a(lib_a-mallocr.o)
                0x810128c0                __malloc_av_
                0x81012cc8                __malloc_sbrk_base
                0x81012ccc                __malloc_trim_threshold
 .data          0x81012cd0        0x0 /usr/local/yagarto-4.6.2/bin/../lib/gcc/arm-none-eabi/4.6.2/../../../../arm-none-eabi/lib/libg.a(lib_a-memset.o)
 .data          0x81012cd0        0x0 /usr/local/yagarto-4.6.2/bin/../lib/gcc/arm-none-eabi/4.6.2/../../../../arm-none-eabi/lib/libg.a(lib_a-mlock.o)
 .data          0x81012cd0        0x0 /usr/local/yagarto-4.6.2/bin/../lib/gcc/arm-none-eabi/4.6.2/../../../../arm-none-eabi/lib/libg.a(lib_a-openr.o)
 .data          0x81012cd0        0x0 /usr/local/yagarto-4.6.2/bin/../lib/gcc/arm-none-eabi/4.6.2/../../../../arm-none-eabi/lib/libg.a(lib_a-printf.o)
 .data          0x81012cd0        0x0 /usr/local/yagarto-4.6.2/bin/../lib/gcc/arm-none-eabi/4.6.2/../../../../arm-none-eabi/lib/libg.a(lib_a-puts.o)
 .data          0x81012cd0        0x0 /usr/local/yagarto-4.6.2/bin/../lib/gcc/arm-none-eabi/4.6.2/../../../../arm-none-eabi/lib/libg.a(lib_a-qsort.o)
 .data          0x81012cd0        0x0 /usr/local/yagarto-4.6.2/bin/../lib/gcc/arm-none-eabi/4.6.2/../../../../arm-none-eabi/lib/libg.a(lib_a-reent.o)
 .data          0x81012cd0        0x0 /usr/local/yagarto-4.6.2/bin/../lib/gcc/arm-none-eabi/4.6.2/../../../../arm-none-eabi/lib/libg.a(lib_a-refill.o)
 .data          0x81012cd0        0x0 /usr/local/yagarto-4.6.2/bin/../lib/gcc/arm-none-eabi/4.6.2/../../../../arm-none-eabi/lib/libg.a(lib_a-sbrkr.o)
 .data          0x81012cd0        0x0 /usr/local/yagarto-4.6.2/bin/../lib/gcc/arm-none-eabi/4.6.2/../../../../arm-none-eabi/lib/libg.a(lib_a-stdio.o)
 .data          0x81012cd0        0x0 /usr/local/yagarto-4.6.2/bin/../lib/gcc/arm-none-eabi/4.6.2/../../../../arm-none-eabi/lib/libg.a(lib_a-strcmp.o)
 .data          0x81012cd0        0x0 /usr/local/yagarto-4.6.2/bin/../lib/gcc/arm-none-eabi/4.6.2/../../../../arm-none-eabi/lib/libg.a(lib_a-strlen.o)
 .data          0x81012cd0        0x0 /usr/local/yagarto-4.6.2/bin/../lib/gcc/arm-none-eabi/4.6.2/../../../../arm-none-eabi/lib/libg.a(lib_a-vfprintf.o)
 .data          0x81012cd0        0x0 /usr/local/yagarto-4.6.2/bin/../lib/gcc/arm-none-eabi/4.6.2/../../../../arm-none-eabi/lib/libg.a(lib_a-vfscanf.o)
 .data          0x81012cd0        0x0 /usr/local/yagarto-4.6.2/bin/../lib/gcc/arm-none-eabi/4.6.2/../../../../arm-none-eabi/lib/libg.a(lib_a-writer.o)
 .data          0x81012cd0        0x0 /usr/local/yagarto-4.6.2/bin/../lib/gcc/arm-none-eabi/4.6.2/../../../../arm-none-eabi/lib/libg.a(lib_a-wsetup.o)
 .data          0x81012cd0        0x0 /usr/local/yagarto-4.6.2/bin/../lib/gcc/arm-none-eabi/4.6.2/../../../../arm-none-eabi/lib/libg.a(lib_a-__atexit.o)
 .data          0x81012cd0        0x0 /usr/local/yagarto-4.6.2/bin/../lib/gcc/arm-none-eabi/4.6.2/../../../../arm-none-eabi/lib/libg.a(lib_a-__call_atexit.o)
 .data          0x81012cd0        0x0 /usr/local/yagarto-4.6.2/bin/../lib/gcc/arm-none-eabi/4.6.2/../../../../arm-none-eabi/lib/libg.a(lib_a-closer.o)
 .data          0x81012cd0        0x4 /usr/local/yagarto-4.6.2/bin/../lib/gcc/arm-none-eabi/4.6.2/../../../../arm-none-eabi/lib/libg.a(lib_a-ctype_.o)
                0x81012cd0                __ctype_ptr__
 .data          0x81012cd4        0x0 /usr/local/yagarto-4.6.2/bin/../lib/gcc/arm-none-eabi/4.6.2/../../../../arm-none-eabi/lib/libg.a(lib_a-dtoa.o)
 .data          0x81012cd4        0x0 /usr/local/yagarto-4.6.2/bin/../lib/gcc/arm-none-eabi/4.6.2/../../../../arm-none-eabi/lib/libg.a(lib_a-fflush.o)
 .data          0x81012cd4        0x0 /usr/local/yagarto-4.6.2/bin/../lib/gcc/arm-none-eabi/4.6.2/../../../../arm-none-eabi/lib/libg.a(lib_a-findfp.o)
 .data          0x81012cd4        0x0 /usr/local/yagarto-4.6.2/bin/../lib/gcc/arm-none-eabi/4.6.2/../../../../arm-none-eabi/lib/libg.a(lib_a-flags.o)
 .data          0x81012cd4        0x0 /usr/local/yagarto-4.6.2/bin/../lib/gcc/arm-none-eabi/4.6.2/../../../../arm-none-eabi/lib/libg.a(lib_a-fread.o)
 .data          0x81012cd4        0x0 /usr/local/yagarto-4.6.2/bin/../lib/gcc/arm-none-eabi/4.6.2/../../../../arm-none-eabi/lib/libg.a(lib_a-freer.o)
 .data          0x81012cd4        0x0 /usr/local/yagarto-4.6.2/bin/../lib/gcc/arm-none-eabi/4.6.2/../../../../arm-none-eabi/lib/libg.a(lib_a-fvwrite.o)
 .data          0x81012cd4        0x0 /usr/local/yagarto-4.6.2/bin/../lib/gcc/arm-none-eabi/4.6.2/../../../../arm-none-eabi/lib/libg.a(lib_a-fwalk.o)
 .data          0x81012cd4        0x0 /usr/local/yagarto-4.6.2/bin/../lib/gcc/arm-none-eabi/4.6.2/../../../../arm-none-eabi/lib/libg.a(lib_a-isattyr.o)
 .data          0x81012cd4        0x0 /usr/local/yagarto-4.6.2/bin/../lib/gcc/arm-none-eabi/4.6.2/../../../../arm-none-eabi/lib/libg.a(lib_a-iswspace.o)
 .data          0x81012cd4       0x7c /usr/local/yagarto-4.6.2/bin/../lib/gcc/arm-none-eabi/4.6.2/../../../../arm-none-eabi/lib/libg.a(lib_a-locale.o)
                0x81012cf4                __mb_cur_max
 .data          0x81012d50        0x0 /usr/local/yagarto-4.6.2/bin/../lib/gcc/arm-none-eabi/4.6.2/../../../../arm-none-eabi/lib/libg.a(lib_a-lseekr.o)
 .data          0x81012d50        0x0 /usr/local/yagarto-4.6.2/bin/../lib/gcc/arm-none-eabi/4.6.2/../../../../arm-none-eabi/lib/libg.a(lib_a-mbrtowc.o)
 .data          0x81012d50        0x4 /usr/local/yagarto-4.6.2/bin/../lib/gcc/arm-none-eabi/4.6.2/../../../../arm-none-eabi/lib/libg.a(lib_a-mbtowc_r.o)
                0x81012d50                __mbtowc
 .data          0x81012d54        0x0 /usr/local/yagarto-4.6.2/bin/../lib/gcc/arm-none-eabi/4.6.2/../../../../arm-none-eabi/lib/libg.a(lib_a-memchr.o)
 .data          0x81012d54        0x0 /usr/local/yagarto-4.6.2/bin/../lib/gcc/arm-none-eabi/4.6.2/../../../../arm-none-eabi/lib/libg.a(lib_a-memcpy.o)
 .data          0x81012d54        0x0 /usr/local/yagarto-4.6.2/bin/../lib/gcc/arm-none-eabi/4.6.2/../../../../arm-none-eabi/lib/libg.a(lib_a-memmove.o)
 .data          0x81012d54        0x0 /usr/local/yagarto-4.6.2/bin/../lib/gcc/arm-none-eabi/4.6.2/../../../../arm-none-eabi/lib/libg.a(lib_a-mprec.o)
 .data          0x81012d54        0x0 /usr/local/yagarto-4.6.2/bin/../lib/gcc/arm-none-eabi/4.6.2/../../../../arm-none-eabi/lib/libg.a(lib_a-readr.o)
 .data          0x81012d54        0x0 /usr/local/yagarto-4.6.2/bin/../lib/gcc/arm-none-eabi/4.6.2/../../../../arm-none-eabi/lib/libg.a(lib_a-reallocr.o)
 .data          0x81012d54        0x0 /usr/local/yagarto-4.6.2/bin/../lib/gcc/arm-none-eabi/4.6.2/../../../../arm-none-eabi/lib/libg.a(lib_a-s_fpclassify.o)
 .data          0x81012d54        0x0 /usr/local/yagarto-4.6.2/bin/../lib/gcc/arm-none-eabi/4.6.2/../../../../arm-none-eabi/lib/libg.a(lib_a-sccl.o)
 .data          0x81012d54        0x0 /usr/local/yagarto-4.6.2/bin/../lib/gcc/arm-none-eabi/4.6.2/../../../../arm-none-eabi/lib/libg.a(lib_a-sf_nan.o)
 .data          0x81012d54        0x0 /usr/local/yagarto-4.6.2/bin/../lib/gcc/arm-none-eabi/4.6.2/../../../../arm-none-eabi/lib/libg.a(lib_a-sprintf.o)
 .data          0x81012d54       0x28 /usr/local/yagarto-4.6.2/bin/../lib/gcc/arm-none-eabi/4.6.2/../../../../arm-none-eabi/lib/libg.a(lib_a-strtod.o)
 .data          0x81012d7c        0x0 /usr/local/yagarto-4.6.2/bin/../lib/gcc/arm-none-eabi/4.6.2/../../../../arm-none-eabi/lib/libg.a(lib_a-strtol.o)
 .data          0x81012d7c        0x0 /usr/local/yagarto-4.6.2/bin/../lib/gcc/arm-none-eabi/4.6.2/../../../../arm-none-eabi/lib/libg.a(lib_a-strtoul.o)
 .data          0x81012d7c        0x0 /usr/local/yagarto-4.6.2/bin/../lib/gcc/arm-none-eabi/4.6.2/../../../../arm-none-eabi/lib/libg.a(lib_a-svfprintf.o)
 .data          0x81012d7c        0x0 /usr/local/yagarto-4.6.2/bin/../lib/gcc/arm-none-eabi/4.6.2/../../../../arm-none-eabi/lib/libg.a(lib_a-ungetc.o)
 .data          0x81012d7c        0x0 /usr/local/yagarto-4.6.2/bin/../lib/gcc/arm-none-eabi/4.6.2/../../../../arm-none-eabi/lib/libg.a(lib_a-vfiprintf.o)
 .data          0x81012d7c        0x0 /usr/local/yagarto-4.6.2/bin/../lib/gcc/arm-none-eabi/4.6.2/../../../../arm-none-eabi/lib/libg.a(lib_a-callocr.o)
 .data          0x81012d7c        0x0 /usr/local/yagarto-4.6.2/bin/../lib/gcc/arm-none-eabi/4.6.2/../../../../arm-none-eabi/lib/libg.a(lib_a-fclose.o)
 .data          0x81012d7c        0x0 /usr/local/yagarto-4.6.2/bin/../lib/gcc/arm-none-eabi/4.6.2/../../../../arm-none-eabi/lib/libg.a(lib_a-fputwc.o)
 .data          0x81012d7c        0x0 /usr/local/yagarto-4.6.2/bin/../lib/gcc/arm-none-eabi/4.6.2/../../../../arm-none-eabi/lib/libg.a(lib_a-gdtoa-gethex.o)
 .data          0x81012d7c        0x0 /usr/local/yagarto-4.6.2/bin/../lib/gcc/arm-none-eabi/4.6.2/../../../../arm-none-eabi/lib/libg.a(lib_a-gdtoa-hexnan.o)
 .data          0x81012d7c        0x0 /usr/local/yagarto-4.6.2/bin/../lib/gcc/arm-none-eabi/4.6.2/../../../../arm-none-eabi/lib/libg.a(lib_a-strncmp.o)
 .data          0x81012d7c        0x0 /usr/local/yagarto-4.6.2/bin/../lib/gcc/arm-none-eabi/4.6.2/../../../../arm-none-eabi/lib/libg.a(lib_a-svfiprintf.o)
 .data          0x81012d7c        0x0 /usr/local/yagarto-4.6.2/bin/../lib/gcc/arm-none-eabi/4.6.2/../../../../arm-none-eabi/lib/libg.a(lib_a-wbuf.o)
 .data          0x81012d7c        0x0 /usr/local/yagarto-4.6.2/bin/../lib/gcc/arm-none-eabi/4.6.2/../../../../arm-none-eabi/lib/libg.a(lib_a-wcrtomb.o)
 .data          0x81012d7c        0x4 /usr/local/yagarto-4.6.2/bin/../lib/gcc/arm-none-eabi/4.6.2/../../../../arm-none-eabi/lib/libg.a(lib_a-wctomb_r.o)
                0x81012d7c                __wctomb
 .data          0x81012d80        0x0 /usr/local/yagarto-4.6.2/bin/../lib/gcc/arm-none-eabi/4.6.2/libgcc.a(_udivsi3.o)
 .data          0x81012d80        0x0 /usr/local/yagarto-4.6.2/bin/../lib/gcc/arm-none-eabi/4.6.2/libgcc.a(_dvmd_tls.o)
 .data          0x81012d80        0x0 /usr/local/yagarto-4.6.2/bin/../lib/gcc/arm-none-eabi/4.6.2/libgcc.a(_arm_addsubdf3.o)
 .data          0x81012d80        0x0 /usr/local/yagarto-4.6.2/bin/../lib/gcc/arm-none-eabi/4.6.2/libgcc.a(_arm_muldivdf3.o)
 .data          0x81012d80        0x0 /usr/local/yagarto-4.6.2/bin/../lib/gcc/arm-none-eabi/4.6.2/libgcc.a(_arm_cmpdf2.o)
 .data          0x81012d80        0x0 /usr/local/yagarto-4.6.2/bin/../lib/gcc/arm-none-eabi/4.6.2/libgcc.a(_arm_fixdfsi.o)
 .data          0x81012d80        0x0 /usr/local/yagarto-4.6.2/bin/../lib/gcc/arm-none-eabi/4.6.2/libgcc.a(_arm_fixunsdfsi.o)
 .data          0x81012d80        0x0 /usr/local/yagarto-4.6.2/bin/../lib/gcc/arm-none-eabi/4.6.2/libgcc.a(_arm_truncdfsf2.o)
 .data          0x81012d80        0x0 /usr/local/yagarto-4.6.2/bin/../lib/gcc/arm-none-eabi/4.6.2/crtend.o
 .data          0x81012d80        0x0 /usr/local/yagarto-4.6.2/bin/../lib/gcc/arm-none-eabi/4.6.2/crtn.o
                0x81012d80                . = ALIGN (0x4)
                0x81012d80                edata = .
                0x81012d80                _edata = .
                0x81012d80                __data_end = .

.bss            0x81012d80      0x164
                0x81012d80                __bss_start__ = .
 *(.bss)
 .bss           0x81012d80        0x0 /usr/local/yagarto-4.6.2/bin/../lib/gcc/arm-none-eabi/4.6.2/crti.o
 .bss           0x81012d80       0x1c /usr/local/yagarto-4.6.2/bin/../lib/gcc/arm-none-eabi/4.6.2/crtbegin.o
 .bss           0x81012d9c        0x0 /usr/local/yagarto-4.6.2/bin/../lib/gcc/arm-none-eabi/4.6.2/../../../../arm-none-eabi/lib/crt0.o
 .bss           0x81012d9c        0x0 /var/folders/7u/7uIO55joFSqde8Z+DePT-U+++TI/-Tmp-//ccIASabt.o
 .bss           0x81012d9c        0x4 /var/folders/7u/7uIO55joFSqde8Z+DePT-U+++TI/-Tmp-//ccTXx834.o
 .bss           0x81012da0        0x0 ../internal/crt0.o
 .bss           0x81012da0        0x0 /usr/local/yagarto-4.6.2/bin/../lib/gcc/arm-none-eabi/4.6.2/../../../../arm-none-eabi/lib/libg.a(lib_a-atexit.o)
 .bss           0x81012da0        0x0 /usr/local/yagarto-4.6.2/bin/../lib/gcc/arm-none-eabi/4.6.2/../../../../arm-none-eabi/lib/libg.a(lib_a-exit.o)
 .bss           0x81012da0        0x0 /usr/local/yagarto-4.6.2/bin/../lib/gcc/arm-none-eabi/4.6.2/../../../../arm-none-eabi/lib/libg.a(lib_a-fini.o)
 .bss           0x81012da0        0x0 /usr/local/yagarto-4.6.2/bin/../lib/gcc/arm-none-eabi/4.6.2/../../../../arm-none-eabi/lib/libg.a(lib_a-fopen.o)
 .bss           0x81012da0        0x0 /usr/local/yagarto-4.6.2/bin/../lib/gcc/arm-none-eabi/4.6.2/../../../../arm-none-eabi/lib/libg.a(lib_a-fscanf.o)
 .bss           0x81012da0        0x0 /usr/local/yagarto-4.6.2/bin/../lib/gcc/arm-none-eabi/4.6.2/../../../../arm-none-eabi/lib/libg.a(lib_a-fseek.o)
 .bss           0x81012da0        0x0 /usr/local/yagarto-4.6.2/bin/../lib/gcc/arm-none-eabi/4.6.2/../../../../arm-none-eabi/lib/libg.a(lib_a-fstatr.o)
 .bss           0x81012da0        0x0 /usr/local/yagarto-4.6.2/bin/../lib/gcc/arm-none-eabi/4.6.2/../../../../arm-none-eabi/lib/libg.a(lib_a-impure.o)
 .bss           0x81012da0        0x0 /usr/local/yagarto-4.6.2/bin/../lib/gcc/arm-none-eabi/4.6.2/../../../../arm-none-eabi/lib/libg.a(lib_a-init.o)
 .bss           0x81012da0        0x0 /usr/local/yagarto-4.6.2/bin/../lib/gcc/arm-none-eabi/4.6.2/../../../../arm-none-eabi/lib/libg.a(lib_a-makebuf.o)
 .bss           0x81012da0       0x34 /usr/local/yagarto-4.6.2/bin/../lib/gcc/arm-none-eabi/4.6.2/../../../../arm-none-eabi/lib/libg.a(lib_a-mallocr.o)
                0x81012da0                __malloc_top_pad
                0x81012da4                __malloc_current_mallinfo
                0x81012dcc                __malloc_max_sbrked_mem
                0x81012dd0                __malloc_max_total_mem
 .bss           0x81012dd4        0x0 /usr/local/yagarto-4.6.2/bin/../lib/gcc/arm-none-eabi/4.6.2/../../../../arm-none-eabi/lib/libg.a(lib_a-memset.o)
 .bss           0x81012dd4        0x0 /usr/local/yagarto-4.6.2/bin/../lib/gcc/arm-none-eabi/4.6.2/../../../../arm-none-eabi/lib/libg.a(lib_a-mlock.o)
 .bss           0x81012dd4        0x0 /usr/local/yagarto-4.6.2/bin/../lib/gcc/arm-none-eabi/4.6.2/../../../../arm-none-eabi/lib/libg.a(lib_a-openr.o)
 .bss           0x81012dd4        0x0 /usr/local/yagarto-4.6.2/bin/../lib/gcc/arm-none-eabi/4.6.2/../../../../arm-none-eabi/lib/libg.a(lib_a-printf.o)
 .bss           0x81012dd4        0x0 /usr/local/yagarto-4.6.2/bin/../lib/gcc/arm-none-eabi/4.6.2/../../../../arm-none-eabi/lib/libg.a(lib_a-puts.o)
 .bss           0x81012dd4        0x0 /usr/local/yagarto-4.6.2/bin/../lib/gcc/arm-none-eabi/4.6.2/../../../../arm-none-eabi/lib/libg.a(lib_a-qsort.o)
 .bss           0x81012dd4        0x0 /usr/local/yagarto-4.6.2/bin/../lib/gcc/arm-none-eabi/4.6.2/../../../../arm-none-eabi/lib/libg.a(lib_a-reent.o)
 .bss           0x81012dd4        0x0 /usr/local/yagarto-4.6.2/bin/../lib/gcc/arm-none-eabi/4.6.2/../../../../arm-none-eabi/lib/libg.a(lib_a-refill.o)
 .bss           0x81012dd4        0x0 /usr/local/yagarto-4.6.2/bin/../lib/gcc/arm-none-eabi/4.6.2/../../../../arm-none-eabi/lib/libg.a(lib_a-sbrkr.o)
 .bss           0x81012dd4        0x0 /usr/local/yagarto-4.6.2/bin/../lib/gcc/arm-none-eabi/4.6.2/../../../../arm-none-eabi/lib/libg.a(lib_a-stdio.o)
 .bss           0x81012dd4        0x0 /usr/local/yagarto-4.6.2/bin/../lib/gcc/arm-none-eabi/4.6.2/../../../../arm-none-eabi/lib/libg.a(lib_a-strcmp.o)
 .bss           0x81012dd4        0x0 /usr/local/yagarto-4.6.2/bin/../lib/gcc/arm-none-eabi/4.6.2/../../../../arm-none-eabi/lib/libg.a(lib_a-strlen.o)
 .bss           0x81012dd4        0x0 /usr/local/yagarto-4.6.2/bin/../lib/gcc/arm-none-eabi/4.6.2/../../../../arm-none-eabi/lib/libg.a(lib_a-vfprintf.o)
 .bss           0x81012dd4        0x0 /usr/local/yagarto-4.6.2/bin/../lib/gcc/arm-none-eabi/4.6.2/../../../../arm-none-eabi/lib/libg.a(lib_a-vfscanf.o)
 .bss           0x81012dd4        0x0 /usr/local/yagarto-4.6.2/bin/../lib/gcc/arm-none-eabi/4.6.2/../../../../arm-none-eabi/lib/libg.a(lib_a-writer.o)
 .bss           0x81012dd4        0x0 /usr/local/yagarto-4.6.2/bin/../lib/gcc/arm-none-eabi/4.6.2/../../../../arm-none-eabi/lib/libg.a(lib_a-wsetup.o)
 .bss           0x81012dd4        0x0 /usr/local/yagarto-4.6.2/bin/../lib/gcc/arm-none-eabi/4.6.2/../../../../arm-none-eabi/lib/libg.a(lib_a-__atexit.o)
 .bss           0x81012dd4        0x0 /usr/local/yagarto-4.6.2/bin/../lib/gcc/arm-none-eabi/4.6.2/../../../../arm-none-eabi/lib/libg.a(lib_a-__call_atexit.o)
 .bss           0x81012dd4        0x0 /usr/local/yagarto-4.6.2/bin/../lib/gcc/arm-none-eabi/4.6.2/../../../../arm-none-eabi/lib/libg.a(lib_a-closer.o)
 .bss           0x81012dd4        0x0 /usr/local/yagarto-4.6.2/bin/../lib/gcc/arm-none-eabi/4.6.2/../../../../arm-none-eabi/lib/libg.a(lib_a-ctype_.o)
 .bss           0x81012dd4        0x0 /usr/local/yagarto-4.6.2/bin/../lib/gcc/arm-none-eabi/4.6.2/../../../../arm-none-eabi/lib/libg.a(lib_a-dtoa.o)
 .bss           0x81012dd4        0x0 /usr/local/yagarto-4.6.2/bin/../lib/gcc/arm-none-eabi/4.6.2/../../../../arm-none-eabi/lib/libg.a(lib_a-fflush.o)
 .bss           0x81012dd4        0x0 /usr/local/yagarto-4.6.2/bin/../lib/gcc/arm-none-eabi/4.6.2/../../../../arm-none-eabi/lib/libg.a(lib_a-findfp.o)
 .bss           0x81012dd4        0x0 /usr/local/yagarto-4.6.2/bin/../lib/gcc/arm-none-eabi/4.6.2/../../../../arm-none-eabi/lib/libg.a(lib_a-flags.o)
 .bss           0x81012dd4        0x0 /usr/local/yagarto-4.6.2/bin/../lib/gcc/arm-none-eabi/4.6.2/../../../../arm-none-eabi/lib/libg.a(lib_a-fread.o)
 .bss           0x81012dd4        0x0 /usr/local/yagarto-4.6.2/bin/../lib/gcc/arm-none-eabi/4.6.2/../../../../arm-none-eabi/lib/libg.a(lib_a-freer.o)
 .bss           0x81012dd4        0x0 /usr/local/yagarto-4.6.2/bin/../lib/gcc/arm-none-eabi/4.6.2/../../../../arm-none-eabi/lib/libg.a(lib_a-fvwrite.o)
 .bss           0x81012dd4        0x0 /usr/local/yagarto-4.6.2/bin/../lib/gcc/arm-none-eabi/4.6.2/../../../../arm-none-eabi/lib/libg.a(lib_a-fwalk.o)
 .bss           0x81012dd4        0x0 /usr/local/yagarto-4.6.2/bin/../lib/gcc/arm-none-eabi/4.6.2/../../../../arm-none-eabi/lib/libg.a(lib_a-isattyr.o)
 .bss           0x81012dd4        0x0 /usr/local/yagarto-4.6.2/bin/../lib/gcc/arm-none-eabi/4.6.2/../../../../arm-none-eabi/lib/libg.a(lib_a-iswspace.o)
 .bss           0x81012dd4        0xc /usr/local/yagarto-4.6.2/bin/../lib/gcc/arm-none-eabi/4.6.2/../../../../arm-none-eabi/lib/libg.a(lib_a-locale.o)
                0x81012dd4                _PathLocale
                0x81012dd8                __mlocale_changed
                0x81012ddc                __nlocale_changed
 .bss           0x81012de0        0x0 /usr/local/yagarto-4.6.2/bin/../lib/gcc/arm-none-eabi/4.6.2/../../../../arm-none-eabi/lib/libg.a(lib_a-lseekr.o)
 .bss           0x81012de0        0x0 /usr/local/yagarto-4.6.2/bin/../lib/gcc/arm-none-eabi/4.6.2/../../../../arm-none-eabi/lib/libg.a(lib_a-mbrtowc.o)
 .bss           0x81012de0        0x0 /usr/local/yagarto-4.6.2/bin/../lib/gcc/arm-none-eabi/4.6.2/../../../../arm-none-eabi/lib/libg.a(lib_a-mbtowc_r.o)
 .bss           0x81012de0        0x0 /usr/local/yagarto-4.6.2/bin/../lib/gcc/arm-none-eabi/4.6.2/../../../../arm-none-eabi/lib/libg.a(lib_a-memchr.o)
 .bss           0x81012de0        0x0 /usr/local/yagarto-4.6.2/bin/../lib/gcc/arm-none-eabi/4.6.2/../../../../arm-none-eabi/lib/libg.a(lib_a-memcpy.o)
 .bss           0x81012de0        0x0 /usr/local/yagarto-4.6.2/bin/../lib/gcc/arm-none-eabi/4.6.2/../../../../arm-none-eabi/lib/libg.a(lib_a-memmove.o)
 .bss           0x81012de0        0x0 /usr/local/yagarto-4.6.2/bin/../lib/gcc/arm-none-eabi/4.6.2/../../../../arm-none-eabi/lib/libg.a(lib_a-mprec.o)
 .bss           0x81012de0        0x0 /usr/local/yagarto-4.6.2/bin/../lib/gcc/arm-none-eabi/4.6.2/../../../../arm-none-eabi/lib/libg.a(lib_a-readr.o)
 .bss           0x81012de0        0x0 /usr/local/yagarto-4.6.2/bin/../lib/gcc/arm-none-eabi/4.6.2/../../../../arm-none-eabi/lib/libg.a(lib_a-reallocr.o)
 .bss           0x81012de0        0x0 /usr/local/yagarto-4.6.2/bin/../lib/gcc/arm-none-eabi/4.6.2/../../../../arm-none-eabi/lib/libg.a(lib_a-s_fpclassify.o)
 .bss           0x81012de0        0x0 /usr/local/yagarto-4.6.2/bin/../lib/gcc/arm-none-eabi/4.6.2/../../../../arm-none-eabi/lib/libg.a(lib_a-sccl.o)
 .bss           0x81012de0        0x0 /usr/local/yagarto-4.6.2/bin/../lib/gcc/arm-none-eabi/4.6.2/../../../../arm-none-eabi/lib/libg.a(lib_a-sf_nan.o)
 .bss           0x81012de0        0x0 /usr/local/yagarto-4.6.2/bin/../lib/gcc/arm-none-eabi/4.6.2/../../../../arm-none-eabi/lib/libg.a(lib_a-sprintf.o)
 .bss           0x81012de0        0x0 /usr/local/yagarto-4.6.2/bin/../lib/gcc/arm-none-eabi/4.6.2/../../../../arm-none-eabi/lib/libg.a(lib_a-strtod.o)
 .bss           0x81012de0        0x0 /usr/local/yagarto-4.6.2/bin/../lib/gcc/arm-none-eabi/4.6.2/../../../../arm-none-eabi/lib/libg.a(lib_a-strtol.o)
 .bss           0x81012de0        0x0 /usr/local/yagarto-4.6.2/bin/../lib/gcc/arm-none-eabi/4.6.2/../../../../arm-none-eabi/lib/libg.a(lib_a-strtoul.o)
 .bss           0x81012de0        0x0 /usr/local/yagarto-4.6.2/bin/../lib/gcc/arm-none-eabi/4.6.2/../../../../arm-none-eabi/lib/libg.a(lib_a-svfprintf.o)
 .bss           0x81012de0        0x0 /usr/local/yagarto-4.6.2/bin/../lib/gcc/arm-none-eabi/4.6.2/../../../../arm-none-eabi/lib/libg.a(lib_a-ungetc.o)
 .bss           0x81012de0        0x0 /usr/local/yagarto-4.6.2/bin/../lib/gcc/arm-none-eabi/4.6.2/../../../../arm-none-eabi/lib/libg.a(lib_a-vfiprintf.o)
 .bss           0x81012de0        0x0 /usr/local/yagarto-4.6.2/bin/../lib/gcc/arm-none-eabi/4.6.2/../../../../arm-none-eabi/lib/libg.a(lib_a-callocr.o)
 .bss           0x81012de0        0x0 /usr/local/yagarto-4.6.2/bin/../lib/gcc/arm-none-eabi/4.6.2/../../../../arm-none-eabi/lib/libg.a(lib_a-fclose.o)
 .bss           0x81012de0        0x0 /usr/local/yagarto-4.6.2/bin/../lib/gcc/arm-none-eabi/4.6.2/../../../../arm-none-eabi/lib/libg.a(lib_a-fputwc.o)
 .bss           0x81012de0        0x0 /usr/local/yagarto-4.6.2/bin/../lib/gcc/arm-none-eabi/4.6.2/../../../../arm-none-eabi/lib/libg.a(lib_a-gdtoa-gethex.o)
 .bss           0x81012de0        0x0 /usr/local/yagarto-4.6.2/bin/../lib/gcc/arm-none-eabi/4.6.2/../../../../arm-none-eabi/lib/libg.a(lib_a-gdtoa-hexnan.o)
 .bss           0x81012de0        0x0 /usr/local/yagarto-4.6.2/bin/../lib/gcc/arm-none-eabi/4.6.2/../../../../arm-none-eabi/lib/libg.a(lib_a-strncmp.o)
 .bss           0x81012de0        0x0 /usr/local/yagarto-4.6.2/bin/../lib/gcc/arm-none-eabi/4.6.2/../../../../arm-none-eabi/lib/libg.a(lib_a-svfiprintf.o)
 .bss           0x81012de0        0x0 /usr/local/yagarto-4.6.2/bin/../lib/gcc/arm-none-eabi/4.6.2/../../../../arm-none-eabi/lib/libg.a(lib_a-wbuf.o)
 .bss           0x81012de0        0x0 /usr/local/yagarto-4.6.2/bin/../lib/gcc/arm-none-eabi/4.6.2/../../../../arm-none-eabi/lib/libg.a(lib_a-wcrtomb.o)
 .bss           0x81012de0        0x0 /usr/local/yagarto-4.6.2/bin/../lib/gcc/arm-none-eabi/4.6.2/../../../../arm-none-eabi/lib/libg.a(lib_a-wctomb_r.o)
 .bss           0x81012de0        0x0 /usr/local/yagarto-4.6.2/bin/../lib/gcc/arm-none-eabi/4.6.2/libgcc.a(_udivsi3.o)
 .bss           0x81012de0        0x0 /usr/local/yagarto-4.6.2/bin/../lib/gcc/arm-none-eabi/4.6.2/libgcc.a(_dvmd_tls.o)
 .bss           0x81012de0        0x0 /usr/local/yagarto-4.6.2/bin/../lib/gcc/arm-none-eabi/4.6.2/libgcc.a(_arm_addsubdf3.o)
 .bss           0x81012de0        0x0 /usr/local/yagarto-4.6.2/bin/../lib/gcc/arm-none-eabi/4.6.2/libgcc.a(_arm_muldivdf3.o)
 .bss           0x81012de0        0x0 /usr/local/yagarto-4.6.2/bin/../lib/gcc/arm-none-eabi/4.6.2/libgcc.a(_arm_cmpdf2.o)
 .bss           0x81012de0        0x0 /usr/local/yagarto-4.6.2/bin/../lib/gcc/arm-none-eabi/4.6.2/libgcc.a(_arm_fixdfsi.o)
 .bss           0x81012de0        0x0 /usr/local/yagarto-4.6.2/bin/../lib/gcc/arm-none-eabi/4.6.2/libgcc.a(_arm_fixunsdfsi.o)
 .bss           0x81012de0        0x0 /usr/local/yagarto-4.6.2/bin/../lib/gcc/arm-none-eabi/4.6.2/libgcc.a(_arm_truncdfsf2.o)
 .bss           0x81012de0        0x0 /usr/local/yagarto-4.6.2/bin/../lib/gcc/arm-none-eabi/4.6.2/crtend.o
 .bss           0x81012de0        0x0 /usr/local/yagarto-4.6.2/bin/../lib/gcc/arm-none-eabi/4.6.2/crtn.o
 *(COMMON)
 COMMON         0x81012de0        0x4 /usr/local/yagarto-4.6.2/bin/../lib/gcc/arm-none-eabi/4.6.2/../../../../arm-none-eabi/lib/libg.a(lib_a-reent.o)
                0x81012de0                errno
 COMMON         0x81012de4      0x100 /usr/local/yagarto-4.6.2/bin/../lib/gcc/arm-none-eabi/4.6.2/../../../../arm-none-eabi/lib/libg.a(lib_a-gdtoa-gethex.o)
                0x81012de4                __hexdig
                0x81012ee4                . = ALIGN (0x4)
                0x81012ee4                __bss_end__ = .
                0x81012ee4                end = .
                0x819ffffc                _init_sp = 0x819ffffc
LOAD ../internal/crt0.o
START GROUP
LOAD /usr/local/yagarto-4.6.2/bin/../lib/gcc/arm-none-eabi/4.6.2/libgcc.a
LOAD /usr/local/yagarto-4.6.2/bin/../lib/gcc/arm-none-eabi/4.6.2/../../../../arm-none-eabi/lib/libg.a
LOAD /usr/local/yagarto-4.6.2/bin/../lib/gcc/arm-none-eabi/4.6.2/../../../../arm-none-eabi/lib/libc.a
END GROUP
LOAD /usr/local/yagarto-4.6.2/bin/../lib/gcc/arm-none-eabi/4.6.2/crtend.o
LOAD /usr/local/yagarto-4.6.2/bin/../lib/gcc/arm-none-eabi/4.6.2/crtn.o
OUTPUT(./internal/bin/qsortSmall.elf elf32-littlearm)

.ARM.attributes
                0x00000000       0x2e
 .ARM.attributes
                0x00000000       0x18 /usr/local/yagarto-4.6.2/bin/../lib/gcc/arm-none-eabi/4.6.2/crti.o
 .ARM.attributes
                0x00000018       0x32 /usr/local/yagarto-4.6.2/bin/../lib/gcc/arm-none-eabi/4.6.2/crtbegin.o
 .ARM.attributes
                0x0000004a       0x16 /usr/local/yagarto-4.6.2/bin/../lib/gcc/arm-none-eabi/4.6.2/../../../../arm-none-eabi/lib/crt0.o
 .ARM.attributes
                0x00000060       0x32 /var/folders/7u/7uIO55joFSqde8Z+DePT-U+++TI/-Tmp-//ccIASabt.o
 .ARM.attributes
                0x00000092       0x32 /var/folders/7u/7uIO55joFSqde8Z+DePT-U+++TI/-Tmp-//ccTXx834.o
 .ARM.attributes
                0x000000c4       0x16 ../internal/crt0.o
 .ARM.attributes
                0x000000da       0x32 /usr/local/yagarto-4.6.2/bin/../lib/gcc/arm-none-eabi/4.6.2/../../../../arm-none-eabi/lib/libg.a(lib_a-atexit.o)
 .ARM.attributes
                0x0000010c       0x32 /usr/local/yagarto-4.6.2/bin/../lib/gcc/arm-none-eabi/4.6.2/../../../../arm-none-eabi/lib/libg.a(lib_a-exit.o)
 .ARM.attributes
                0x0000013e       0x32 /usr/local/yagarto-4.6.2/bin/../lib/gcc/arm-none-eabi/4.6.2/../../../../arm-none-eabi/lib/libg.a(lib_a-fini.o)
 .ARM.attributes
                0x00000170       0x32 /usr/local/yagarto-4.6.2/bin/../lib/gcc/arm-none-eabi/4.6.2/../../../../arm-none-eabi/lib/libg.a(lib_a-fopen.o)
 .ARM.attributes
                0x000001a2       0x32 /usr/local/yagarto-4.6.2/bin/../lib/gcc/arm-none-eabi/4.6.2/../../../../arm-none-eabi/lib/libg.a(lib_a-fscanf.o)
 .ARM.attributes
                0x000001d4       0x32 /usr/local/yagarto-4.6.2/bin/../lib/gcc/arm-none-eabi/4.6.2/../../../../arm-none-eabi/lib/libg.a(lib_a-fseek.o)
 .ARM.attributes
                0x00000206       0x32 /usr/local/yagarto-4.6.2/bin/../lib/gcc/arm-none-eabi/4.6.2/../../../../arm-none-eabi/lib/libg.a(lib_a-fstatr.o)
 .ARM.attributes
                0x00000238       0x32 /usr/local/yagarto-4.6.2/bin/../lib/gcc/arm-none-eabi/4.6.2/../../../../arm-none-eabi/lib/libg.a(lib_a-impure.o)
 .ARM.attributes
                0x0000026a       0x32 /usr/local/yagarto-4.6.2/bin/../lib/gcc/arm-none-eabi/4.6.2/../../../../arm-none-eabi/lib/libg.a(lib_a-init.o)
 .ARM.attributes
                0x0000029c       0x32 /usr/local/yagarto-4.6.2/bin/../lib/gcc/arm-none-eabi/4.6.2/../../../../arm-none-eabi/lib/libg.a(lib_a-makebuf.o)
 .ARM.attributes
                0x000002ce       0x32 /usr/local/yagarto-4.6.2/bin/../lib/gcc/arm-none-eabi/4.6.2/../../../../arm-none-eabi/lib/libg.a(lib_a-mallocr.o)
 .ARM.attributes
                0x00000300       0x32 /usr/local/yagarto-4.6.2/bin/../lib/gcc/arm-none-eabi/4.6.2/../../../../arm-none-eabi/lib/libg.a(lib_a-memset.o)
 .ARM.attributes
                0x00000332       0x32 /usr/local/yagarto-4.6.2/bin/../lib/gcc/arm-none-eabi/4.6.2/../../../../arm-none-eabi/lib/libg.a(lib_a-mlock.o)
 .ARM.attributes
                0x00000364       0x32 /usr/local/yagarto-4.6.2/bin/../lib/gcc/arm-none-eabi/4.6.2/../../../../arm-none-eabi/lib/libg.a(lib_a-openr.o)
 .ARM.attributes
                0x00000396       0x32 /usr/local/yagarto-4.6.2/bin/../lib/gcc/arm-none-eabi/4.6.2/../../../../arm-none-eabi/lib/libg.a(lib_a-printf.o)
 .ARM.attributes
                0x000003c8       0x32 /usr/local/yagarto-4.6.2/bin/../lib/gcc/arm-none-eabi/4.6.2/../../../../arm-none-eabi/lib/libg.a(lib_a-puts.o)
 .ARM.attributes
                0x000003fa       0x32 /usr/local/yagarto-4.6.2/bin/../lib/gcc/arm-none-eabi/4.6.2/../../../../arm-none-eabi/lib/libg.a(lib_a-qsort.o)
 .ARM.attributes
                0x0000042c       0x32 /usr/local/yagarto-4.6.2/bin/../lib/gcc/arm-none-eabi/4.6.2/../../../../arm-none-eabi/lib/libg.a(lib_a-reent.o)
 .ARM.attributes
                0x0000045e       0x32 /usr/local/yagarto-4.6.2/bin/../lib/gcc/arm-none-eabi/4.6.2/../../../../arm-none-eabi/lib/libg.a(lib_a-refill.o)
 .ARM.attributes
                0x00000490       0x32 /usr/local/yagarto-4.6.2/bin/../lib/gcc/arm-none-eabi/4.6.2/../../../../arm-none-eabi/lib/libg.a(lib_a-sbrkr.o)
 .ARM.attributes
                0x000004c2       0x32 /usr/local/yagarto-4.6.2/bin/../lib/gcc/arm-none-eabi/4.6.2/../../../../arm-none-eabi/lib/libg.a(lib_a-stdio.o)
 .ARM.attributes
                0x000004f4       0x32 /usr/local/yagarto-4.6.2/bin/../lib/gcc/arm-none-eabi/4.6.2/../../../../arm-none-eabi/lib/libg.a(lib_a-strcmp.o)
 .ARM.attributes
                0x00000526       0x32 /usr/local/yagarto-4.6.2/bin/../lib/gcc/arm-none-eabi/4.6.2/../../../../arm-none-eabi/lib/libg.a(lib_a-strlen.o)
 .ARM.attributes
                0x00000558       0x32 /usr/local/yagarto-4.6.2/bin/../lib/gcc/arm-none-eabi/4.6.2/../../../../arm-none-eabi/lib/libg.a(lib_a-vfprintf.o)
 .ARM.attributes
                0x0000058a       0x32 /usr/local/yagarto-4.6.2/bin/../lib/gcc/arm-none-eabi/4.6.2/../../../../arm-none-eabi/lib/libg.a(lib_a-vfscanf.o)
 .ARM.attributes
                0x000005bc       0x32 /usr/local/yagarto-4.6.2/bin/../lib/gcc/arm-none-eabi/4.6.2/../../../../arm-none-eabi/lib/libg.a(lib_a-writer.o)
 .ARM.attributes
                0x000005ee       0x32 /usr/local/yagarto-4.6.2/bin/../lib/gcc/arm-none-eabi/4.6.2/../../../../arm-none-eabi/lib/libg.a(lib_a-wsetup.o)
 .ARM.attributes
                0x00000620       0x32 /usr/local/yagarto-4.6.2/bin/../lib/gcc/arm-none-eabi/4.6.2/../../../../arm-none-eabi/lib/libg.a(lib_a-__atexit.o)
 .ARM.attributes
                0x00000652       0x32 /usr/local/yagarto-4.6.2/bin/../lib/gcc/arm-none-eabi/4.6.2/../../../../arm-none-eabi/lib/libg.a(lib_a-__call_atexit.o)
 .ARM.attributes
                0x00000684       0x32 /usr/local/yagarto-4.6.2/bin/../lib/gcc/arm-none-eabi/4.6.2/../../../../arm-none-eabi/lib/libg.a(lib_a-closer.o)
 .ARM.attributes
                0x000006b6       0x32 /usr/local/yagarto-4.6.2/bin/../lib/gcc/arm-none-eabi/4.6.2/../../../../arm-none-eabi/lib/libg.a(lib_a-ctype_.o)
 .ARM.attributes
                0x000006e8       0x32 /usr/local/yagarto-4.6.2/bin/../lib/gcc/arm-none-eabi/4.6.2/../../../../arm-none-eabi/lib/libg.a(lib_a-dtoa.o)
 .ARM.attributes
                0x0000071a       0x32 /usr/local/yagarto-4.6.2/bin/../lib/gcc/arm-none-eabi/4.6.2/../../../../arm-none-eabi/lib/libg.a(lib_a-fflush.o)
 .ARM.attributes
                0x0000074c       0x32 /usr/local/yagarto-4.6.2/bin/../lib/gcc/arm-none-eabi/4.6.2/../../../../arm-none-eabi/lib/libg.a(lib_a-findfp.o)
 .ARM.attributes
                0x0000077e       0x32 /usr/local/yagarto-4.6.2/bin/../lib/gcc/arm-none-eabi/4.6.2/../../../../arm-none-eabi/lib/libg.a(lib_a-flags.o)
 .ARM.attributes
                0x000007b0       0x32 /usr/local/yagarto-4.6.2/bin/../lib/gcc/arm-none-eabi/4.6.2/../../../../arm-none-eabi/lib/libg.a(lib_a-fread.o)
 .ARM.attributes
                0x000007e2       0x32 /usr/local/yagarto-4.6.2/bin/../lib/gcc/arm-none-eabi/4.6.2/../../../../arm-none-eabi/lib/libg.a(lib_a-freer.o)
 .ARM.attributes
                0x00000814       0x32 /usr/local/yagarto-4.6.2/bin/../lib/gcc/arm-none-eabi/4.6.2/../../../../arm-none-eabi/lib/libg.a(lib_a-fvwrite.o)
 .ARM.attributes
                0x00000846       0x32 /usr/local/yagarto-4.6.2/bin/../lib/gcc/arm-none-eabi/4.6.2/../../../../arm-none-eabi/lib/libg.a(lib_a-fwalk.o)
 .ARM.attributes
                0x00000878       0x32 /usr/local/yagarto-4.6.2/bin/../lib/gcc/arm-none-eabi/4.6.2/../../../../arm-none-eabi/lib/libg.a(lib_a-isattyr.o)
 .ARM.attributes
                0x000008aa       0x32 /usr/local/yagarto-4.6.2/bin/../lib/gcc/arm-none-eabi/4.6.2/../../../../arm-none-eabi/lib/libg.a(lib_a-iswspace.o)
 .ARM.attributes
                0x000008dc       0x32 /usr/local/yagarto-4.6.2/bin/../lib/gcc/arm-none-eabi/4.6.2/../../../../arm-none-eabi/lib/libg.a(lib_a-locale.o)
 .ARM.attributes
                0x0000090e       0x32 /usr/local/yagarto-4.6.2/bin/../lib/gcc/arm-none-eabi/4.6.2/../../../../arm-none-eabi/lib/libg.a(lib_a-lseekr.o)
 .ARM.attributes
                0x00000940       0x32 /usr/local/yagarto-4.6.2/bin/../lib/gcc/arm-none-eabi/4.6.2/../../../../arm-none-eabi/lib/libg.a(lib_a-mbrtowc.o)
 .ARM.attributes
                0x00000972       0x32 /usr/local/yagarto-4.6.2/bin/../lib/gcc/arm-none-eabi/4.6.2/../../../../arm-none-eabi/lib/libg.a(lib_a-mbtowc_r.o)
 .ARM.attributes
                0x000009a4       0x32 /usr/local/yagarto-4.6.2/bin/../lib/gcc/arm-none-eabi/4.6.2/../../../../arm-none-eabi/lib/libg.a(lib_a-memchr.o)
 .ARM.attributes
                0x000009d6       0x32 /usr/local/yagarto-4.6.2/bin/../lib/gcc/arm-none-eabi/4.6.2/../../../../arm-none-eabi/lib/libg.a(lib_a-memcpy.o)
 .ARM.attributes
                0x00000a08       0x32 /usr/local/yagarto-4.6.2/bin/../lib/gcc/arm-none-eabi/4.6.2/../../../../arm-none-eabi/lib/libg.a(lib_a-memmove.o)
 .ARM.attributes
                0x00000a3a       0x32 /usr/local/yagarto-4.6.2/bin/../lib/gcc/arm-none-eabi/4.6.2/../../../../arm-none-eabi/lib/libg.a(lib_a-mprec.o)
 .ARM.attributes
                0x00000a6c       0x32 /usr/local/yagarto-4.6.2/bin/../lib/gcc/arm-none-eabi/4.6.2/../../../../arm-none-eabi/lib/libg.a(lib_a-readr.o)
 .ARM.attributes
                0x00000a9e       0x32 /usr/local/yagarto-4.6.2/bin/../lib/gcc/arm-none-eabi/4.6.2/../../../../arm-none-eabi/lib/libg.a(lib_a-reallocr.o)
 .ARM.attributes
                0x00000ad0       0x32 /usr/local/yagarto-4.6.2/bin/../lib/gcc/arm-none-eabi/4.6.2/../../../../arm-none-eabi/lib/libg.a(lib_a-s_fpclassify.o)
 .ARM.attributes
                0x00000b02       0x32 /usr/local/yagarto-4.6.2/bin/../lib/gcc/arm-none-eabi/4.6.2/../../../../arm-none-eabi/lib/libg.a(lib_a-sccl.o)
 .ARM.attributes
                0x00000b34       0x32 /usr/local/yagarto-4.6.2/bin/../lib/gcc/arm-none-eabi/4.6.2/../../../../arm-none-eabi/lib/libg.a(lib_a-sf_nan.o)
 .ARM.attributes
                0x00000b66       0x32 /usr/local/yagarto-4.6.2/bin/../lib/gcc/arm-none-eabi/4.6.2/../../../../arm-none-eabi/lib/libg.a(lib_a-sprintf.o)
 .ARM.attributes
                0x00000b98       0x32 /usr/local/yagarto-4.6.2/bin/../lib/gcc/arm-none-eabi/4.6.2/../../../../arm-none-eabi/lib/libg.a(lib_a-strtod.o)
 .ARM.attributes
                0x00000bca       0x32 /usr/local/yagarto-4.6.2/bin/../lib/gcc/arm-none-eabi/4.6.2/../../../../arm-none-eabi/lib/libg.a(lib_a-strtol.o)
 .ARM.attributes
                0x00000bfc       0x32 /usr/local/yagarto-4.6.2/bin/../lib/gcc/arm-none-eabi/4.6.2/../../../../arm-none-eabi/lib/libg.a(lib_a-strtoul.o)
 .ARM.attributes
                0x00000c2e       0x32 /usr/local/yagarto-4.6.2/bin/../lib/gcc/arm-none-eabi/4.6.2/../../../../arm-none-eabi/lib/libg.a(lib_a-svfprintf.o)
 .ARM.attributes
                0x00000c60       0x32 /usr/local/yagarto-4.6.2/bin/../lib/gcc/arm-none-eabi/4.6.2/../../../../arm-none-eabi/lib/libg.a(lib_a-ungetc.o)
 .ARM.attributes
                0x00000c92       0x32 /usr/local/yagarto-4.6.2/bin/../lib/gcc/arm-none-eabi/4.6.2/../../../../arm-none-eabi/lib/libg.a(lib_a-vfiprintf.o)
 .ARM.attributes
                0x00000cc4       0x32 /usr/local/yagarto-4.6.2/bin/../lib/gcc/arm-none-eabi/4.6.2/../../../../arm-none-eabi/lib/libg.a(lib_a-callocr.o)
 .ARM.attributes
                0x00000cf6       0x32 /usr/local/yagarto-4.6.2/bin/../lib/gcc/arm-none-eabi/4.6.2/../../../../arm-none-eabi/lib/libg.a(lib_a-fclose.o)
 .ARM.attributes
                0x00000d28       0x32 /usr/local/yagarto-4.6.2/bin/../lib/gcc/arm-none-eabi/4.6.2/../../../../arm-none-eabi/lib/libg.a(lib_a-fputwc.o)
 .ARM.attributes
                0x00000d5a       0x32 /usr/local/yagarto-4.6.2/bin/../lib/gcc/arm-none-eabi/4.6.2/../../../../arm-none-eabi/lib/libg.a(lib_a-gdtoa-gethex.o)
 .ARM.attributes
                0x00000d8c       0x32 /usr/local/yagarto-4.6.2/bin/../lib/gcc/arm-none-eabi/4.6.2/../../../../arm-none-eabi/lib/libg.a(lib_a-gdtoa-hexnan.o)
 .ARM.attributes
                0x00000dbe       0x32 /usr/local/yagarto-4.6.2/bin/../lib/gcc/arm-none-eabi/4.6.2/../../../../arm-none-eabi/lib/libg.a(lib_a-strncmp.o)
 .ARM.attributes
                0x00000df0       0x32 /usr/local/yagarto-4.6.2/bin/../lib/gcc/arm-none-eabi/4.6.2/../../../../arm-none-eabi/lib/libg.a(lib_a-svfiprintf.o)
 .ARM.attributes
                0x00000e22       0x32 /usr/local/yagarto-4.6.2/bin/../lib/gcc/arm-none-eabi/4.6.2/../../../../arm-none-eabi/lib/libg.a(lib_a-wbuf.o)
 .ARM.attributes
                0x00000e54       0x32 /usr/local/yagarto-4.6.2/bin/../lib/gcc/arm-none-eabi/4.6.2/../../../../arm-none-eabi/lib/libg.a(lib_a-wcrtomb.o)
 .ARM.attributes
                0x00000e86       0x32 /usr/local/yagarto-4.6.2/bin/../lib/gcc/arm-none-eabi/4.6.2/../../../../arm-none-eabi/lib/libg.a(lib_a-wctomb_r.o)
 .ARM.attributes
                0x00000eb8       0x1a /usr/local/yagarto-4.6.2/bin/../lib/gcc/arm-none-eabi/4.6.2/libgcc.a(_udivsi3.o)
 .ARM.attributes
                0x00000ed2       0x18 /usr/local/yagarto-4.6.2/bin/../lib/gcc/arm-none-eabi/4.6.2/libgcc.a(_dvmd_tls.o)
 .ARM.attributes
                0x00000eea       0x1a /usr/local/yagarto-4.6.2/bin/../lib/gcc/arm-none-eabi/4.6.2/libgcc.a(_arm_addsubdf3.o)
 .ARM.attributes
                0x00000f04       0x1a /usr/local/yagarto-4.6.2/bin/../lib/gcc/arm-none-eabi/4.6.2/libgcc.a(_arm_muldivdf3.o)
 .ARM.attributes
                0x00000f1e       0x1a /usr/local/yagarto-4.6.2/bin/../lib/gcc/arm-none-eabi/4.6.2/libgcc.a(_arm_cmpdf2.o)
 .ARM.attributes
                0x00000f38       0x1a /usr/local/yagarto-4.6.2/bin/../lib/gcc/arm-none-eabi/4.6.2/libgcc.a(_arm_fixdfsi.o)
 .ARM.attributes
                0x00000f52       0x1a /usr/local/yagarto-4.6.2/bin/../lib/gcc/arm-none-eabi/4.6.2/libgcc.a(_arm_fixunsdfsi.o)
 .ARM.attributes
                0x00000f6c       0x1a /usr/local/yagarto-4.6.2/bin/../lib/gcc/arm-none-eabi/4.6.2/libgcc.a(_arm_truncdfsf2.o)
 .ARM.attributes
                0x00000f86       0x32 /usr/local/yagarto-4.6.2/bin/../lib/gcc/arm-none-eabi/4.6.2/crtend.o
 .ARM.attributes
                0x00000fb8       0x1a /usr/local/yagarto-4.6.2/bin/../lib/gcc/arm-none-eabi/4.6.2/crtn.o

.comment        0x00000000       0x11
 .comment       0x00000000       0x11 /usr/local/yagarto-4.6.2/bin/../lib/gcc/arm-none-eabi/4.6.2/crtbegin.o
                                 0x12 (size before relaxing)
 .comment       0x00000000       0x12 /var/folders/7u/7uIO55joFSqde8Z+DePT-U+++TI/-Tmp-//ccIASabt.o
 .comment       0x00000000       0x12 /var/folders/7u/7uIO55joFSqde8Z+DePT-U+++TI/-Tmp-//ccTXx834.o
 .comment       0x00000000       0x12 /usr/local/yagarto-4.6.2/bin/../lib/gcc/arm-none-eabi/4.6.2/../../../../arm-none-eabi/lib/libg.a(lib_a-atexit.o)
 .comment       0x00000000       0x12 /usr/local/yagarto-4.6.2/bin/../lib/gcc/arm-none-eabi/4.6.2/../../../../arm-none-eabi/lib/libg.a(lib_a-exit.o)
 .comment       0x00000000       0x12 /usr/local/yagarto-4.6.2/bin/../lib/gcc/arm-none-eabi/4.6.2/../../../../arm-none-eabi/lib/libg.a(lib_a-fini.o)
 .comment       0x00000000       0x12 /usr/local/yagarto-4.6.2/bin/../lib/gcc/arm-none-eabi/4.6.2/../../../../arm-none-eabi/lib/libg.a(lib_a-fopen.o)
 .comment       0x00000000       0x12 /usr/local/yagarto-4.6.2/bin/../lib/gcc/arm-none-eabi/4.6.2/../../../../arm-none-eabi/lib/libg.a(lib_a-fscanf.o)
 .comment       0x00000000       0x12 /usr/local/yagarto-4.6.2/bin/../lib/gcc/arm-none-eabi/4.6.2/../../../../arm-none-eabi/lib/libg.a(lib_a-fseek.o)
 .comment       0x00000000       0x12 /usr/local/yagarto-4.6.2/bin/../lib/gcc/arm-none-eabi/4.6.2/../../../../arm-none-eabi/lib/libg.a(lib_a-fstatr.o)
 .comment       0x00000000       0x12 /usr/local/yagarto-4.6.2/bin/../lib/gcc/arm-none-eabi/4.6.2/../../../../arm-none-eabi/lib/libg.a(lib_a-impure.o)
 .comment       0x00000000       0x12 /usr/local/yagarto-4.6.2/bin/../lib/gcc/arm-none-eabi/4.6.2/../../../../arm-none-eabi/lib/libg.a(lib_a-init.o)
 .comment       0x00000000       0x12 /usr/local/yagarto-4.6.2/bin/../lib/gcc/arm-none-eabi/4.6.2/../../../../arm-none-eabi/lib/libg.a(lib_a-makebuf.o)
 .comment       0x00000000       0x12 /usr/local/yagarto-4.6.2/bin/../lib/gcc/arm-none-eabi/4.6.2/../../../../arm-none-eabi/lib/libg.a(lib_a-mallocr.o)
 .comment       0x00000000       0x12 /usr/local/yagarto-4.6.2/bin/../lib/gcc/arm-none-eabi/4.6.2/../../../../arm-none-eabi/lib/libg.a(lib_a-memset.o)
 .comment       0x00000000       0x12 /usr/local/yagarto-4.6.2/bin/../lib/gcc/arm-none-eabi/4.6.2/../../../../arm-none-eabi/lib/libg.a(lib_a-mlock.o)
 .comment       0x00000000       0x12 /usr/local/yagarto-4.6.2/bin/../lib/gcc/arm-none-eabi/4.6.2/../../../../arm-none-eabi/lib/libg.a(lib_a-openr.o)
 .comment       0x00000000       0x12 /usr/local/yagarto-4.6.2/bin/../lib/gcc/arm-none-eabi/4.6.2/../../../../arm-none-eabi/lib/libg.a(lib_a-printf.o)
 .comment       0x00000000       0x12 /usr/local/yagarto-4.6.2/bin/../lib/gcc/arm-none-eabi/4.6.2/../../../../arm-none-eabi/lib/libg.a(lib_a-puts.o)
 .comment       0x00000000       0x12 /usr/local/yagarto-4.6.2/bin/../lib/gcc/arm-none-eabi/4.6.2/../../../../arm-none-eabi/lib/libg.a(lib_a-qsort.o)
 .comment       0x00000000       0x12 /usr/local/yagarto-4.6.2/bin/../lib/gcc/arm-none-eabi/4.6.2/../../../../arm-none-eabi/lib/libg.a(lib_a-reent.o)
 .comment       0x00000000       0x12 /usr/local/yagarto-4.6.2/bin/../lib/gcc/arm-none-eabi/4.6.2/../../../../arm-none-eabi/lib/libg.a(lib_a-refill.o)
 .comment       0x00000000       0x12 /usr/local/yagarto-4.6.2/bin/../lib/gcc/arm-none-eabi/4.6.2/../../../../arm-none-eabi/lib/libg.a(lib_a-sbrkr.o)
 .comment       0x00000000       0x12 /usr/local/yagarto-4.6.2/bin/../lib/gcc/arm-none-eabi/4.6.2/../../../../arm-none-eabi/lib/libg.a(lib_a-stdio.o)
 .comment       0x00000000       0x12 /usr/local/yagarto-4.6.2/bin/../lib/gcc/arm-none-eabi/4.6.2/../../../../arm-none-eabi/lib/libg.a(lib_a-strcmp.o)
 .comment       0x00000000       0x12 /usr/local/yagarto-4.6.2/bin/../lib/gcc/arm-none-eabi/4.6.2/../../../../arm-none-eabi/lib/libg.a(lib_a-strlen.o)
 .comment       0x00000000       0x12 /usr/local/yagarto-4.6.2/bin/../lib/gcc/arm-none-eabi/4.6.2/../../../../arm-none-eabi/lib/libg.a(lib_a-vfprintf.o)
 .comment       0x00000000       0x12 /usr/local/yagarto-4.6.2/bin/../lib/gcc/arm-none-eabi/4.6.2/../../../../arm-none-eabi/lib/libg.a(lib_a-vfscanf.o)
 .comment       0x00000000       0x12 /usr/local/yagarto-4.6.2/bin/../lib/gcc/arm-none-eabi/4.6.2/../../../../arm-none-eabi/lib/libg.a(lib_a-writer.o)
 .comment       0x00000000       0x12 /usr/local/yagarto-4.6.2/bin/../lib/gcc/arm-none-eabi/4.6.2/../../../../arm-none-eabi/lib/libg.a(lib_a-wsetup.o)
 .comment       0x00000000       0x12 /usr/local/yagarto-4.6.2/bin/../lib/gcc/arm-none-eabi/4.6.2/../../../../arm-none-eabi/lib/libg.a(lib_a-__atexit.o)
 .comment       0x00000000       0x12 /usr/local/yagarto-4.6.2/bin/../lib/gcc/arm-none-eabi/4.6.2/../../../../arm-none-eabi/lib/libg.a(lib_a-__call_atexit.o)
 .comment       0x00000000       0x12 /usr/local/yagarto-4.6.2/bin/../lib/gcc/arm-none-eabi/4.6.2/../../../../arm-none-eabi/lib/libg.a(lib_a-closer.o)
 .comment       0x00000000       0x12 /usr/local/yagarto-4.6.2/bin/../lib/gcc/arm-none-eabi/4.6.2/../../../../arm-none-eabi/lib/libg.a(lib_a-ctype_.o)
 .comment       0x00000000       0x12 /usr/local/yagarto-4.6.2/bin/../lib/gcc/arm-none-eabi/4.6.2/../../../../arm-none-eabi/lib/libg.a(lib_a-dtoa.o)
 .comment       0x00000000       0x12 /usr/local/yagarto-4.6.2/bin/../lib/gcc/arm-none-eabi/4.6.2/../../../../arm-none-eabi/lib/libg.a(lib_a-fflush.o)
 .comment       0x00000000       0x12 /usr/local/yagarto-4.6.2/bin/../lib/gcc/arm-none-eabi/4.6.2/../../../../arm-none-eabi/lib/libg.a(lib_a-findfp.o)
 .comment       0x00000000       0x12 /usr/local/yagarto-4.6.2/bin/../lib/gcc/arm-none-eabi/4.6.2/../../../../arm-none-eabi/lib/libg.a(lib_a-flags.o)
 .comment       0x00000000       0x12 /usr/local/yagarto-4.6.2/bin/../lib/gcc/arm-none-eabi/4.6.2/../../../../arm-none-eabi/lib/libg.a(lib_a-fread.o)
 .comment       0x00000000       0x12 /usr/local/yagarto-4.6.2/bin/../lib/gcc/arm-none-eabi/4.6.2/../../../../arm-none-eabi/lib/libg.a(lib_a-freer.o)
 .comment       0x00000000       0x12 /usr/local/yagarto-4.6.2/bin/../lib/gcc/arm-none-eabi/4.6.2/../../../../arm-none-eabi/lib/libg.a(lib_a-fvwrite.o)
 .comment       0x00000000       0x12 /usr/local/yagarto-4.6.2/bin/../lib/gcc/arm-none-eabi/4.6.2/../../../../arm-none-eabi/lib/libg.a(lib_a-fwalk.o)
 .comment       0x00000000       0x12 /usr/local/yagarto-4.6.2/bin/../lib/gcc/arm-none-eabi/4.6.2/../../../../arm-none-eabi/lib/libg.a(lib_a-isattyr.o)
 .comment       0x00000000       0x12 /usr/local/yagarto-4.6.2/bin/../lib/gcc/arm-none-eabi/4.6.2/../../../../arm-none-eabi/lib/libg.a(lib_a-iswspace.o)
 .comment       0x00000000       0x12 /usr/local/yagarto-4.6.2/bin/../lib/gcc/arm-none-eabi/4.6.2/../../../../arm-none-eabi/lib/libg.a(lib_a-locale.o)
 .comment       0x00000000       0x12 /usr/local/yagarto-4.6.2/bin/../lib/gcc/arm-none-eabi/4.6.2/../../../../arm-none-eabi/lib/libg.a(lib_a-lseekr.o)
 .comment       0x00000000       0x12 /usr/local/yagarto-4.6.2/bin/../lib/gcc/arm-none-eabi/4.6.2/../../../../arm-none-eabi/lib/libg.a(lib_a-mbrtowc.o)
 .comment       0x00000000       0x12 /usr/local/yagarto-4.6.2/bin/../lib/gcc/arm-none-eabi/4.6.2/../../../../arm-none-eabi/lib/libg.a(lib_a-mbtowc_r.o)
 .comment       0x00000000       0x12 /usr/local/yagarto-4.6.2/bin/../lib/gcc/arm-none-eabi/4.6.2/../../../../arm-none-eabi/lib/libg.a(lib_a-memchr.o)
 .comment       0x00000000       0x12 /usr/local/yagarto-4.6.2/bin/../lib/gcc/arm-none-eabi/4.6.2/../../../../arm-none-eabi/lib/libg.a(lib_a-memcpy.o)
 .comment       0x00000000       0x12 /usr/local/yagarto-4.6.2/bin/../lib/gcc/arm-none-eabi/4.6.2/../../../../arm-none-eabi/lib/libg.a(lib_a-memmove.o)
 .comment       0x00000000       0x12 /usr/local/yagarto-4.6.2/bin/../lib/gcc/arm-none-eabi/4.6.2/../../../../arm-none-eabi/lib/libg.a(lib_a-mprec.o)
 .comment       0x00000000       0x12 /usr/local/yagarto-4.6.2/bin/../lib/gcc/arm-none-eabi/4.6.2/../../../../arm-none-eabi/lib/libg.a(lib_a-readr.o)
 .comment       0x00000000       0x12 /usr/local/yagarto-4.6.2/bin/../lib/gcc/arm-none-eabi/4.6.2/../../../../arm-none-eabi/lib/libg.a(lib_a-reallocr.o)
 .comment       0x00000000       0x12 /usr/local/yagarto-4.6.2/bin/../lib/gcc/arm-none-eabi/4.6.2/../../../../arm-none-eabi/lib/libg.a(lib_a-s_fpclassify.o)
 .comment       0x00000000       0x12 /usr/local/yagarto-4.6.2/bin/../lib/gcc/arm-none-eabi/4.6.2/../../../../arm-none-eabi/lib/libg.a(lib_a-sccl.o)
 .comment       0x00000000       0x12 /usr/local/yagarto-4.6.2/bin/../lib/gcc/arm-none-eabi/4.6.2/../../../../arm-none-eabi/lib/libg.a(lib_a-sf_nan.o)
 .comment       0x00000000       0x12 /usr/local/yagarto-4.6.2/bin/../lib/gcc/arm-none-eabi/4.6.2/../../../../arm-none-eabi/lib/libg.a(lib_a-sprintf.o)
 .comment       0x00000000       0x12 /usr/local/yagarto-4.6.2/bin/../lib/gcc/arm-none-eabi/4.6.2/../../../../arm-none-eabi/lib/libg.a(lib_a-strtod.o)
 .comment       0x00000000       0x12 /usr/local/yagarto-4.6.2/bin/../lib/gcc/arm-none-eabi/4.6.2/../../../../arm-none-eabi/lib/libg.a(lib_a-strtol.o)
 .comment       0x00000000       0x12 /usr/local/yagarto-4.6.2/bin/../lib/gcc/arm-none-eabi/4.6.2/../../../../arm-none-eabi/lib/libg.a(lib_a-strtoul.o)
 .comment       0x00000000       0x12 /usr/local/yagarto-4.6.2/bin/../lib/gcc/arm-none-eabi/4.6.2/../../../../arm-none-eabi/lib/libg.a(lib_a-svfprintf.o)
 .comment       0x00000000       0x12 /usr/local/yagarto-4.6.2/bin/../lib/gcc/arm-none-eabi/4.6.2/../../../../arm-none-eabi/lib/libg.a(lib_a-ungetc.o)
 .comment       0x00000000       0x12 /usr/local/yagarto-4.6.2/bin/../lib/gcc/arm-none-eabi/4.6.2/../../../../arm-none-eabi/lib/libg.a(lib_a-vfiprintf.o)
 .comment       0x00000000       0x12 /usr/local/yagarto-4.6.2/bin/../lib/gcc/arm-none-eabi/4.6.2/../../../../arm-none-eabi/lib/libg.a(lib_a-callocr.o)
 .comment       0x00000000       0x12 /usr/local/yagarto-4.6.2/bin/../lib/gcc/arm-none-eabi/4.6.2/../../../../arm-none-eabi/lib/libg.a(lib_a-fclose.o)
 .comment       0x00000000       0x12 /usr/local/yagarto-4.6.2/bin/../lib/gcc/arm-none-eabi/4.6.2/../../../../arm-none-eabi/lib/libg.a(lib_a-fputwc.o)
 .comment       0x00000000       0x12 /usr/local/yagarto-4.6.2/bin/../lib/gcc/arm-none-eabi/4.6.2/../../../../arm-none-eabi/lib/libg.a(lib_a-gdtoa-gethex.o)
 .comment       0x00000000       0x12 /usr/local/yagarto-4.6.2/bin/../lib/gcc/arm-none-eabi/4.6.2/../../../../arm-none-eabi/lib/libg.a(lib_a-gdtoa-hexnan.o)
 .comment       0x00000000       0x12 /usr/local/yagarto-4.6.2/bin/../lib/gcc/arm-none-eabi/4.6.2/../../../../arm-none-eabi/lib/libg.a(lib_a-strncmp.o)
 .comment       0x00000000       0x12 /usr/local/yagarto-4.6.2/bin/../lib/gcc/arm-none-eabi/4.6.2/../../../../arm-none-eabi/lib/libg.a(lib_a-svfiprintf.o)
 .comment       0x00000000       0x12 /usr/local/yagarto-4.6.2/bin/../lib/gcc/arm-none-eabi/4.6.2/../../../../arm-none-eabi/lib/libg.a(lib_a-wbuf.o)
 .comment       0x00000000       0x12 /usr/local/yagarto-4.6.2/bin/../lib/gcc/arm-none-eabi/4.6.2/../../../../arm-none-eabi/lib/libg.a(lib_a-wcrtomb.o)
 .comment       0x00000000       0x12 /usr/local/yagarto-4.6.2/bin/../lib/gcc/arm-none-eabi/4.6.2/../../../../arm-none-eabi/lib/libg.a(lib_a-wctomb_r.o)
 .comment       0x00000000       0x12 /usr/local/yagarto-4.6.2/bin/../lib/gcc/arm-none-eabi/4.6.2/crtend.o

.debug_line     0x00000000     0xac4d
 .debug_line    0x00000000       0x68 /usr/local/yagarto-4.6.2/bin/../lib/gcc/arm-none-eabi/4.6.2/crti.o
 .debug_line    0x00000068       0x9e /usr/local/yagarto-4.6.2/bin/../lib/gcc/arm-none-eabi/4.6.2/../../../../arm-none-eabi/lib/crt0.o
 .debug_line    0x00000106      0x1d8 /var/folders/7u/7uIO55joFSqde8Z+DePT-U+++TI/-Tmp-//ccIASabt.o
 .debug_line    0x000002de      0x107 /var/folders/7u/7uIO55joFSqde8Z+DePT-U+++TI/-Tmp-//ccTXx834.o
 .debug_line    0x000003e5       0xc7 /usr/local/yagarto-4.6.2/bin/../lib/gcc/arm-none-eabi/4.6.2/../../../../arm-none-eabi/lib/libg.a(lib_a-atexit.o)
 .debug_line    0x000004ac      0x17c /usr/local/yagarto-4.6.2/bin/../lib/gcc/arm-none-eabi/4.6.2/../../../../arm-none-eabi/lib/libg.a(lib_a-exit.o)
 .debug_line    0x00000628       0xce /usr/local/yagarto-4.6.2/bin/../lib/gcc/arm-none-eabi/4.6.2/../../../../arm-none-eabi/lib/libg.a(lib_a-fini.o)
 .debug_line    0x000006f6      0x1a4 /usr/local/yagarto-4.6.2/bin/../lib/gcc/arm-none-eabi/4.6.2/../../../../arm-none-eabi/lib/libg.a(lib_a-fopen.o)
 .debug_line    0x0000089a      0x1a6 /usr/local/yagarto-4.6.2/bin/../lib/gcc/arm-none-eabi/4.6.2/../../../../arm-none-eabi/lib/libg.a(lib_a-fscanf.o)
 .debug_line    0x00000a40      0x2d1 /usr/local/yagarto-4.6.2/bin/../lib/gcc/arm-none-eabi/4.6.2/../../../../arm-none-eabi/lib/libg.a(lib_a-fseek.o)
 .debug_line    0x00000d11      0x19d /usr/local/yagarto-4.6.2/bin/../lib/gcc/arm-none-eabi/4.6.2/../../../../arm-none-eabi/lib/libg.a(lib_a-fstatr.o)
 .debug_line    0x00000eae      0x119 /usr/local/yagarto-4.6.2/bin/../lib/gcc/arm-none-eabi/4.6.2/../../../../arm-none-eabi/lib/libg.a(lib_a-impure.o)
 .debug_line    0x00000fc7       0xeb /usr/local/yagarto-4.6.2/bin/../lib/gcc/arm-none-eabi/4.6.2/../../../../arm-none-eabi/lib/libg.a(lib_a-init.o)
 .debug_line    0x000010b2      0x1ef /usr/local/yagarto-4.6.2/bin/../lib/gcc/arm-none-eabi/4.6.2/../../../../arm-none-eabi/lib/libg.a(lib_a-makebuf.o)
 .debug_line    0x000012a1      0x2da /usr/local/yagarto-4.6.2/bin/../lib/gcc/arm-none-eabi/4.6.2/../../../../arm-none-eabi/lib/libg.a(lib_a-mallocr.o)
 .debug_line    0x0000157b      0x189 /usr/local/yagarto-4.6.2/bin/../lib/gcc/arm-none-eabi/4.6.2/../../../../arm-none-eabi/lib/libg.a(lib_a-memset.o)
 .debug_line    0x00001704      0x12b /usr/local/yagarto-4.6.2/bin/../lib/gcc/arm-none-eabi/4.6.2/../../../../arm-none-eabi/lib/libg.a(lib_a-mlock.o)
 .debug_line    0x0000182f      0x187 /usr/local/yagarto-4.6.2/bin/../lib/gcc/arm-none-eabi/4.6.2/../../../../arm-none-eabi/lib/libg.a(lib_a-openr.o)
 .debug_line    0x000019b6      0x19e /usr/local/yagarto-4.6.2/bin/../lib/gcc/arm-none-eabi/4.6.2/../../../../arm-none-eabi/lib/libg.a(lib_a-printf.o)
 .debug_line    0x00001b54      0x1a8 /usr/local/yagarto-4.6.2/bin/../lib/gcc/arm-none-eabi/4.6.2/../../../../arm-none-eabi/lib/libg.a(lib_a-puts.o)
 .debug_line    0x00001cfc      0x34c /usr/local/yagarto-4.6.2/bin/../lib/gcc/arm-none-eabi/4.6.2/../../../../arm-none-eabi/lib/libg.a(lib_a-qsort.o)
 .debug_line    0x00002048      0x171 /usr/local/yagarto-4.6.2/bin/../lib/gcc/arm-none-eabi/4.6.2/../../../../arm-none-eabi/lib/libg.a(lib_a-reent.o)
 .debug_line    0x000021b9      0x1f9 /usr/local/yagarto-4.6.2/bin/../lib/gcc/arm-none-eabi/4.6.2/../../../../arm-none-eabi/lib/libg.a(lib_a-refill.o)
 .debug_line    0x000023b2      0x185 /usr/local/yagarto-4.6.2/bin/../lib/gcc/arm-none-eabi/4.6.2/../../../../arm-none-eabi/lib/libg.a(lib_a-sbrkr.o)
 .debug_line    0x00002537      0x1a0 /usr/local/yagarto-4.6.2/bin/../lib/gcc/arm-none-eabi/4.6.2/../../../../arm-none-eabi/lib/libg.a(lib_a-stdio.o)
 .debug_line    0x000026d7       0xcc /usr/local/yagarto-4.6.2/bin/../lib/gcc/arm-none-eabi/4.6.2/../../../../arm-none-eabi/lib/libg.a(lib_a-strcmp.o)
 .debug_line    0x000027a3      0x11a /usr/local/yagarto-4.6.2/bin/../lib/gcc/arm-none-eabi/4.6.2/../../../../arm-none-eabi/lib/libg.a(lib_a-strlen.o)
 .debug_line    0x000028bd      0x9fa /usr/local/yagarto-4.6.2/bin/../lib/gcc/arm-none-eabi/4.6.2/../../../../arm-none-eabi/lib/libg.a(lib_a-vfprintf.o)
 .debug_line    0x000032b7      0x605 /usr/local/yagarto-4.6.2/bin/../lib/gcc/arm-none-eabi/4.6.2/../../../../arm-none-eabi/lib/libg.a(lib_a-vfscanf.o)
 .debug_line    0x000038bc      0x188 /usr/local/yagarto-4.6.2/bin/../lib/gcc/arm-none-eabi/4.6.2/../../../../arm-none-eabi/lib/libg.a(lib_a-writer.o)
 .debug_line    0x00003a44      0x1be /usr/local/yagarto-4.6.2/bin/../lib/gcc/arm-none-eabi/4.6.2/../../../../arm-none-eabi/lib/libg.a(lib_a-wsetup.o)
 .debug_line    0x00003c02      0x16e /usr/local/yagarto-4.6.2/bin/../lib/gcc/arm-none-eabi/4.6.2/../../../../arm-none-eabi/lib/libg.a(lib_a-__atexit.o)
 .debug_line    0x00003d70      0x1a0 /usr/local/yagarto-4.6.2/bin/../lib/gcc/arm-none-eabi/4.6.2/../../../../arm-none-eabi/lib/libg.a(lib_a-__call_atexit.o)
 .debug_line    0x00003f10      0x188 /usr/local/yagarto-4.6.2/bin/../lib/gcc/arm-none-eabi/4.6.2/../../../../arm-none-eabi/lib/libg.a(lib_a-closer.o)
 .debug_line    0x00004098       0x6b /usr/local/yagarto-4.6.2/bin/../lib/gcc/arm-none-eabi/4.6.2/../../../../arm-none-eabi/lib/libg.a(lib_a-ctype_.o)
 .debug_line    0x00004103      0x770 /usr/local/yagarto-4.6.2/bin/../lib/gcc/arm-none-eabi/4.6.2/../../../../arm-none-eabi/lib/libg.a(lib_a-dtoa.o)
 .debug_line    0x00004873      0x226 /usr/local/yagarto-4.6.2/bin/../lib/gcc/arm-none-eabi/4.6.2/../../../../arm-none-eabi/lib/libg.a(lib_a-fflush.o)
 .debug_line    0x00004a99      0x245 /usr/local/yagarto-4.6.2/bin/../lib/gcc/arm-none-eabi/4.6.2/../../../../arm-none-eabi/lib/libg.a(lib_a-findfp.o)
 .debug_line    0x00004cde      0x165 /usr/local/yagarto-4.6.2/bin/../lib/gcc/arm-none-eabi/4.6.2/../../../../arm-none-eabi/lib/libg.a(lib_a-flags.o)
 .debug_line    0x00004e43      0x209 /usr/local/yagarto-4.6.2/bin/../lib/gcc/arm-none-eabi/4.6.2/../../../../arm-none-eabi/lib/libg.a(lib_a-fread.o)
 .debug_line    0x0000504c      0x1f1 /usr/local/yagarto-4.6.2/bin/../lib/gcc/arm-none-eabi/4.6.2/../../../../arm-none-eabi/lib/libg.a(lib_a-freer.o)
 .debug_line    0x0000523d      0x28b /usr/local/yagarto-4.6.2/bin/../lib/gcc/arm-none-eabi/4.6.2/../../../../arm-none-eabi/lib/libg.a(lib_a-fvwrite.o)
 .debug_line    0x000054c8      0x1a1 /usr/local/yagarto-4.6.2/bin/../lib/gcc/arm-none-eabi/4.6.2/../../../../arm-none-eabi/lib/libg.a(lib_a-fwalk.o)
 .debug_line    0x00005669      0x189 /usr/local/yagarto-4.6.2/bin/../lib/gcc/arm-none-eabi/4.6.2/../../../../arm-none-eabi/lib/libg.a(lib_a-isattyr.o)
 .debug_line    0x000057f2      0x121 /usr/local/yagarto-4.6.2/bin/../lib/gcc/arm-none-eabi/4.6.2/../../../../arm-none-eabi/lib/libg.a(lib_a-iswspace.o)
 .debug_line    0x00005913      0x1b1 /usr/local/yagarto-4.6.2/bin/../lib/gcc/arm-none-eabi/4.6.2/../../../../arm-none-eabi/lib/libg.a(lib_a-locale.o)
 .debug_line    0x00005ac4      0x188 /usr/local/yagarto-4.6.2/bin/../lib/gcc/arm-none-eabi/4.6.2/../../../../arm-none-eabi/lib/libg.a(lib_a-lseekr.o)
 .debug_line    0x00005c4c      0x1bb /usr/local/yagarto-4.6.2/bin/../lib/gcc/arm-none-eabi/4.6.2/../../../../arm-none-eabi/lib/libg.a(lib_a-mbrtowc.o)
 .debug_line    0x00005e07      0x1ab /usr/local/yagarto-4.6.2/bin/../lib/gcc/arm-none-eabi/4.6.2/../../../../arm-none-eabi/lib/libg.a(lib_a-mbtowc_r.o)
 .debug_line    0x00005fb2      0x162 /usr/local/yagarto-4.6.2/bin/../lib/gcc/arm-none-eabi/4.6.2/../../../../arm-none-eabi/lib/libg.a(lib_a-memchr.o)
 .debug_line    0x00006114      0x178 /usr/local/yagarto-4.6.2/bin/../lib/gcc/arm-none-eabi/4.6.2/../../../../arm-none-eabi/lib/libg.a(lib_a-memcpy.o)
 .debug_line    0x0000628c      0x198 /usr/local/yagarto-4.6.2/bin/../lib/gcc/arm-none-eabi/4.6.2/../../../../arm-none-eabi/lib/libg.a(lib_a-memmove.o)
 .debug_line    0x00006424      0x5b6 /usr/local/yagarto-4.6.2/bin/../lib/gcc/arm-none-eabi/4.6.2/../../../../arm-none-eabi/lib/libg.a(lib_a-mprec.o)
 .debug_line    0x000069da      0x187 /usr/local/yagarto-4.6.2/bin/../lib/gcc/arm-none-eabi/4.6.2/../../../../arm-none-eabi/lib/libg.a(lib_a-readr.o)
 .debug_line    0x00006b61      0x268 /usr/local/yagarto-4.6.2/bin/../lib/gcc/arm-none-eabi/4.6.2/../../../../arm-none-eabi/lib/libg.a(lib_a-reallocr.o)
 .debug_line    0x00006dc9      0x13c /usr/local/yagarto-4.6.2/bin/../lib/gcc/arm-none-eabi/4.6.2/../../../../arm-none-eabi/lib/libg.a(lib_a-s_fpclassify.o)
 .debug_line    0x00006f05       0xfa /usr/local/yagarto-4.6.2/bin/../lib/gcc/arm-none-eabi/4.6.2/../../../../arm-none-eabi/lib/libg.a(lib_a-sccl.o)
 .debug_line    0x00006fff       0xb4 /usr/local/yagarto-4.6.2/bin/../lib/gcc/arm-none-eabi/4.6.2/../../../../arm-none-eabi/lib/libg.a(lib_a-sf_nan.o)
 .debug_line    0x000070b3      0x1ce /usr/local/yagarto-4.6.2/bin/../lib/gcc/arm-none-eabi/4.6.2/../../../../arm-none-eabi/lib/libg.a(lib_a-sprintf.o)
 .debug_line    0x00007281      0x687 /usr/local/yagarto-4.6.2/bin/../lib/gcc/arm-none-eabi/4.6.2/../../../../arm-none-eabi/lib/libg.a(lib_a-strtod.o)
 .debug_line    0x00007908      0x214 /usr/local/yagarto-4.6.2/bin/../lib/gcc/arm-none-eabi/4.6.2/../../../../arm-none-eabi/lib/libg.a(lib_a-strtol.o)
 .debug_line    0x00007b1c      0x20f /usr/local/yagarto-4.6.2/bin/../lib/gcc/arm-none-eabi/4.6.2/../../../../arm-none-eabi/lib/libg.a(lib_a-strtoul.o)
 .debug_line    0x00007d2b      0x950 /usr/local/yagarto-4.6.2/bin/../lib/gcc/arm-none-eabi/4.6.2/../../../../arm-none-eabi/lib/libg.a(lib_a-svfprintf.o)
 .debug_line    0x0000867b      0x1fb /usr/local/yagarto-4.6.2/bin/../lib/gcc/arm-none-eabi/4.6.2/../../../../arm-none-eabi/lib/libg.a(lib_a-ungetc.o)
 .debug_line    0x00008876      0x67f /usr/local/yagarto-4.6.2/bin/../lib/gcc/arm-none-eabi/4.6.2/../../../../arm-none-eabi/lib/libg.a(lib_a-vfiprintf.o)
 .debug_line    0x00008ef5      0x151 /usr/local/yagarto-4.6.2/bin/../lib/gcc/arm-none-eabi/4.6.2/../../../../arm-none-eabi/lib/libg.a(lib_a-callocr.o)
 .debug_line    0x00009046      0x1c2 /usr/local/yagarto-4.6.2/bin/../lib/gcc/arm-none-eabi/4.6.2/../../../../arm-none-eabi/lib/libg.a(lib_a-fclose.o)
 .debug_line    0x00009208      0x1c0 /usr/local/yagarto-4.6.2/bin/../lib/gcc/arm-none-eabi/4.6.2/../../../../arm-none-eabi/lib/libg.a(lib_a-fputwc.o)
 .debug_line    0x000093c8      0x3be /usr/local/yagarto-4.6.2/bin/../lib/gcc/arm-none-eabi/4.6.2/../../../../arm-none-eabi/lib/libg.a(lib_a-gdtoa-gethex.o)
 .debug_line    0x00009786      0x167 /usr/local/yagarto-4.6.2/bin/../lib/gcc/arm-none-eabi/4.6.2/../../../../arm-none-eabi/lib/libg.a(lib_a-gdtoa-hexnan.o)
 .debug_line    0x000098ed      0x17e /usr/local/yagarto-4.6.2/bin/../lib/gcc/arm-none-eabi/4.6.2/../../../../arm-none-eabi/lib/libg.a(lib_a-strncmp.o)